Component: ARM Compiler 5.06 update 1 (build 61) Tool: armlink [4d35a8]

==============================================================================

Section Cross References

    fsmc_sram.o(.text) refers to stm32f10x_fsmc.o(.text) for FSMC_NORSRAMInit
    main.o(.text) refers to config_hard.o(.text) for DelayMs
    main.o(.text) refers to lcd1602.o(.text) for BEEP_BIBI
    main.o(.text) refers to ra8876.o(.text) for Color_Bar_OFF
    main.o(.text) refers to delay.o(.text) for delay_ms
    main.o(.text) refers to stm32f10x_gpio.o(.text) for GPIO_EXTILineConfig
    main.o(.text) refers to stm32f10x_exti.o(.text) for EXTI_Init
    main.o(.text) refers to misc.o(.text) for NVIC_Init
    main.o(.text) refers to stm32f10x_rcc.o(.text) for RCC_APB2PeriphClockCmd
    main.o(.text) refers to main.o(.data) for HorA
    main.o(.text) refers to config_hard.o(.data) for PIC_SET_CACHE
    main.o(.text) refers to system_stm32f10x.o(.text) for SystemInit
    main.o(.text) refers to spi_flash.o(.text) for SPI_Peripheral_Init
    main.o(.text) refers to usart.o(.text) for USART_Configuration
    main.o(.text) refers to iic_current.o(.text) for T226_intion
    main.o(.text) refers to sdcard.o(.text) for SD_Init
    main.o(.text) refers to lcd.o(.text) for LCD_Set_DisplayWindow
    main.o(.text) refers to fat.o(.text) for FAT_Init
    main.o(.text) refers to disp2.o(.text) for Get_testpar
    main.o(.text) refers to printf1.o(i.__0printf$1) for __2printf
    main.o(.text) refers to fsmc_sram.o(.text) for FSMC_LCD_Init_H
    main.o(.text) refers to main.o(.bss) for SDCardInfo
    main.o(.text) refers to config_hard.o(.bss) for TIMING_SET
    main.o(.text) refers to gt9271.o(.text) for CTP_GT9271_TEST
    main.o(.text) refers to gt9271.o(.data) for RESULT_AUTO_CHECK_NUM
    main.o(.text) refers to stm32f10x_tim.o(.text) for TIM_DeInit
    main.o(.text) refers to disp2.o(.data) for image_count
    stm32f10x_it.o(.text) refers to main.o(.text) for EXTI13_IRQHandler
    stm32f10x_it.o(.text) refers to sdcard.o(.text) for SD_ProcessIRQSrc
    delay.o(.text) refers to delay.o(.data) for fac_us
    spi_flash.o(.text) refers to stm32f10x_rcc.o(.text) for RCC_APB2PeriphClockCmd
    spi_flash.o(.text) refers to stm32f10x_gpio.o(.text) for GPIO_Init
    spi_flash.o(.text) refers to stm32f10x_spi.o(.text) for SPI_Init
    spi_flash.o(.text) refers to delay.o(.text) for delay_ms
    spi_flash.o(.text) refers to stm32f10x_usart.o(.text) for USART_SendData
    spi_flash.o(.text) refers to spi_flash.o(.bss) for Flash_Data_Buff
    spi_flash.o(.text) refers to spi_flash.o(.data) for mem_buffer1
    usart.o(.text) refers to stm32f10x_gpio.o(.text) for GPIO_Init
    usart.o(.text) refers to stm32f10x_usart.o(.text) for USART_Init
    ra8876_demo.o(.text) refers to ra8876.o(.text) for Select_Main_Window_16bpp
    ra8876_demo.o(.text) refers to lcd.o(.text) for LCD_Clear
    ra8876_demo.o(.text) refers to delay.o(.text) for delay_seconds
    ra8876_demo.o(.text) refers to rand.o(.text) for rand
    ra8876_demo.o(.text) refers to printf1.o(i.__0printf$1) for __2printf
    ra8876_demo.o(.text) refers to ra8876_demo.o(.constdata) for gImage_pen_il
    ra8876_demo.o(.text) refers to ra8876_demo.o(.conststring) for .conststring
    ra8876_demo.o(.text) refers to main.o(.text) for SDPicShow
    config_hard.o(.text) refers to spi_flash.o(.text) for W25Qxx_Flash_WriteData
    config_hard.o(.text) refers to lcd1602.o(.text) for LCD1602_display_Line_A
    config_hard.o(.text) refers to delay.o(.text) for delay_ms
    config_hard.o(.text) refers to memcpya.o(.text) for __aeabi_memcpy
    config_hard.o(.text) refers to spi_flash.o(.bss) for mem_buffer
    config_hard.o(.text) refers to config_hard.o(.data) for LCM_TYPE
    config_hard.o(.text) refers to config_hard.o(.bss) for TIMING_SET
    config_hard.o(.text) refers to stm32f10x_rcc.o(.text) for RCC_APB2PeriphClockCmd
    config_hard.o(.text) refers to stm32f10x_gpio.o(.text) for GPIO_PinRemapConfig
    config_hard.o(.text) refers to stm32f10x_usart.o(.text) for USART_SendData
    config_hard.o(.text) refers to printfa.o(i.__0vsprintf) for __c89vsprintf
    lcd1602.o(.text) refers to stm32f10x_rcc.o(.text) for RCC_APB2PeriphClockCmd
    lcd1602.o(.text) refers to stm32f10x_gpio.o(.text) for GPIO_Init
    lcd1602.o(.text) refers to config_hard.o(.text) for DelayMs
    gt9271.o(.text) refers to delay.o(.text) for delay_us
    gt9271.o(.text) refers to stm32f10x_rcc.o(.text) for RCC_APB2PeriphClockCmd
    gt9271.o(.text) refers to stm32f10x_gpio.o(.text) for GPIO_PinRemapConfig
    gt9271.o(.text) refers to memcpya.o(.text) for __aeabi_memcpy4
    gt9271.o(.text) refers to gt9271.o(.bss) for pucData_A
    gt9271.o(.text) refers to gt9271.o(.constdata) for .constdata
    gt9271.o(.text) refers to config_hard.o(.text) for DelayMs
    gt9271.o(.text) refers to lcd1602.o(.text) for LCD1602_display_DATA
    gt9271.o(.text) refers to gt9271.o(.data) for TOUCH_TX
[...]
    TIM_OC2PreloadConfig                     0x080085c3   Thumb Code    26  stm32f10x_tim.o(.text)
    TIM_OC3PreloadConfig                     0x080085dd   Thumb Code    18  stm32f10x_tim.o(.text)
    TIM_OC4PreloadConfig                     0x080085ef   Thumb Code    26  stm32f10x_tim.o(.text)
    TIM_OC1FastConfig                        0x08008609   Thumb Code    18  stm32f10x_tim.o(.text)
    TIM_OC2FastConfig                        0x0800861b   Thumb Code    26  stm32f10x_tim.o(.text)
    TIM_OC3FastConfig                        0x08008635   Thumb Code    18  stm32f10x_tim.o(.text)
    TIM_OC4FastConfig                        0x08008647   Thumb Code    26  stm32f10x_tim.o(.text)
    TIM_ClearOC1Ref                          0x08008661   Thumb Code    18  stm32f10x_tim.o(.text)
    TIM_ClearOC2Ref                          0x08008673   Thumb Code    24  stm32f10x_tim.o(.text)
    TIM_ClearOC3Ref                          0x0800868b   Thumb Code    18  stm32f10x_tim.o(.text)
    TIM_ClearOC4Ref                          0x0800869d   Thumb Code    24  stm32f10x_tim.o(.text)
    TIM_OC1PolarityConfig                    0x080086b5   Thumb Code    18  stm32f10x_tim.o(.text)
    TIM_OC1NPolarityConfig                   0x080086c7   Thumb Code    18  stm32f10x_tim.o(.text)
    TIM_OC2PolarityConfig                    0x080086d9   Thumb Code    26  stm32f10x_tim.o(.text)
    TIM_OC2NPolarityConfig                   0x080086f3   Thumb Code    26  stm32f10x_tim.o(.text)
    TIM_OC3PolarityConfig                    0x0800870d   Thumb Code    26  stm32f10x_tim.o(.text)
    TIM_OC3NPolarityConfig                   0x08008727   Thumb Code    26  stm32f10x_tim.o(.text)
    TIM_OC4PolarityConfig                    0x08008741   Thumb Code    26  stm32f10x_tim.o(.text)
    TIM_CCxCmd                               0x0800875b   Thumb Code    26  stm32f10x_tim.o(.text)
    TIM_CCxNCmd                              0x08008775   Thumb Code    26  stm32f10x_tim.o(.text)
    TIM_SelectOCxM                           0x0800878f   Thumb Code   134  stm32f10x_tim.o(.text)
    TIM_UpdateDisableConfig                  0x08008815   Thumb Code    24  stm32f10x_tim.o(.text)
    TIM_UpdateRequestConfig                  0x0800882d   Thumb Code    24  stm32f10x_tim.o(.text)
    TIM_SelectHallSensor                     0x08008845   Thumb Code    24  stm32f10x_tim.o(.text)
    TIM_SelectOnePulseMode                   0x0800885d   Thumb Code    18  stm32f10x_tim.o(.text)
    TIM_SelectOutputTrigger                  0x0800886f   Thumb Code    18  stm32f10x_tim.o(.text)
    TIM_SelectSlaveMode                      0x08008881   Thumb Code    18  stm32f10x_tim.o(.text)
    TIM_SelectMasterSlaveMode                0x08008893   Thumb Code    18  stm32f10x_tim.o(.text)
    TIM_SetCounter                           0x080088a5   Thumb Code     4  stm32f10x_tim.o(.text)
    TIM_SetAutoreload                        0x080088a9   Thumb Code     4  stm32f10x_tim.o(.text)
    TIM_SetCompare1                          0x080088ad   Thumb Code     4  stm32f10x_tim.o(.text)
    TIM_SetCompare2                          0x080088b1   Thumb Code     4  stm32f10x_tim.o(.text)
    TIM_SetCompare3                          0x080088b5   Thumb Code     4  stm32f10x_tim.o(.text)
    TIM_SetCompare4                          0x080088b9   Thumb Code     6  stm32f10x_tim.o(.text)
    TIM_SetClockDivision                     0x080088bf   Thumb Code    14  stm32f10x_tim.o(.text)
    TIM_GetCapture1                          0x080088cd   Thumb Code     6  stm32f10x_tim.o(.text)
    TIM_GetCapture2                          0x080088d3   Thumb Code     6  stm32f10x_tim.o(.text)
    TIM_GetCapture3                          0x080088d9   Thumb Code     6  stm32f10x_tim.o(.text)
    TIM_GetCapture4                          0x080088df   Thumb Code     8  stm32f10x_tim.o(.text)
    TIM_GetCounter                           0x080088e7   Thumb Code     6  stm32f10x_tim.o(.text)
    TIM_GetPrescaler                         0x080088ed   Thumb Code     6  stm32f10x_tim.o(.text)
    TIM_GetFlagStatus                        0x080088f3   Thumb Code    18  stm32f10x_tim.o(.text)
    TIM_ClearFlag                            0x08008905   Thumb Code     6  stm32f10x_tim.o(.text)
    TIM_GetITStatus                          0x0800890b   Thumb Code    34  stm32f10x_tim.o(.text)
    TIM_ClearITPendingBit                    0x0800892d   Thumb Code     6  stm32f10x_tim.o(.text)
    SystemInit_ExtMemCtl                     0x08008935   Thumb Code     2  startup_stm32f10x_hd.o(.text)
    Reset_Handler                            0x08008937   Thumb Code    14  startup_stm32f10x_hd.o(.text)
    ADC1_2_IRQHandler                        0x08008957   Thumb Code     0  startup_stm32f10x_hd.o(.text)
    ADC3_IRQHandler                          0x08008957   Thumb Code     0  startup_stm32f10x_hd.o(.text)
    CAN1_RX1_IRQHandler                      0x08008957   Thumb Code     0  startup_stm32f10x_hd.o(.text)
    CAN1_SCE_IRQHandler                      0x08008957   Thumb Code     0  startup_stm32f10x_hd.o(.text)
    DMA1_Channel1_IRQHandler                 0x08008957   Thumb Code     0  startup_stm32f10x_hd.o(.text)
    DMA1_Channel2_IRQHandler                 0x08008957   Thumb Code     0  startup_stm32f10x_hd.o(.text)
    DMA1_Channel3_IRQHandler                 0x08008957   Thumb Code     0  startup_stm32f10x_hd.o(.text)
    DMA1_Channel4_IRQHandler                 0x08008957   Thumb Code     0  startup_stm32f10x_hd.o(.text)
    DMA1_Channel5_IRQHandler                 0x08008957   Thumb Code     0  startup_stm32f10x_hd.o(.text)
    DMA1_Channel6_IRQHandler                 0x08008957   Thumb Code     0  startup_stm32f10x_hd.o(.text)
    DMA1_Channel7_IRQHandler                 0x08008957   Thumb Code     0  startup_stm32f10x_hd.o(.text)
    DMA2_Channel1_IRQHandler                 0x08008957   Thumb Code     0  startup_stm32f10x_hd.o(.text)
    DMA2_Channel2_IRQHandler                 0x08008957   Thumb Code     0  startup_stm32f10x_hd.o(.text)
    DMA2_Channel3_IRQHandler                 0x08008957   Thumb Code     0  startup_stm32f10x_hd.o(.text)
    DMA2_Channel4_5_IRQHandler               0x08008957   Thumb Code     0  startup_stm32f10x_hd.o(.text)
    EXTI0_IRQHandler                         0x08008957   Thumb Code     0  startup_stm32f10x_hd.o(.text)
    EXTI1_IRQHandler                         0x08008957   Thumb Code     0  startup_stm32f10x_hd.o(.text)
    EXTI2_IRQHandler                         0x08008957   Thumb Code     0  startup_stm32f10x_hd.o(.text)
    EXTI3_IRQHandler                         0x08008957   Thumb Code     0  startup_stm32f10x_hd.o(.text)
    EXTI4_IRQHandler                         0x08008957   Thumb Code     0  startup_stm32f10x_hd.o(.text)
    EXTI9_5_IRQHandler                       0x08008957   Thumb Code     0  startup_stm32f10x_hd.o(.text)
    FLASH_IRQHandler                         0x08008957   Thumb Code     0  startup_stm32f10x_hd.o(.text)
    FSMC_IRQHandler                          0x08008957   Thumb Code     0  startup_stm32f10x_hd.o(.text)
    I2C1_ER_IRQHandler                       0x08008957   Thumb Code     0  startup_stm32f10x_hd.o(.text)
    I2C1_EV_IRQHandler                       0x08008957   Thumb Code     0  startup_stm32f10x_hd.o(.text)
    I2C2_ER_IRQHandler                       0x08008957   Thumb Code     0  startup_stm32f10x_hd.o(.text)
    I2C2_EV_IRQHandler                       0x08008957   Thumb Code     0  startup_stm32f10x_hd.o(.text)
    PVD_IRQHandler                           0x08008957   Thumb Code     0  startup_stm32f10x_hd.o(.text)
    RCC_IRQHandler                           0x08008957   Thumb Code     0  startup_stm32f10x_hd.o(.text)
    RTCAlarm_IRQHandler                      0x08008957   Thumb Code     0  startup_stm32f10x_hd.o(.text)
    RTC_IRQHandler                           0x08008957   Thumb Code     0  startup_stm32f10x_hd.o(.text)
    SPI1_IRQHandler                          0x08008957   Thumb Code     0  startup_stm32f10x_hd.o(.text)
    SPI2_IRQHandler                          0x08008957   Thumb Code     0  startup_stm32f10x_hd.o(.text)
    SPI3_IRQHandler                          0x08008957   Thumb Code     0  startup_stm32f10x_hd.o(.text)
    TAMPER_IRQHandler                        0x08008957   Thumb Code     0  startup_stm32f10x_hd.o(.text)
    TIM1_BRK_IRQHandler                      0x08008957   Thumb Code     0  startup_stm32f10x_hd.o(.text)
    TIM1_CC_IRQHandler                       0x08008957   Thumb Code     0  startup_stm32f10x_hd.o(.text)
    TIM1_TRG_COM_IRQHandler                  0x08008957   Thumb Code     0  startup_stm32f10x_hd.o(.text)
    TIM1_UP_IRQHandler                       0x08008957   Thumb Code     0  startup_stm32f10x_hd.o(.text)
    TIM2_IRQHandler                          0x08008957   Thumb Code     0  startup_stm32f10x_hd.o(.text)
    TIM3_IRQHandler                          0x08008957   Thumb Code     0  startup_stm32f10x_hd.o(.text)
    TIM4_IRQHandler                          0x08008957   Thumb Code     0  startup_stm32f10x_hd.o(.text)
    TIM5_IRQHandler                          0x08008957   Thumb Code     0  startup_stm32f10x_hd.o(.text)
    TIM6_IRQHandler                          0x08008957   Thumb Code     0  startup_stm32f10x_hd.o(.text)
    TIM7_IRQHandler                          0x08008957   Thumb Code     0  startup_stm32f10x_hd.o(.text)
    TIM8_BRK_IRQHandler                      0x08008957   Thumb Code     0  startup_stm32f10x_hd.o(.text)
    TIM8_CC_IRQHandler                       0x08008957   Thumb Code     0  startup_stm32f10x_hd.o(.text)
    TIM8_TRG_COM_IRQHandler                  0x08008957   Thumb Code     0  startup_stm32f10x_hd.o(.text)
    TIM8_UP_IRQHandler                       0x08008957   Thumb Code     0  startup_stm32f10x_hd.o(.text)
    UART4_IRQHandler                         0x08008957   Thumb Code     0  startup_stm32f10x_hd.o(.text)
    UART5_IRQHandler                         0x08008957   Thumb Code     0  startup_stm32f10x_hd.o(.text)
    USART1_IRQHandler                        0x08008957   Thumb Code     0  startup_stm32f10x_hd.o(.text)
    USART2_IRQHandler                        0x08008957   Thumb Code     0  startup_stm32f10x_hd.o(.text)
    USART3_IRQHandler                        0x08008957   Thumb Code     0  startup_stm32f10x_hd.o(.text)
    USBWakeUp_IRQHandler                     0x08008957   Thumb Code     0  startup_stm32f10x_hd.o(.text)
    USB_HP_CAN1_TX_IRQHandler                0x08008957   Thumb Code     0  startup_stm32f10x_hd.o(.text)
    USB_LP_CAN1_RX0_IRQHandler               0x08008957   Thumb Code     0  startup_stm32f10x_hd.o(.text)
    WWDG_IRQHandler                          0x08008957   Thumb Code     0  startup_stm32f10x_hd.o(.text)
    LCD_RegisterWrite                        0x08008965   Thumb Code    12  ra8876.o(.text)
    LCD_RegisterRead                         0x08008971   Thumb Code    16  ra8876.o(.text)
    LCD_VSYNC_Pulse_Width                    0x08008981   Thumb Code    18  ra8876.o(.text)
    LCD_VSYNC_Start_Position                 0x08008993   Thumb Code    18  ra8876.o(.text)
    LCD_Vertical_Non_Display                 0x080089a5   Thumb Code    30  ra8876.o(.text)
    LCD_HSYNC_Pulse_Width                    0x080089c3   Thumb Code    48  ra8876.o(.text)
    LCD_HSYNC_Start_Position                 0x080089f3   Thumb Code    44  ra8876.o(.text)
    LCD_Horizontal_Non_Display               0x08008a1f   Thumb Code    84  ra8876.o(.text)
    LCD_HorizontalWidth_VerticalHeight       0x08008a73   Thumb Code   144  ra8876.o(.text)
    DE_High_Active                           0x08008b03   Thumb Code    22  ra8876.o(.text)
    VSYNC_Low_Active                         0x08008b19   Thumb Code    22  ra8876.o(.text)
    HSYNC_Low_Active                         0x08008b2f   Thumb Code    22  ra8876.o(.text)
    PDATA_Set_RGB                            0x08008b45   Thumb Code    24  ra8876.o(.text)
    VSCAN_T_to_B                             0x08008b5d   Thumb Code    24  ra8876.o(.text)
    HSCAN_L_to_R                             0x08008b75   Thumb Code    24  ra8876.o(.text)
    PCLK_Rising                              0x08008b8d   Thumb Code    24  ra8876.o(.text)
    Memory_Select_SDRAM                      0x08008ba5   Thumb Code    26  ra8876.o(.text)
    Graphic_Mode                             0x08008bbf   Thumb Code    22  ra8876.o(.text)
    MemWrite_Left_Right_Top_Down             0x08008bd5   Thumb Code    28  ra8876.o(.text)
    RGB_16b_16bpp                            0x08008bf1   Thumb Code    28  ra8876.o(.text)
    Host_Bus_16bit                           0x08008c0d   Thumb Code    24  ra8876.o(.text)
    TFT_24bit                                0x08008c25   Thumb Code    28  ra8876.o(.text)
    Check_SDRAM_Ready                        0x08008c41   Thumb Code    20  ra8876.o(.text)
    RA8876_SDRAM_initail                     0x08008c55   Thumb Code    62  ra8876.o(.text)
    RA8876_PLL_Initial                       0x08008c93   Thumb Code   358  ra8876.o(.text)
    RA8876_initial                           0x08008df9   Thumb Code   140  ra8876.o(.text)
    Check_Mem_WR_FIFO_not_Full               0x08008e85   Thumb Code    18  ra8876.o(.text)
    Check_Mem_WR_FIFO_Empty                  0x08008e97   Thumb Code    18  ra8876.o(.text)
    Check_Mem_RD_FIFO_not_Full               0x08008ea9   Thumb Code    18  ra8876.o(.text)
    Check_Mem_RD_FIFO_not_Empty              0x08008ebb   Thumb Code    18  ra8876.o(.text)
    Check_2D_Busy                            0x08008ecd   Thumb Code    18  ra8876.o(.text)
    Power_Saving_Status                      0x08008edf   Thumb Code    22  ra8876.o(.text)
    Check_Power_is_Normal                    0x08008ef5   Thumb Code    18  ra8876.o(.text)
    Check_Power_is_Saving                    0x08008f07   Thumb Code    18  ra8876.o(.text)
    Check_NO_Interrupt                       0x08008f19   Thumb Code    18  ra8876.o(.text)
    Check_Interrupt_Occur                    0x08008f2b   Thumb Code    18  ra8876.o(.text)
    Check_Busy_Draw                          0x08008f3d   Thumb Code    20  ra8876.o(.text)
    RA8876_SW_Reset                          0x08008f51   Thumb Code    40  ra8876.o(.text)
    Enable_PLL                               0x08008f79   Thumb Code    32  ra8876.o(.text)
    RA8876_Sleep                             0x08008f99   Thumb Code    24  ra8876.o(.text)
    RA8876_WakeUp                            0x08008fb1   Thumb Code    24  ra8876.o(.text)
    Key_Scan_Enable                          0x08008fc9   Thumb Code    24  ra8876.o(.text)
    Key_Scan_Disable                         0x08008fe1   Thumb Code    24  ra8876.o(.text)
    TFT_18bit                                0x08008ff9   Thumb Code    28  ra8876.o(.text)
    TFT_16bit                                0x08009015   Thumb Code    28  ra8876.o(.text)
    TFT_LVDS                                 0x08009031   Thumb Code    28  ra8876.o(.text)
    RA8876_I2CM_Enable                       0x0800904d   Thumb Code    24  ra8876.o(.text)
    RA8876_I2CM_Disable                      0x08009065   Thumb Code    24  ra8876.o(.text)
    Enable_SFlash_SPI                        0x0800907d   Thumb Code    24  ra8876.o(.text)
    Disable_SFlash_SPI                       0x08009095   Thumb Code    24  ra8876.o(.text)
    Host_Bus_8bit                            0x080090ad   Thumb Code    24  ra8876.o(.text)
    RGB_8b_8bpp                              0x080090c5   Thumb Code    28  ra8876.o(.text)
    RGB_8b_16bpp                             0x080090e1   Thumb Code    28  ra8876.o(.text)
    RGB_8b_24bpp                             0x080090fd   Thumb Code    28  ra8876.o(.text)
    RGB_16b_8bpp                             0x08009119   Thumb Code    28  ra8876.o(.text)
    RGB_16b_24bpp_mode1                      0x08009135   Thumb Code    28  ra8876.o(.text)
    RGB_16b_24bpp_mode2                      0x08009151   Thumb Code    36  ra8876.o(.text)
    MemRead_Left_Right_Top_Down              0x08009175   Thumb Code    28  ra8876.o(.text)
    MemRead_Right_Left_Top_Down              0x08009191   Thumb Code    28  ra8876.o(.text)
    MemRead_Top_Down_Left_Right              0x080091ad   Thumb Code    28  ra8876.o(.text)
    MemRead_Down_Top_Left_Right              0x080091c9   Thumb Code    28  ra8876.o(.text)
    MemWrite_Right_Left_Top_Down             0x080091e5   Thumb Code    28  ra8876.o(.text)
    MemWrite_Top_Down_Left_Right             0x08009201   Thumb Code    28  ra8876.o(.text)
    MemWrite_Down_Top_Left_Right             0x0800921d   Thumb Code    28  ra8876.o(.text)
    Interrupt_Active_Low                     0x08009239   Thumb Code    22  ra8876.o(.text)
    Interrupt_Active_High                    0x0800924f   Thumb Code    22  ra8876.o(.text)
    ExtInterrupt_Debounce                    0x08009265   Thumb Code    22  ra8876.o(.text)
    ExtInterrupt_Nodebounce                  0x0800927b   Thumb Code    22  ra8876.o(.text)
    ExtInterrupt_Input_Low_Level_Trigger     0x08009291   Thumb Code    26  ra8876.o(.text)
    ExtInterrupt_Input_High_Level_Trigger    0x080092ab   Thumb Code    26  ra8876.o(.text)
    ExtInterrupt_Input_Falling_Edge_Trigger  0x080092c5   Thumb Code    26  ra8876.o(.text)
    ExtInterrupt_Input_Rising_Edge_Trigger   0x080092df   Thumb Code    26  ra8876.o(.text)
    LVDS_Format1                             0x080092f9   Thumb Code    22  ra8876.o(.text)
    LVDS_Format2                             0x0800930f   Thumb Code    22  ra8876.o(.text)
    Text_Mode                                0x08009325   Thumb Code    22  ra8876.o(.text)
    Memory_Select_Graphic_Cursor_RAM         0x0800933b   Thumb Code    26  ra8876.o(.text)
    Memory_Select_Color_Palette_RAM          0x08009355   Thumb Code    26  ra8876.o(.text)
    Enable_Resume_Interrupt                  0x0800936f   Thumb Code    22  ra8876.o(.text)
    Disable_Resume_Interrupt                 0x08009385   Thumb Code    22  ra8876.o(.text)
    Enable_ExtInterrupt_Input                0x0800939b   Thumb Code    22  ra8876.o(.text)
    Disable_ExtInterrupt_Input               0x080093b1   Thumb Code    22  ra8876.o(.text)
    Enable_I2CM_Interrupt                    0x080093c7   Thumb Code    22  ra8876.o(.text)
    Disable_I2CM_Interrupt                   0x080093dd   Thumb Code    22  ra8876.o(.text)
    Enable_Vsync_Interrupt                   0x080093f3   Thumb Code    22  ra8876.o(.text)
    Disable_Vsync_Interrupt                  0x08009409   Thumb Code    22  ra8876.o(.text)
    Enable_KeyScan_Interrupt                 0x0800941f   Thumb Code    22  ra8876.o(.text)
    Disable_KeyScan_Interrupt                0x08009435   Thumb Code    22  ra8876.o(.text)
    Enable_DMA_Draw_BTE_Interrupt            0x0800944b   Thumb Code    22  ra8876.o(.text)
    Disable_DMA_Draw_BTE_Interrupt           0x08009461   Thumb Code    22  ra8876.o(.text)
    Enable_PWM1_Interrupt                    0x08009477   Thumb Code    22  ra8876.o(.text)
    Disable_PWM1_Interrupt                   0x0800948d   Thumb Code    22  ra8876.o(.text)
    Enable_PWM0_Interrupt                    0x080094a3   Thumb Code    22  ra8876.o(.text)
    Disable_PWM0_Interrupt                   0x080094b9   Thumb Code    22  ra8876.o(.text)
    Read_Interrupt_status                    0x080094cf   Thumb Code    14  ra8876.o(.text)
    Clear_Resume_Interrupt_Flag              0x080094dd   Thumb Code    22  ra8876.o(.text)
    Clear_ExtInterrupt_Input_Flag            0x080094f3   Thumb Code    22  ra8876.o(.text)
    Clear_I2CM_Interrupt_Flag                0x08009509   Thumb Code    22  ra8876.o(.text)
    Clear_Vsync_Interrupt_Flag               0x0800951f   Thumb Code    22  ra8876.o(.text)
    Clear_KeyScan_Interrupt_Flag             0x08009535   Thumb Code    22  ra8876.o(.text)
    Clear_DMA_Draw_BTE_Interrupt_Flag        0x0800954b   Thumb Code    26  ra8876.o(.text)
    Clear_PWM1_Interrupt_Flag                0x08009565   Thumb Code    22  ra8876.o(.text)
    Clear_PWM0_Interrupt_Flag                0x0800957b   Thumb Code    22  ra8876.o(.text)
    Mask_Resume_Interrupt_Flag               0x08009591   Thumb Code    24  ra8876.o(.text)
    Mask_ExtInterrupt_Input_Flag             0x080095a9   Thumb Code    24  ra8876.o(.text)
    Mask_I2CM_Interrupt_Flag                 0x080095c1   Thumb Code    24  ra8876.o(.text)
    Mask_Vsync_Interrupt_Flag                0x080095d9   Thumb Code    24  ra8876.o(.text)
    Mask_KeyScan_Interrupt_Flag              0x080095f1   Thumb Code    24  ra8876.o(.text)
    Mask_DMA_Draw_BTE_Interrupt_Flag         0x08009609   Thumb Code    24  ra8876.o(.text)
    Mask_PWM1_Interrupt_Flag                 0x08009621   Thumb Code    24  ra8876.o(.text)
    Mask_PWM0_Interrupt_Flag                 0x08009639   Thumb Code    24  ra8876.o(.text)
    Enable_Resume_Interrupt_Flag             0x08009651   Thumb Code    24  ra8876.o(.text)
    Enable_ExtInterrupt_Inpur_Flag           0x08009669   Thumb Code    24  ra8876.o(.text)
    Enable_I2CM_Interrupt_Flag               0x08009681   Thumb Code    24  ra8876.o(.text)
    Enable_Vsync_Interrupt_Flag              0x08009699   Thumb Code    24  ra8876.o(.text)
    Enable_KeyScan_Interrupt_Flag            0x080096b1   Thumb Code    24  ra8876.o(.text)
    Enable_DMA_Draw_BTE_Interrupt_Flag       0x080096c9   Thumb Code    24  ra8876.o(.text)
    Enable_PWM1_Interrupt_Flag               0x080096e1   Thumb Code    24  ra8876.o(.text)
    Enable_PWM0_Interrupt_Flag               0x080096f9   Thumb Code    24  ra8876.o(.text)
    Enable_GPIOF_PullUp                      0x08009711   Thumb Code    24  ra8876.o(.text)
    Enable_GPIOE_PullUp                      0x08009729   Thumb Code    24  ra8876.o(.text)
    Enable_GPIOD_PullUp                      0x08009741   Thumb Code    24  ra8876.o(.text)
    Enable_GPIOC_PullUp                      0x08009759   Thumb Code    24  ra8876.o(.text)
    Enable_XDB15_8_PullUp                    0x08009771   Thumb Code    24  ra8876.o(.text)
    Enable_XDB7_0_PullUp                     0x08009789   Thumb Code    24  ra8876.o(.text)
    Disable_GPIOF_PullUp                     0x080097a1   Thumb Code    24  ra8876.o(.text)
    Disable_GPIOE_PullUp                     0x080097b9   Thumb Code    24  ra8876.o(.text)
    Disable_GPIOD_PullUp                     0x080097d1   Thumb Code    24  ra8876.o(.text)
    Disable_GPIOC_PullUp                     0x080097e9   Thumb Code    24  ra8876.o(.text)
    Disable_XDB15_8_PullUp                   0x08009801   Thumb Code    24  ra8876.o(.text)
    Disable_XDB7_0_PullUp                    0x08009819   Thumb Code    24  ra8876.o(.text)
    XPDAT18_Set_GPIO_D7                      0x08009831   Thumb Code    24  ra8876.o(.text)
    XPDAT18_Set_KOUT4                        0x08009849   Thumb Code    24  ra8876.o(.text)
    XPDAT17_Set_GPIO_D5                      0x08009861   Thumb Code    24  ra8876.o(.text)
    XPDAT17_Set_KOUT2                        0x08009879   Thumb Code    24  ra8876.o(.text)
    XPDAT16_Set_GPIO_D4                      0x08009891   Thumb Code    24  ra8876.o(.text)
    XPDAT16_Set_KOUT1                        0x080098a9   Thumb Code    24  ra8876.o(.text)
    XPDAT9_Set_GPIO_D3                       0x080098c1   Thumb Code    24  ra8876.o(.text)
    XPDAT9_Set_KOUT3                         0x080098d9   Thumb Code    24  ra8876.o(.text)
    XPDAT8_Set_GPIO_D2                       0x080098f1   Thumb Code    24  ra8876.o(.text)
    XPDAT8_Set_KIN3                          0x08009909   Thumb Code    24  ra8876.o(.text)
    XPDAT2_Set_GPIO_D6                       0x08009921   Thumb Code    24  ra8876.o(.text)
    XPDAT2_Set_KIN4                          0x08009939   Thumb Code    28  ra8876.o(.text)
    XPDAT1_Set_GPIO_D1                       0x08009955   Thumb Code    24  ra8876.o(.text)
    XPDAT1_Set_KIN2                          0x0800996d   Thumb Code    24  ra8876.o(.text)
    XPDAT0_Set_GPIO_D0                       0x08009985   Thumb Code    24  ra8876.o(.text)
    XPDAT0_Set_KIN1                          0x0800999d   Thumb Code    24  ra8876.o(.text)
    Enable_PIP1                              0x080099b5   Thumb Code    24  ra8876.o(.text)
    Disable_PIP1                             0x080099cd   Thumb Code    24  ra8876.o(.text)
    Enable_PIP2                              0x080099e5   Thumb Code    24  ra8876.o(.text)
    Disable_PIP2                             0x080099fd   Thumb Code    24  ra8876.o(.text)
    Select_PIP1_Parameter                    0x08009a15   Thumb Code    24  ra8876.o(.text)
    Select_PIP2_Parameter                    0x08009a2d   Thumb Code    24  ra8876.o(.text)
    Select_Main_Window_8bpp                  0x08009a45   Thumb Code    28  ra8876.o(.text)
    Select_Main_Window_16bpp                 0x08009a61   Thumb Code    28  ra8876.o(.text)
    Select_Main_Window_24bpp                 0x08009a7d   Thumb Code    24  ra8876.o(.text)
    Select_PIP2_Window_8bpp                  0x08009a95   Thumb Code    28  ra8876.o(.text)
    Select_PIP2_Window_16bpp                 0x08009ab1   Thumb Code    28  ra8876.o(.text)
    Select_PIP2_Window_24bpp                 0x08009acd   Thumb Code    28  ra8876.o(.text)
    Select_PIP1_Window_8bpp                  0x08009ae9   Thumb Code    28  ra8876.o(.text)
    Select_PIP1_Window_16bpp                 0x08009b05   Thumb Code    28  ra8876.o(.text)
    Select_PIP1_Window_24bpp                 0x08009b21   Thumb Code    28  ra8876.o(.text)
    PCLK_Falling                             0x08009b3d   Thumb Code    24  ra8876.o(.text)
    Display_ON                               0x08009b55   Thumb Code    24  ra8876.o(.text)
    Display_OFF                              0x08009b6d   Thumb Code    24  ra8876.o(.text)
    Color_Bar_ON                             0x08009b85   Thumb Code    24  ra8876.o(.text)
    Color_Bar_OFF                            0x08009b9d   Thumb Code    24  ra8876.o(.text)
    HSCAN_R_to_L                             0x08009bb5   Thumb Code    24  ra8876.o(.text)
    VSCAN_B_to_T                             0x08009bcd   Thumb Code    24  ra8876.o(.text)
    PDATA_Set_RBG                            0x08009be5   Thumb Code    28  ra8876.o(.text)
    PDATA_Set_GRB                            0x08009c01   Thumb Code    28  ra8876.o(.text)
    PDATA_Set_GBR                            0x08009c1d   Thumb Code    32  ra8876.o(.text)
    PDATA_Set_BRG                            0x08009c3d   Thumb Code    28  ra8876.o(.text)
    PDATA_Set_BGR                            0x08009c59   Thumb Code    32  ra8876.o(.text)
    PDATA_IDLE_STATE                         0x08009c79   Thumb Code    24  ra8876.o(.text)
    HSYNC_High_Active                        0x08009c91   Thumb Code    22  ra8876.o(.text)
    VSYNC_High_Active                        0x08009ca7   Thumb Code    22  ra8876.o(.text)
    DE_Low_Active                            0x08009cbd   Thumb Code    22  ra8876.o(.text)
    Idle_DE_Low                              0x08009cd3   Thumb Code    22  ra8876.o(.text)
    Idle_DE_High                             0x08009ce9   Thumb Code    22  ra8876.o(.text)
    Idle_PCLK_Low                            0x08009cff   Thumb Code    22  ra8876.o(.text)
    Idle_PCLK_High                           0x08009d15   Thumb Code    22  ra8876.o(.text)
    Idle_PDAT_Low                            0x08009d2b   Thumb Code    26  ra8876.o(.text)
    Idle_PDAT_High                           0x08009d45   Thumb Code    22  ra8876.o(.text)
    Idle_HSYNC_Low                           0x08009d5b   Thumb Code    22  ra8876.o(.text)
    Idle_HSYNC_High                          0x08009d71   Thumb Code    22  ra8876.o(.text)
    Idle_VSYNC_Low                           0x08009d87   Thumb Code    22  ra8876.o(.text)
    Idle_VSYNC_High                          0x08009d9d   Thumb Code    22  ra8876.o(.text)
    Main_Image_Start_Address                 0x08009db3   Thumb Code    42  ra8876.o(.text)
    Main_Image_Width                         0x08009ddd   Thumb Code    22  ra8876.o(.text)
    Main_Window_Start_XY                     0x08009df3   Thumb Code    40  ra8876.o(.text)
    PIP_Display_Start_XY                     0x08009e1b   Thumb Code    40  ra8876.o(.text)
    PIP_Image_Start_Address                  0x08009e43   Thumb Code    42  ra8876.o(.text)
    PIP_Image_Width                          0x08009e6d   Thumb Code    22  ra8876.o(.text)
    PIP_Window_Image_Start_XY                0x08009e83   Thumb Code    40  ra8876.o(.text)
    PIP_Window_Width_Height                  0x08009eab   Thumb Code    40  ra8876.o(.text)
    Enable_Graphic_Cursor                    0x08009ed3   Thumb Code    24  ra8876.o(.text)
    Disable_Graphic_Cursor                   0x08009eeb   Thumb Code    24  ra8876.o(.text)
    Select_Graphic_Cursor_1                  0x08009f03   Thumb Code    28  ra8876.o(.text)
    Select_Graphic_Cursor_2                  0x08009f1f   Thumb Code    28  ra8876.o(.text)
    Select_Graphic_Cursor_3                  0x08009f3b   Thumb Code    28  ra8876.o(.text)
    Select_Graphic_Cursor_4                  0x08009f57   Thumb Code    28  ra8876.o(.text)
    Enable_Text_Cursor                       0x08009f73   Thumb Code    24  ra8876.o(.text)
    Disable_Text_Cursor                      0x08009f8b   Thumb Code    24  ra8876.o(.text)
    Enable_Text_Cursor_Blinking              0x08009fa3   Thumb Code    24  ra8876.o(.text)
    Disable_Text_Cursor_Blinking             0x08009fbb   Thumb Code    24  ra8876.o(.text)
    Blinking_Time_Frames                     0x08009fd3   Thumb Code    14  ra8876.o(.text)
    Text_Cursor_H_V                          0x08009fe1   Thumb Code    22  ra8876.o(.text)
    Graphic_Cursor_XY                        0x08009ff7   Thumb Code    40  ra8876.o(.text)
    Set_Graphic_Cursor_Color_1               0x0800a01f   Thumb Code    14  ra8876.o(.text)
    Set_Graphic_Cursor_Color_2               0x0800a02d   Thumb Code    14  ra8876.o(.text)
    Canvas_Image_Start_address               0x0800a03b   Thumb Code    42  ra8876.o(.text)
    Canvas_image_width                       0x0800a065   Thumb Code    22  ra8876.o(.text)
    Active_Window_XY                         0x0800a07b   Thumb Code    40  ra8876.o(.text)
    Active_Window_WH                         0x0800a0a3   Thumb Code    40  ra8876.o(.text)
    Select_Write_Data_Position               0x0800a0cb   Thumb Code    24  ra8876.o(.text)
    Select_Read_Data_Position                0x0800a0e3   Thumb Code    24  ra8876.o(.text)
    Memory_XY_Mode                           0x0800a0fb   Thumb Code    24  ra8876.o(.text)
    Memory_Linear_Mode                       0x0800a113   Thumb Code    30  ra8876.o(.text)
    Memory_8bpp_Mode                         0x0800a131   Thumb Code    28  ra8876.o(.text)
    Memory_16bpp_Mode                        0x0800a14d   Thumb Code    28  ra8876.o(.text)
    Memory_24bpp_Mode                        0x0800a169   Thumb Code    28  ra8876.o(.text)
    Goto_Pixel_XY                            0x0800a185   Thumb Code    40  ra8876.o(.text)
    Goto_Linear_Addr                         0x0800a1ad   Thumb Code    42  ra8876.o(.text)
    Goto_Text_XY                             0x0800a1d7   Thumb Code    40  ra8876.o(.text)
    Start_Line                               0x0800a1ff   Thumb Code    22  ra8876.o(.text)
    Start_Triangle                           0x0800a215   Thumb Code    22  ra8876.o(.text)
    Start_Triangle_Fill                      0x0800a22b   Thumb Code    22  ra8876.o(.text)
    Line_Start_XY                            0x0800a241   Thumb Code    46  ra8876.o(.text)
    Line_End_XY                              0x0800a26f   Thumb Code    44  ra8876.o(.text)
    Triangle_Point1_XY                       0x0800a29b   Thumb Code    46  ra8876.o(.text)
    Triangle_Point2_XY                       0x0800a2c9   Thumb Code    44  ra8876.o(.text)
    Triangle_Point3_XY                       0x0800a2f5   Thumb Code    46  ra8876.o(.text)
    Square_Start_XY                          0x0800a323   Thumb Code    46  ra8876.o(.text)
    Square_End_XY                            0x0800a351   Thumb Code    44  ra8876.o(.text)
    Start_Circle_or_Ellipse                  0x0800a37d   Thumb Code    20  ra8876.o(.text)
    Start_Circle_or_Ellipse_Fill             0x0800a391   Thumb Code    20  ra8876.o(.text)
    Start_Left_Down_Curve                    0x0800a3a5   Thumb Code    20  ra8876.o(.text)
    Start_Left_Up_Curve                      0x0800a3b9   Thumb Code    20  ra8876.o(.text)
    Start_Right_Up_Curve                     0x0800a3cd   Thumb Code    20  ra8876.o(.text)
    Start_Right_Down_Curve                   0x0800a3e1   Thumb Code    20  ra8876.o(.text)
    Start_Left_Down_Curve_Fill               0x0800a3f5   Thumb Code    20  ra8876.o(.text)
    Start_Left_Up_Curve_Fill                 0x0800a409   Thumb Code    20  ra8876.o(.text)
    Start_Right_Up_Curve_Fill                0x0800a41d   Thumb Code    20  ra8876.o(.text)
    Start_Right_Down_Curve_Fill              0x0800a431   Thumb Code    20  ra8876.o(.text)
    Start_Square                             0x0800a445   Thumb Code    20  ra8876.o(.text)
    Start_Square_Fill                        0x0800a459   Thumb Code    20  ra8876.o(.text)
    Start_Circle_Square                      0x0800a46d   Thumb Code    20  ra8876.o(.text)
    Start_Circle_Square_Fill                 0x0800a481   Thumb Code    20  ra8876.o(.text)
    Circle_Center_XY                         0x0800a495   Thumb Code    44  ra8876.o(.text)
    Ellipse_Center_XY                        0x0800a4c1   Thumb Code    44  ra8876.o(.text)
    Circle_Radius_R                          0x0800a4ed   Thumb Code    52  ra8876.o(.text)
    Ellipse_Radius_RxRy                      0x0800a521   Thumb Code    46  ra8876.o(.text)
    Circle_Square_Radius_RxRy                0x0800a54f   Thumb Code    46  ra8876.o(.text)
    Set_PWM_Prescaler_1_to_256               0x0800a57d   Thumb Code    18  ra8876.o(.text)
    Select_PWM1_Clock_Divided_By_1           0x0800a58f   Thumb Code    28  ra8876.o(.text)
    Select_PWM1_Clock_Divided_By_2           0x0800a5ab   Thumb Code    28  ra8876.o(.text)
    Select_PWM1_Clock_Divided_By_4           0x0800a5c7   Thumb Code    28  ra8876.o(.text)
    Select_PWM1_Clock_Divided_By_8           0x0800a5e3   Thumb Code    28  ra8876.o(.text)
    Select_PWM0_Clock_Divided_By_1           0x0800a5ff   Thumb Code    28  ra8876.o(.text)
    Select_PWM0_Clock_Divided_By_2           0x0800a61b   Thumb Code    28  ra8876.o(.text)
    Select_PWM0_Clock_Divided_By_4           0x0800a637   Thumb Code    28  ra8876.o(.text)
    Select_PWM0_Clock_Divided_By_8           0x0800a653   Thumb Code    28  ra8876.o(.text)
    Select_PWM1_is_ErrorFlag                 0x0800a66f   Thumb Code    24  ra8876.o(.text)
    Select_PWM1                              0x0800a687   Thumb Code    28  ra8876.o(.text)
    Select_PWM1_is_Osc_Clock                 0x0800a6a3   Thumb Code    28  ra8876.o(.text)
    Select_PWM0_is_GPIO_C7                   0x0800a6bf   Thumb Code    24  ra8876.o(.text)
    Select_PWM0                              0x0800a6d7   Thumb Code    28  ra8876.o(.text)
    Select_PWM0_is_Core_Clock                0x0800a6f3   Thumb Code    28  ra8876.o(.text)
    Enable_PWM1_Inverter                     0x0800a70f   Thumb Code    22  ra8876.o(.text)
    Disable_PWM1_Inverter                    0x0800a725   Thumb Code    22  ra8876.o(.text)
    Auto_Reload_PWM1                         0x0800a73b   Thumb Code    22  ra8876.o(.text)
    One_Shot_PWM1                            0x0800a751   Thumb Code    22  ra8876.o(.text)
    Start_PWM1                               0x0800a767   Thumb Code    22  ra8876.o(.text)
    Stop_PWM1                                0x0800a77d   Thumb Code    22  ra8876.o(.text)
    Enable_PWM0_Dead_Zone                    0x0800a793   Thumb Code    22  ra8876.o(.text)
    Disable_PWM0_Dead_Zone                   0x0800a7a9   Thumb Code    22  ra8876.o(.text)
    Enable_PWM0_Inverter                     0x0800a7bf   Thumb Code    22  ra8876.o(.text)
    Disable_PWM0_Inverter                    0x0800a7d5   Thumb Code    22  ra8876.o(.text)
    Auto_Reload_PWM0                         0x0800a7eb   Thumb Code    22  ra8876.o(.text)
    One_Shot_PWM0                            0x0800a801   Thumb Code    22  ra8876.o(.text)
    Start_PWM0                               0x0800a817   Thumb Code    22  ra8876.o(.text)
    Stop_PWM0                                0x0800a82d   Thumb Code    22  ra8876.o(.text)
    Set_Timer0_Dead_Zone_Length              0x0800a843   Thumb Code    14  ra8876.o(.text)
    Set_Timer0_Compare_Buffer                0x0800a851   Thumb Code    24  ra8876.o(.text)
    Set_Timer0_Count_Buffer                  0x0800a869   Thumb Code    24  ra8876.o(.text)
    Set_Timer1_Compare_Buffer                0x0800a881   Thumb Code    22  ra8876.o(.text)
    Set_Timer1_Count_Buffer                  0x0800a897   Thumb Code    24  ra8876.o(.text)
    BTE_Enable                               0x0800a8af   Thumb Code    24  ra8876.o(.text)
    BTE_Disable                              0x0800a8c7   Thumb Code    24  ra8876.o(.text)
    Check_BTE_Busy                           0x0800a8df   Thumb Code    20  ra8876.o(.text)
    Pattern_Format_8X8                       0x0800a8f3   Thumb Code    30  ra8876.o(.text)
    Pattern_Format_16X16                     0x0800a911   Thumb Code    24  ra8876.o(.text)
    BTE_ROP_Code                             0x0800a929   Thumb Code    32  ra8876.o(.text)
    BTE_Operation_Code                       0x0800a949   Thumb Code    28  ra8876.o(.text)
    BTE_S0_Color_8bpp                        0x0800a965   Thumb Code    28  ra8876.o(.text)
    BTE_S0_Color_16bpp                       0x0800a981   Thumb Code    28  ra8876.o(.text)
    BTE_S0_Color_24bpp                       0x0800a99d   Thumb Code    24  ra8876.o(.text)
    BTE_S1_Color_8bpp                        0x0800a9b5   Thumb Code    32  ra8876.o(.text)
    BTE_S1_Color_16bpp                       0x0800a9d5   Thumb Code    32  ra8876.o(.text)
    BTE_S1_Color_24bpp                       0x0800a9f5   Thumb Code    32  ra8876.o(.text)
    BTE_S1_Color_Constant                    0x0800aa15   Thumb Code    32  ra8876.o(.text)
    BTE_S1_Color_8bit_Alpha                  0x0800aa35   Thumb Code    32  ra8876.o(.text)
    BTE_S1_Color_16bit_Alpha                 0x0800aa55   Thumb Code    32  ra8876.o(.text)
    BTE_Destination_Color_8bpp               0x0800aa75   Thumb Code    28  ra8876.o(.text)
    BTE_Destination_Color_16bpp              0x0800aa91   Thumb Code    28  ra8876.o(.text)
    BTE_Destination_Color_24bpp              0x0800aaad   Thumb Code    24  ra8876.o(.text)
    BTE_S0_Memory_Start_Address              0x0800aac5   Thumb Code    42  ra8876.o(.text)
    BTE_S0_Image_Width                       0x0800aaef   Thumb Code    22  ra8876.o(.text)
    BTE_S0_Window_Start_XY                   0x0800ab05   Thumb Code    40  ra8876.o(.text)
    BTE_S1_Memory_Start_Address              0x0800ab2d   Thumb Code    42  ra8876.o(.text)
    S1_Constant_color_256                    0x0800ab57   Thumb Code    38  ra8876.o(.text)
    S1_Constant_color_65k                    0x0800ab7d   Thumb Code    50  ra8876.o(.text)
    S1_Constant_color_16M                    0x0800abaf   Thumb Code    44  ra8876.o(.text)
    BTE_S1_Image_Width                       0x0800abdb   Thumb Code    22  ra8876.o(.text)
    BTE_S1_Window_Start_XY                   0x0800abf1   Thumb Code    40  ra8876.o(.text)
    BTE_Destination_Memory_Start_Address     0x0800ac19   Thumb Code    42  ra8876.o(.text)
    BTE_Destination_Image_Width              0x0800ac43   Thumb Code    22  ra8876.o(.text)
    BTE_Destination_Window_Start_XY          0x0800ac59   Thumb Code    40  ra8876.o(.text)
    BTE_Window_Size                          0x0800ac81   Thumb Code    40  ra8876.o(.text)
    BTE_Alpha_Blending_Effect                0x0800aca9   Thumb Code    14  ra8876.o(.text)
    Start_SFI_DMA                            0x0800acb7   Thumb Code    22  ra8876.o(.text)
    Check_Busy_SFI_DMA                       0x0800accd   Thumb Code    22  ra8876.o(.text)
    Select_SFI_0                             0x0800ace3   Thumb Code    30  ra8876.o(.text)
    Select_SFI_1                             0x0800ad01   Thumb Code    24  ra8876.o(.text)
    Select_SFI_Font_Mode                     0x0800ad19   Thumb Code    24  ra8876.o(.text)
    Select_SFI_DMA_Mode                      0x0800ad31   Thumb Code    24  ra8876.o(.text)
    Select_SFI_24bit_Address                 0x0800ad49   Thumb Code    24  ra8876.o(.text)
    Select_SFI_32bit_Address                 0x0800ad61   Thumb Code    24  ra8876.o(.text)
    Select_SFI_Waveform_Mode_0               0x0800ad79   Thumb Code    24  ra8876.o(.text)
    Select_SFI_Waveform_Mode_3               0x0800ad91   Thumb Code    24  ra8876.o(.text)
    Select_SFI_0_DummyRead                   0x0800ada9   Thumb Code    24  ra8876.o(.text)
    Select_SFI_8_DummyRead                   0x0800adc1   Thumb Code    28  ra8876.o(.text)
    Select_SFI_16_DummyRead                  0x0800addd   Thumb Code    28  ra8876.o(.text)
    Select_SFI_24_DummyRead                  0x0800adf9   Thumb Code    24  ra8876.o(.text)
    Select_SFI_Single_Mode                   0x0800ae11   Thumb Code    24  ra8876.o(.text)
    Select_SFI_Dual_Mode0                    0x0800ae29   Thumb Code    28  ra8876.o(.text)
    Select_SFI_Dual_Mode1                    0x0800ae45   Thumb Code    24  ra8876.o(.text)
    Rx_FIFO_Empty_Flag                       0x0800ae5d   Thumb Code    28  ra8876.o(.text)
    SPI_Master_FIFO_Data_Get                 0x0800ae79   Thumb Code    30  ra8876.o(.text)
    Tx_FIFO_Empty_Flag                       0x0800ae97   Thumb Code    28  ra8876.o(.text)
    SPI_Master_FIFO_Data_Put                 0x0800aeb3   Thumb Code    36  ra8876.o(.text)
    Mask_SPI_Master_Interrupt_Flag           0x0800aed7   Thumb Code    24  ra8876.o(.text)
    Select_nSS_drive_on_xnsfcs0              0x0800aeef   Thumb Code    24  ra8876.o(.text)
    Select_nSS_drive_on_xnsfcs1              0x0800af07   Thumb Code    24  ra8876.o(.text)
    nSS_Inactive                             0x0800af1f   Thumb Code    24  ra8876.o(.text)
    nSS_Active                               0x0800af37   Thumb Code    24  ra8876.o(.text)
    OVFIRQEN_Enable                          0x0800af4f   Thumb Code    24  ra8876.o(.text)
    EMTIRQEN_Enable                          0x0800af67   Thumb Code    24  ra8876.o(.text)
    Reset_CPOL                               0x0800af7f   Thumb Code    24  ra8876.o(.text)
    Set_CPOL                                 0x0800af97   Thumb Code    24  ra8876.o(.text)
    Reset_CPHA                               0x0800afaf   Thumb Code    24  ra8876.o(.text)
    Set_CPHA                                 0x0800afc7   Thumb Code    24  ra8876.o(.text)
    Tx_FIFO_Full_Flag                        0x0800afdf   Thumb Code    28  ra8876.o(.text)
    Rx_FIFO_full_flag                        0x0800affb   Thumb Code    28  ra8876.o(.text)
    OVFI_Flag                                0x0800b017   Thumb Code    28  ra8876.o(.text)
    Clear_OVFI_Flag                          0x0800b033   Thumb Code    24  ra8876.o(.text)
    EMTI_Flag                                0x0800b04b   Thumb Code    28  ra8876.o(.text)
    Clear_EMTI_Flag                          0x0800b067   Thumb Code    24  ra8876.o(.text)
    SPI_Clock_Period                         0x0800b07f   Thumb Code    12  ra8876.o(.text)
    SFI_DMA_Source_Start_Address             0x0800b08b   Thumb Code    58  ra8876.o(.text)
    SFI_DMA_Destination_Start_Address        0x0800b0c5   Thumb Code    60  ra8876.o(.text)
    SFI_DMA_Destination_Upper_Left_Corner    0x0800b101   Thumb Code    44  ra8876.o(.text)
    SFI_DMA_Transfer_Number                  0x0800b12d   Thumb Code    56  ra8876.o(.text)
    SFI_DMA_Transfer_Width_Height            0x0800b165   Thumb Code    44  ra8876.o(.text)
    SFI_DMA_Source_Width                     0x0800b191   Thumb Code    24  ra8876.o(.text)
    Font_Select_UserDefine_Mode              0x0800b1a9   Thumb Code    26  ra8876.o(.text)
    CGROM_Select_Internal_CGROM              0x0800b1c3   Thumb Code    26  ra8876.o(.text)
    CGROM_Select_Genitop_FontROM             0x0800b1dd   Thumb Code    26  ra8876.o(.text)
    Font_Select_8x16_16x16                   0x0800b1f7   Thumb Code    26  ra8876.o(.text)
    Font_Select_12x24_24x24                  0x0800b211   Thumb Code    26  ra8876.o(.text)
    Font_Select_16x32_32x32                  0x0800b22b   Thumb Code    26  ra8876.o(.text)
    Internal_CGROM_Select_ISOIEC8859_1       0x0800b245   Thumb Code    26  ra8876.o(.text)
    Internal_CGROM_Select_ISOIEC8859_2       0x0800b25f   Thumb Code    26  ra8876.o(.text)
    Internal_CGROM_Select_ISOIEC8859_3       0x0800b279   Thumb Code    26  ra8876.o(.text)
    Internal_CGROM_Select_ISOIEC8859_4       0x0800b293   Thumb Code    26  ra8876.o(.text)
    Enable_Font_Alignment                    0x0800b2ad   Thumb Code    24  ra8876.o(.text)
    Disable_Font_Alignment                   0x0800b2c5   Thumb Code    24  ra8876.o(.text)
    Font_Background_select_Transparency      0x0800b2dd   Thumb Code    24  ra8876.o(.text)
    Font_Background_select_Color             0x0800b2f5   Thumb Code    24  ra8876.o(.text)
    Font_0_degree                            0x0800b30d   Thumb Code    24  ra8876.o(.text)
    Font_90_degree                           0x0800b325   Thumb Code    24  ra8876.o(.text)
    Font_Width_X1                            0x0800b33d   Thumb Code    28  ra8876.o(.text)
    Font_Width_X2                            0x0800b359   Thumb Code    28  ra8876.o(.text)
    Font_Width_X3                            0x0800b375   Thumb Code    28  ra8876.o(.text)
    Font_Width_X4                            0x0800b391   Thumb Code    28  ra8876.o(.text)
    Font_Height_X1                           0x0800b3ad   Thumb Code    28  ra8876.o(.text)
    Font_Height_X2                           0x0800b3c9   Thumb Code    28  ra8876.o(.text)
    Font_Height_X3                           0x0800b3e5   Thumb Code    28  ra8876.o(.text)
    Font_Height_X4                           0x0800b401   Thumb Code    28  ra8876.o(.text)
    GTFont_Select_GT21L16TW_GT21H16T1W       0x0800b41d   Thumb Code    32  ra8876.o(.text)
    GTFont_Select_GT23L16U2W                 0x0800b43d   Thumb Code    32  ra8876.o(.text)
    GTFont_Select_GT23L24T3Y_GT23H24T3Y      0x0800b45d   Thumb Code    32  ra8876.o(.text)
    GTFont_Select_GT23L24M1Z                 0x0800b47d   Thumb Code    32  ra8876.o(.text)
    GTFont_Select_GT23L32S4W_GT23H32S4W      0x0800b49d   Thumb Code    32  ra8876.o(.text)
    GTFont_Select_GT20L24F6Y                 0x0800b4bd   Thumb Code    32  ra8876.o(.text)
    GTFont_Select_GT21L24S1W                 0x0800b4dd   Thumb Code    36  ra8876.o(.text)
    GTFont_Select_GT22L16A1Y                 0x0800b501   Thumb Code    32  ra8876.o(.text)
    Set_GTFont_Decoder                       0x0800b521   Thumb Code    14  ra8876.o(.text)
    Font_Line_Distance                       0x0800b52f   Thumb Code    14  ra8876.o(.text)
    Set_Font_to_Font_Width                   0x0800b53d   Thumb Code    14  ra8876.o(.text)
    Foreground_RGB                           0x0800b54b   Thumb Code    32  ra8876.o(.text)
    Foreground_color_256                     0x0800b56b   Thumb Code    38  ra8876.o(.text)
    Foreground_color_65k                     0x0800b591   Thumb Code    48  ra8876.o(.text)
    Foreground_color_16M                     0x0800b5c1   Thumb Code    42  ra8876.o(.text)
    Background_RGB                           0x0800b5eb   Thumb Code    32  ra8876.o(.text)
    Background_color_256                     0x0800b60b   Thumb Code    38  ra8876.o(.text)
    Background_color_65k                     0x0800b631   Thumb Code    48  ra8876.o(.text)
    Background_color_16M                     0x0800b661   Thumb Code    42  ra8876.o(.text)
    CGRAM_Start_address                      0x0800b68b   Thumb Code    56  ra8876.o(.text)
    Power_Normal_Mode                        0x0800b6c3   Thumb Code    16  ra8876.o(.text)
    Power_Saving_Standby_Mode                0x0800b6d3   Thumb Code    30  ra8876.o(.text)
    Power_Saving_Suspend_Mode                0x0800b6f1   Thumb Code    16  ra8876.o(.text)
    Power_Saving_Sleep_Mode                  0x0800b701   Thumb Code    16  ra8876.o(.text)
    RA8876_I2CM_Clock_Prescale               0x0800b711   Thumb Code    24  ra8876.o(.text)
    RA8876_I2CM_Transmit_Data                0x0800b729   Thumb Code    14  ra8876.o(.text)
    RA8876_I2CM_Receiver_Data                0x0800b737   Thumb Code    16  ra8876.o(.text)
    RA8876_I2CM_Stop                         0x0800b747   Thumb Code    10  ra8876.o(.text)
    RA8876_I2CM_Read_With_Ack                0x0800b751   Thumb Code    10  ra8876.o(.text)
    RA8876_I2CM_Read_With_Nack               0x0800b75b   Thumb Code    10  ra8876.o(.text)
    RA8876_I2CM_Write_With_Start             0x0800b765   Thumb Code    10  ra8876.o(.text)
    RA8876_I2CM_Write                        0x0800b76f   Thumb Code    10  ra8876.o(.text)
    RA8876_I2CM_Check_Slave_ACK              0x0800b779   Thumb Code    30  ra8876.o(.text)
    RA8876_I2CM_Bus_Busy                     0x0800b797   Thumb Code    30  ra8876.o(.text)
    RA8876_I2CM_transmit_Progress            0x0800b7b5   Thumb Code    30  ra8876.o(.text)
    RA8876_I2CM_Arbitration                  0x0800b7d3   Thumb Code    20  ra8876.o(.text)
    Set_GPIO_A_In_Out                        0x0800b7e7   Thumb Code    14  ra8876.o(.text)
    Write_GPIO_A_7_0                         0x0800b7f5   Thumb Code    14  ra8876.o(.text)
    Read_GPIO_A_7_0                          0x0800b803   Thumb Code    16  ra8876.o(.text)
    Write_GPIO_B_7_4                         0x0800b813   Thumb Code    14  ra8876.o(.text)
    Read_GPIO_B_7_0                          0x0800b821   Thumb Code    16  ra8876.o(.text)
    Set_GPIO_C_In_Out                        0x0800b831   Thumb Code    12  ra8876.o(.text)
    Write_GPIO_C_7_0                         0x0800b83d   Thumb Code    14  ra8876.o(.text)
    Read_GPIO_C_7_0                          0x0800b84b   Thumb Code    16  ra8876.o(.text)
    Set_GPIO_D_In_Out                        0x0800b85b   Thumb Code    14  ra8876.o(.text)
    Write_GPIO_D_7_0                         0x0800b869   Thumb Code    12  ra8876.o(.text)
    Read_GPIO_D_7_0                          0x0800b875   Thumb Code    14  ra8876.o(.text)
    Set_GPIO_E_In_Out                        0x0800b883   Thumb Code    14  ra8876.o(.text)
    Write_GPIO_E_7_0                         0x0800b891   Thumb Code    14  ra8876.o(.text)
    Read_GPIO_E_7_0                          0x0800b89f   Thumb Code    16  ra8876.o(.text)
    Set_GPIO_F_In_Out                        0x0800b8af   Thumb Code    14  ra8876.o(.text)
    Write_GPIO_F_7_0                         0x0800b8bd   Thumb Code    14  ra8876.o(.text)
    Read_GPIO_F_7_0                          0x0800b8cb   Thumb Code    16  ra8876.o(.text)
    Long_Key_enable                          0x0800b8db   Thumb Code    26  ra8876.o(.text)
    Key_Scan_Freg                            0x0800b8f5   Thumb Code    30  ra8876.o(.text)
    Key_Scan_Wakeup_Function_Enable          0x0800b913   Thumb Code    24  ra8876.o(.text)
    Long_Key_Timing_Adjustment               0x0800b92b   Thumb Code    28  ra8876.o(.text)
    Numbers_of_Key_Hit                       0x0800b947   Thumb Code    20  ra8876.o(.text)
    Read_Key_Strobe_Data_0                   0x0800b95b   Thumb Code    16  ra8876.o(.text)
    Read_Key_Strobe_Data_1                   0x0800b96b   Thumb Code    16  ra8876.o(.text)
    Read_Key_Strobe_Data_2                   0x0800b97b   Thumb Code    16  ra8876.o(.text)
    Show_String                              0x0800b98b   Thumb Code    46  ra8876.o(.text)
    Show_picture                             0x0800b9b9   Thumb Code    38  ra8876.o(.text)
    PWM0_ON                                  0x0800b9df   Thumb Code    36  ra8876.o(.text)
    RA8876_HW_Reset                          0x0800ba09   Thumb Code    32  lcd.o(.text)
    System_Check_Temp                        0x0800ba29   Thumb Code   110  lcd.o(.text)
    lcd_rst                                  0x0800ba97   Thumb Code    32  lcd.o(.text)
    LCD_WriteRAM_Prepare                     0x0800bab7   Thumb Code    10  lcd.o(.text)
    LCD_Draw2Point                           0x0800bac1   Thumb Code    20  lcd.o(.text)
    LCD_DrawPoint                            0x0800bad5   Thumb Code    28  lcd.o(.text)
    LCD_SetTextColor                         0x0800baf1   Thumb Code     6  lcd.o(.text)
    LCD_SetBackColor                         0x0800baf7   Thumb Code     6  lcd.o(.text)
    LCD_Set_DisplayWindow                    0x0800bafd   Thumb Code    74  lcd.o(.text)
    LCD_SetCursor                            0x0800bb47   Thumb Code    46  lcd.o(.text)
    LCD_Clear                                0x0800bb75   Thumb Code    82  lcd.o(.text)
    LCD_Set_DisplayWindow_A                  0x0800bbc7   Thumb Code    98  lcd.o(.text)
    LCD_Set_DisplayWindow_B                  0x0800bc29   Thumb Code   110  lcd.o(.text)
    PIP_Set_DisplayWindow_A                  0x0800bc97   Thumb Code    62  lcd.o(.text)
    PIP_Set_DisplayWindow_B                  0x0800bcd5   Thumb Code   100  lcd.o(.text)
    LCD_All_color                            0x0800bd39   Thumb Code   114  lcd.o(.text)
    LCD_All_color_A                          0x0800bdab   Thumb Code   110  lcd.o(.text)
    LCD_Draw_Line                            0x0800be19   Thumb Code   128  lcd.o(.text)
    LCD_WriteArea                            0x0800be99   Thumb Code   142  lcd.o(.text)
    LCD_SetPoint_A                           0x0800bf27   Thumb Code    78  lcd.o(.text)
    LCD_SetPoint                             0x0800bf75   Thumb Code    26  lcd.o(.text)
    LCD_PutChar_A                            0x0800bf8f   Thumb Code   202  lcd.o(.text)
    LCD_PutChar_B                            0x0800c059   Thumb Code   136  lcd.o(.text)
    LCD_PutChar                              0x0800c0e1   Thumb Code   108  lcd.o(.text)
    LCD_DisplayString                        0x0800c14d   Thumb Code    76  lcd.o(.text)
    LCD_DisplayString_A                      0x0800c199   Thumb Code   144  lcd.o(.text)
    LCD_DisplayString_data_A                 0x0800c229   Thumb Code   152  lcd.o(.text)
    DispStr48                                0x0800c2c1   Thumb Code   376  lcd.o(.text)
    LCD_DisplayStringLine                    0x0800c439   Thumb Code    80  lcd.o(.text)
    LCD_DrawLine                             0x0800c489   Thumb Code   102  lcd.o(.text)
    LCD_DrawRect                             0x0800c4ef   Thumb Code    66  lcd.o(.text)
    LCD_DrawCircle                           0x0800c531   Thumb Code   252  lcd.o(.text)
    LCD_Border_A                             0x0800c62d   Thumb Code   196  lcd.o(.text)
    SystemInit                               0x0800c7d9   Thumb Code    68  system_stm32f10x.o(.text)
    SD_InitializeCards                       0x0800c82d   Thumb Code   436  sdcard.o(.text)
    SD_PowerON                               0x0800cb09   Thumb Code   484  sdcard.o(.text)
    SD_Init                                  0x0800cced   Thumb Code   122  sdcard.o(.text)
    SD_PowerOFF                              0x0800cd67   Thumb Code    14  sdcard.o(.text)
    SD_GetCardInfo                           0x0800cd75   Thumb Code   626  sdcard.o(.text)
    SD_EnableWideBusOperation                0x0800d20b   Thumb Code   124  sdcard.o(.text)
    SD_SetDeviceMode                         0x0800d287   Thumb Code    28  sdcard.o(.text)
    SD_SelectDeselect                        0x0800d2a3   Thumb Code    40  sdcard.o(.text)
    SD_ReadBlock                             0x0800d2cb   Thumb Code   612  sdcard.o(.text)
    SD_ReadMultiBlocks                       0x0800d52f   Thumb Code   678  sdcard.o(.text)
    SD_WriteBlock                            0x0800d941   Thumb Code   868  sdcard.o(.text)
    SD_WriteMultiBlocks                      0x0800dca5   Thumb Code   988  sdcard.o(.text)
    SD_GetTransferState                      0x0800e081   Thumb Code    14  sdcard.o(.text)
    SD_StopTransfer                          0x0800e08f   Thumb Code    36  sdcard.o(.text)
    SD_Erase                                 0x0800e0b3   Thumb Code   294  sdcard.o(.text)
    SD_SendStatus                            0x0800e1d9   Thumb Code    72  sdcard.o(.text)
    SD_SendSDStatus                          0x0800e221   Thumb Code   370  sdcard.o(.text)
    SD_ProcessIRQSrc                         0x0800e393   Thumb Code   450  sdcard.o(.text)
    FAT_Init                                 0x0800e569   Thumb Code   190  fat.o(.text)
    FAT_LoadPartCluster                      0x0800e627   Thumb Code    36  fat.o(.text)
    FAT_NextCluster                          0x0800e64b   Thumb Code    78  fat.o(.text)
    FAT_FindFreeCluster                      0x0800e699   Thumb Code   146  fat.o(.text)
    FAT_FindFreeItem                         0x0800e72b   Thumb Code   414  fat.o(.text)
    FAT_FindItem                             0x0800e8c9   Thumb Code   526  fat.o(.text)
    FAT_SelectOneItem                        0x0800ead7   Thumb Code   440  fat.o(.text)
    FAT_ModifyFAT                            0x0800ec8f   Thumb Code   146  fat.o(.text)
    FAT_MkDir                                0x0800ed21   Thumb Code   724  fat.o(.text)
    FAT_DelItem                              0x0800eff5   Thumb Code   338  fat.o(.text)
    FAT_OpenDir                              0x0800f147   Thumb Code   232  fat.o(.text)
    FAT_RmDir                                0x0800f22f   Thumb Code    24  fat.o(.text)
    FAT_Create                               0x0800f247   Thumb Code   490  fat.o(.text)
    FAT_Open                                 0x0800f431   Thumb Code   280  fat.o(.text)
    FAT_Close                                0x0800f549   Thumb Code     8  fat.o(.text)
    FAT_Write                                0x0800f551   Thumb Code    90  fat.o(.text)
    FAT_Delete                               0x0800f5ab   Thumb Code    24  fat.o(.text)
    FAT_Rename                               0x0800f5c3   Thumb Code   454  fat.o(.text)
    CopyDirentruyItem                        0x0800f789   Thumb Code   172  fat.o(.text)
    WriteFolderCluster                       0x0800f835   Thumb Code     6  fat.o(.text)
    GetFolderCluster                         0x0800f83b   Thumb Code     6  fat.o(.text)
    SearchFolder                             0x0800f841   Thumb Code   438  fat.o(.text)
    SearchInit                               0x0800f9f7   Thumb Code    74  fat.o(.text)
    Search                                   0x0800fa41   Thumb Code  1202  fat.o(.text)
    Search_man                               0x0800fef3   Thumb Code   488  fat.o(.text)
    __aeabi_memcpy                           0x080100e9   Thumb Code    36  memcpya.o(.text)
    __aeabi_memcpy4                          0x080100e9   Thumb Code     0  memcpya.o(.text)
    __aeabi_memcpy8                          0x080100e9   Thumb Code     0  memcpya.o(.text)
    __aeabi_memset                           0x0801010d   Thumb Code    14  memseta.o(.text)
    __aeabi_memset4                          0x0801010d   Thumb Code     0  memseta.o(.text)
    __aeabi_memset8                          0x0801010d   Thumb Code     0  memseta.o(.text)
    __aeabi_memclr                           0x0801011b   Thumb Code     4  memseta.o(.text)
    __aeabi_memclr4                          0x0801011b   Thumb Code     0  memseta.o(.text)
    __aeabi_memclr8                          0x0801011b   Thumb Code     0  memseta.o(.text)
    _memset$wrapper                          0x0801011f   Thumb Code    18  memseta.o(.text)
    __aeabi_uidiv                            0x08010131   Thumb Code     0  uidiv.o(.text)
    __aeabi_uidivmod                         0x08010131   Thumb Code    44  uidiv.o(.text)
    __aeabi_uldivmod                         0x0801015d   Thumb Code    98  uldiv.o(.text)
    __I$use$fp                               0x080101bf   Thumb Code     0  iusefp.o(.text)
    __aeabi_dadd                             0x080101bf   Thumb Code   322  dadd.o(.text)
    __aeabi_dsub                             0x08010301   Thumb Code     6  dadd.o(.text)
    __aeabi_drsub                            0x08010307   Thumb Code     6  dadd.o(.text)
    __aeabi_dmul                             0x0801030d   Thumb Code   228  dmul.o(.text)
    __aeabi_ddiv                             0x080103f1   Thumb Code   222  ddiv.o(.text)
    __aeabi_d2ulz                            0x080104cf   Thumb Code    48  dfixul.o(.text)
    __aeabi_cdrcmple                         0x08010501   Thumb Code    48  cdrcmple.o(.text)
    __scatterload                            0x08010531   Thumb Code    28  init.o(.text)
    __scatterload_rt2                        0x08010531   Thumb Code     0  init.o(.text)
    __aeabi_llsl                             0x08010555   Thumb Code    30  llshl.o(.text)
    _ll_shift_l                              0x08010555   Thumb Code     0  llshl.o(.text)
    __aeabi_llsr                             0x08010573   Thumb Code    32  llushr.o(.text)
    _ll_ushift_r                             0x08010573   Thumb Code     0  llushr.o(.text)
    __aeabi_lasr                             0x08010593   Thumb Code    36  llsshr.o(.text)
    _ll_sshift_r                             0x08010593   Thumb Code     0  llsshr.o(.text)
    _double_round                            0x080105b7   Thumb Code    30  depilogue.o(.text)
    _double_epilogue                         0x080105d5   Thumb Code   156  depilogue.o(.text)
    __decompress                             0x08010671   Thumb Code     0  __dclz77c.o(.text)
    __decompress2                            0x08010671   Thumb Code    94  __dclz77c.o(.text)
    __0printf$1                              0x080106d1   Thumb Code    22  printf1.o(i.__0printf$1)
    __1printf$1                              0x080106d1   Thumb Code     0  printf1.o(i.__0printf$1)
    __2printf                                0x080106d1   Thumb Code     0  printf1.o(i.__0printf$1)
    __0vsprintf                              0x080106f1   Thumb Code    30  printfa.o(i.__0vsprintf)
    __1vsprintf                              0x080106f1   Thumb Code     0  printfa.o(i.__0vsprintf)
    __2vsprintf                              0x080106f1   Thumb Code     0  printfa.o(i.__0vsprintf)
    __c89vsprintf                            0x080106f1   Thumb Code     0  printfa.o(i.__0vsprintf)
    vsprintf                                 0x080106f1   Thumb Code     0  printfa.o(i.__0vsprintf)
    __ARM_common_memset4_12                  0x08010715   Thumb Code    18  fat.o(i.__ARM_common_memset4_12)
    __scatterload_copy                       0x08010727   Thumb Code    14  handlers.o(i.__scatterload_copy)
    __scatterload_null                       0x08010735   Thumb Code     2  handlers.o(i.__scatterload_null)
    __scatterload_zeroinit                   0x08010737   Thumb Code    14  handlers.o(i.__scatterload_zeroinit)
    free                                     0x08011135   Thumb Code    76  malloc.o(i.free)
    malloc                                   0x08011185   Thumb Code    92  malloc.o(i.malloc)
    ASCII_Table                              0x08011422   Data        4560  lcd.o(.constdata)
    codeGB_48                                0x080125f2   Data        3190  gb4848.o(.constdata)
    code24x48                                0x08013268   Data        1450  24x48.o(.constdata)
    Region$$Table$$Base                      0x08013814   Number         0  anon$$obj.o(Region$$Table)
    Region$$Table$$Limit                     0x08013834   Number         0  anon$$obj.o(Region$$Table)
    current_time                             0x20000004   Data           4  main.o(.data)
    B1_event_flag                            0x20000008   Data           1  main.o(.data)
    B2_event_flag                            0x20000009   Data           1  main.o(.data)
    B6_event_flag                            0x2000000a   Data           1  main.o(.data)
    EraseStatus                              0x2000000b   Data           1  main.o(.data)
    TransferStatus1                          0x2000000c   Data           1  main.o(.data)
    TransferStatus2                          0x2000000d   Data           1  main.o(.data)
    Status                                   0x2000000e   Data           1  main.o(.data)
    buffer_data                              0x2000000f   Data           2  main.o(.data)
    Brightness_level                         0x20000011   Data           1  main.o(.data)
    sd_Capacity                              0x20000014   Data           4  main.o(.data)
    SDConfigFlag                             0x20000018   Data           1  main.o(.data)
    SDShowFlag                               0x20000019   Data           1  main.o(.data)
    SDShowTimes                              0x2000001a   Data           1  main.o(.data)
    GPIO_InitStructure                       0x2000001c   Data           4  main.o(.data)
    EXTI_InitStructure                       0x20000020   Data           8  main.o(.data)
    HorA                                     0x20000028   Data           1  main.o(.data)
    pic_num                                  0x20000029   Data           1  main.o(.data)
    pic_num_string                           0x2000002a   Data           1  main.o(.data)
    PIP_SWITCH_flag                          0x2000002b   Data           1  main.o(.data)
    PIC_NUM                                  0x2000002c   Data           1  main.o(.data)
    DELAY_15                                 0x2000002e   Data           2  main.o(.data)
    CCR3_Val                                 0x20000030   Data           2  main.o(.data)
    mem_buffer1                              0x2000003a   Data          22  spi_flash.o(.data)
    LCM_TYPE                                 0x20000054   Data           1  config_hard.o(.data)
    ID_OK                                    0x20000055   Data           1  config_hard.o(.data)
    ID1_READ                                 0x20000056   Data           1  config_hard.o(.data)
    ID2_READ                                 0x20000057   Data           1  config_hard.o(.data)
    ID3_READ                                 0x20000058   Data           1  config_hard.o(.data)
    ID1_VALUE                                0x20000059   Data           1  config_hard.o(.data)
    ID2_VALUE                                0x2000005a   Data           1  config_hard.o(.data)
    ID3_VALUE                                0x2000005b   Data           1  config_hard.o(.data)
    ID1_register                             0x2000005c   Data           1  config_hard.o(.data)
    ID2_register                             0x2000005d   Data           1  config_hard.o(.data)
    ID3_register                             0x2000005e   Data           1  config_hard.o(.data)
    mm_KEYB10                                0x20000060   Data           2  config_hard.o(.data)
    mm_KEYB1                                 0x20000062   Data           2  config_hard.o(.data)
    mm_KEYB11                                0x20000064   Data           2  config_hard.o(.data)
    MIPI_SET                                 0x20000066   Data           6  config_hard.o(.data)
    MIPI_LP_TIMING                           0x2000006c   Data           8  config_hard.o(.data)
    MIPI_HS_TIMING                           0x20000074   Data           8  config_hard.o(.data)
    MIPI_CLK_TIMING                          0x2000007c   Data           8  config_hard.o(.data)
    PIC_SET_CACHE                            0x20000084   Data          60  config_hard.o(.data)
    MIPI_SET_iphone_5C                       0x200000c0   Data           6  config_hard.o(.data)
    TIMING_SET_iphone_5C                     0x200000c6   Data          18  config_hard.o(.data)
    PIC_SET_CACHE_iphone_5C                  0x200000d8   Data          60  config_hard.o(.data)
    MIPI_SET_iphone_5s                       0x20000114   Data           6  config_hard.o(.data)
    TIMING_SET_iphone_5s                     0x2000011a   Data          18  config_hard.o(.data)
    PIC_SET_CACHE_iphone_5s                  0x2000012c   Data          60  config_hard.o(.data)
    MIPI_SET_iphone_6                        0x20000168   Data           6  config_hard.o(.data)
    TIMING_SET_iphone_6                      0x2000016e   Data          18  config_hard.o(.data)
    PIC_SET_CACHE_iphone_6                   0x20000180   Data          60  config_hard.o(.data)
    MIPI_SET_iphone_6AUO                     0x200001bc   Data           6  config_hard.o(.data)
    TIMING_SET_iphone_6AUO                   0x200001c2   Data          18  config_hard.o(.data)
    PIC_SET_CACHE_iphone_6AUO                0x200001d4   Data          60  config_hard.o(.data)
    MIPI_SET_iphone_6IVO                     0x20000210   Data           6  config_hard.o(.data)
    TIMING_SET_iphone_6IVO                   0x20000216   Data          18  config_hard.o(.data)
    PIC_SET_CACHE_iphone_6IVO                0x20000228   Data          60  config_hard.o(.data)
    MIPI_SET_iphone_5                        0x20000264   Data           6  config_hard.o(.data)
    TIMING_SET_iphone_5                      0x2000026a   Data          18  config_hard.o(.data)
    PIC_SET_CACHE_iphone_5                   0x2000027c   Data          60  config_hard.o(.data)
    MIPI_SET_iphone_6plus                    0x200002b8   Data           6  config_hard.o(.data)
    TIMING_SET_iphone_6plus                  0x200002be   Data          18  config_hard.o(.data)
    PIC_SET_CACHE_iphone_6plus               0x200002d0   Data          60  config_hard.o(.data)
    MIPI_SET_NOKIA_GPM1461A                  0x2000030c   Data           6  config_hard.o(.data)
    TIMING_SET_NOKIA_GPM1461A                0x20000312   Data          18  config_hard.o(.data)
    PIC_SET_CACHE_nokia                      0x20000324   Data          60  config_hard.o(.data)
    TOUCH_POINT1_X                           0x20000364   Data           2  gt9271.o(.data)
    TOUCH_POINT1_Y                           0x20000366   Data           2  gt9271.o(.data)
    TOUCH_POINT2_X                           0x20000368   Data           2  gt9271.o(.data)
    TOUCH_POINT2_Y                           0x2000036a   Data           2  gt9271.o(.data)
    TOUCH_POINT3_X                           0x2000036c   Data           2  gt9271.o(.data)
    TOUCH_POINT3_Y                           0x2000036e   Data           2  gt9271.o(.data)
    TOUCH_POINT4_X                           0x20000370   Data           2  gt9271.o(.data)
    TOUCH_POINT4_Y                           0x20000372   Data           2  gt9271.o(.data)
    TOUCH_POINT5_X                           0x20000374   Data           2  gt9271.o(.data)
    TOUCH_POINT5_Y                           0x20000376   Data           2  gt9271.o(.data)
    TOUCH_POINT6_X                           0x20000378   Data           2  gt9271.o(.data)
    TOUCH_POINT6_Y                           0x2000037a   Data           2  gt9271.o(.data)
    TOUCH_POINT7_X                           0x2000037c   Data           2  gt9271.o(.data)
    TOUCH_POINT7_Y                           0x2000037e   Data           2  gt9271.o(.data)
    TOUCH_POINT8_X                           0x20000380   Data           2  gt9271.o(.data)
    TOUCH_POINT8_Y                           0x20000382   Data           2  gt9271.o(.data)
    TOUCH_POINT9_X                           0x20000384   Data           2  gt9271.o(.data)
    TOUCH_POINT9_Y                           0x20000386   Data           2  gt9271.o(.data)
    TOUCH_POINT10_X                          0x20000388   Data           2  gt9271.o(.data)
    TOUCH_POINT10_Y                          0x2000038a   Data           2  gt9271.o(.data)
    TP_PROJECT_NAME                          0x2000038c   Data           1  gt9271.o(.data)
    pucData                                  0x2000038d   Data           2  gt9271.o(.data)
    TOUCH_TX                                 0x2000038f   Data           1  gt9271.o(.data)
    TOUCH_RX                                 0x20000390   Data           1  gt9271.o(.data)
    TOUCH_POINT_SUM                          0x20000392   Data           2  gt9271.o(.data)
    RESULT_AUTO_CHECK_NUM                    0x20000394   Data           2  gt9271.o(.data)
    CTP_DEVICE_ADDRESS_GT9271                0x20000396   Data           1  gt9271.o(.data)
    CTP_GOOD_SAMPLE_NUM                      0x20000397   Data           1  gt9271.o(.data)
    IDD_UA_preset                            0x20000398   Data           2  iic_current.o(.data)
    IDD_UA_decom                             0x2000039a   Data           2  iic_current.o(.data)
    IDD_MA                                   0x2000039c   Data           2  iic_current.o(.data)
    image_count                              0x2000039e   Data           2  disp2.o(.data)
    image_all                                0x200003a0   Data           2  disp2.o(.data)
    SCAN_FREQ                                0x200003ba   Data           2  ra8876.o(.data)
    TransferError                            0x200003c4   Data           1  sdcard.o(.data)
    TransferEnd                              0x200003dc   Data           4  sdcard.o(.data)
    NumberOfBytes                            0x200003e0   Data           4  sdcard.o(.data)
    SrcBuffer                                0x200003e4   Data           4  sdcard.o(.data)
    DestBuffer                               0x200003e8   Data           4  sdcard.o(.data)
    LongNameFlag                             0x200003ec   Data           1  fat.o(.data)
    FAT32_Enable                             0x200003ed   Data           1  fat.o(.data)
    BytesPerSector                           0x200003ee   Data           2  fat.o(.data)
    SectorsPerClust                          0x200003f0   Data           2  fat.o(.data)
    FirstDirClust                            0x200003f4   Data           4  fat.o(.data)
    FirstDataSector                          0x200003f8   Data           4  fat.o(.data)
    FATsectors                               0x200003fc   Data           4  fat.o(.data)
    FirstFATSector                           0x20000400   Data           4  fat.o(.data)
    FirstDirSector                           0x20000404   Data           4  fat.o(.data)
    RootDirSectors                           0x20000408   Data           4  fat.o(.data)
    RootDirCount                             0x2000040c   Data           4  fat.o(.data)
    __stdout                                 0x20000410   Data           4  stdout.o(.data)
    __microlib_freelist                      0x20000414   Data           4  mvars.o(.data)
    __microlib_freelist_initialised          0x20000418   Data           4  mvars.o(.data)
    time_now                                 0x2000041c   Data          44  main.o(.bss)
    SDCardInfo                               0x20000448   Data          80  main.o(.bss)
    Buffer_Block_Tx                          0x20000498   Data         512  main.o(.bss)
    Buffer_Block_Rx                          0x20000698   Data         512  main.o(.bss)
    Buffer_MultiBlock_Tx                     0x20000898   Data        1024  main.o(.bss)
    Buffer_MultiBlock_Rx                     0x20000c98   Data        1024  main.o(.bss)
    buffer                                   0x20001098   Data        5000  main.o(.bss)
    tmp                                      0x20002420   Data          20  main.o(.bss)
    Flash_Data_Buff                          0x20002434   Data        4096  spi_flash.o(.bss)
    mem_buffer                               0x20003434   Data        4096  spi_flash.o(.bss)
    MIPI_Array                               0x20004434   Data         300  config_hard.o(.bss)
    MIPI_READ_DATA                           0x20004560   Data          10  config_hard.o(.bss)
    TIMING_SET                               0x2000456a   Data          18  config_hard.o(.bss)
    pucData_A                                0x2000457c   Data        1000  gt9271.o(.bss)
    TOUCH_XY_check                           0x20004964   Data         288  gt9271.o(.bss)
    RAWDATA_DEFAULT                          0x20004a84   Data        1400  gt9271.o(.bss)
    RAWDATA_DEFAULT_new                      0x20004ffc   Data        1400  gt9271.o(.bss)
    BMPInfo                                  0x20005574   Data          32  disp2.o(.bss)
    Testpar                                  0x20005594   Data         128  disp2.o(.bss)
    SDIO_InitStructure                       0x20005660   Data          24  sdcard.o(.bss)
    SDIO_CmdInitStructure                    0x20005678   Data          20  sdcard.o(.bss)
    SDIO_DataInitStructure                   0x2000568c   Data          24  sdcard.o(.bss)
    LongNameBuffer                           0x200056c0   Data         132  fat.o(.bss)
    FileInfo                                 0x20005744   Data          15  fat.o(.bss)
    recordBuf                                0x20005753   Data        1024  fat.o(.bss)
    __heap_base                              0x20005b58   Data           0  startup_stm32f10x_hd.o(HEAP)
    __heap_limit                             0x20005f58   Data           0  startup_stm32f10x_hd.o(HEAP)
    __initial_sp                             0x20006f58   Data           0  startup_stm32f10x_hd.o(STACK)



==============================================================================

Memory Map of the image

  Image Entry point : 0x08000131

  Load Region LR_IROM1 (Base: 0x08000000, Size: 0x00013c50, Max: 0x00040000, ABSOLUTE, COMPRESSED[0x000139a4])

    Execution Region ER_IROM1 (Base: 0x08000000, Size: 0x00013834, Max: 0x00040000, ABSOLUTE)

    Base Addr    Size         Type   Attr      Idx    E Section Name        Object

    0x08000000   0x00000130   Data   RO          529    RESET               startup_stm32f10x_hd.o
    0x08000130   0x00000000   Code   RO          786  * .ARM.Collect$$$$00000000  mc_w.l(entry.o)
    0x08000130   0x00000004   Code   RO         1087    .ARM.Collect$$$$00000001  mc_w.l(entry2.o)
    0x08000134   0x00000004   Code   RO         1090    .ARM.Collect$$$$00000004  mc_w.l(entry5.o)
    0x08000138   0x00000000   Code   RO         1092    .ARM.Collect$$$$00000008  mc_w.l(entry7b.o)
    0x08000138   0x00000000   Code   RO         1094    .ARM.Collect$$$$0000000A  mc_w.l(entry8b.o)
    0x08000138   0x00000008   Code   RO         1095    .ARM.Collect$$$$0000000B  mc_w.l(entry9a.o)
    0x08000140   0x00000000   Code   RO         1097    .ARM.Collect$$$$0000000D  mc_w.l(entry10a.o)
    0x08000140   0x00000000   Code   RO         1099    .ARM.Collect$$$$0000000F  mc_w.l(entry11a.o)
    0x08000140   0x00000004   Code   RO         1088    .ARM.Collect$$$$00002712  mc_w.l(entry2.o)
    0x08000144   0x000000be   Code   RO            1    .text               fsmc_sram.o
    0x08000202   0x00000002   PAD
    0x08000204   0x00001364   Code   RO           67    .text               main.o
    0x08001568   0x0000002a   Code   RO          142    .text               stm32f10x_it.o
    0x08001592   0x00000002   PAD
    0x08001594   0x000000c8   Code   RO          159    .text               delay.o
    0x0800165c   0x0000072c   Code   RO          173    .text               spi_flash.o
    0x08001d88   0x000000dc   Code   RO          189    .text               usart.o
    0x08001e64   0x00002408   Code   RO          249    .text               config_hard.o
    0x0800426c   0x0000042e   Code   RO          276    .text               lcd1602.o
    0x0800469a   0x00000002   PAD
    0x0800469c   0x00001360   Code   RO          288    .text               gt9271.o
    0x080059fc   0x00000690   Code   RO          318    .text               iic_current.o
    0x0800608c   0x00000378   Code   RO          337    .text               disp2.o
    0x08006404   0x000000dc   Code   RO          363    .text               misc.o
    0x080064e0   0x00000140   Code   RO          375    .text               stm32f10x_exti.o
    0x08006620   0x00000604   Code   RO          387    .text               stm32f10x_fsmc.o
    0x08006c24   0x00000330   Code   RO          399    .text               stm32f10x_gpio.o
    0x08006f54   0x000003a0   Code   RO          411    .text               stm32f10x_rcc.o
    0x080072f4   0x00000370   Code   RO          425    .text               stm32f10x_usart.o
    0x08007664   0x00000300   Code   RO          437    .text               stm32f10x_spi.o
    0x08007964   0x00000240   Code   RO          449    .text               stm32f10x_dma.o
    0x08007ba4   0x000001c8   Code   RO          461    .text               stm32f10x_sdio.o
    0x08007d6c   0x00000bc6   Code   RO          515    .text               stm32f10x_tim.o
    0x08008932   0x00000002   PAD
    0x08008934   0x00000030   Code   RO          530    .text               startup_stm32f10x_hd.o
    0x08008964   0x000030a4   Code   RO          535    .text               ra8876.o
    0x0800ba08   0x00000cec   Code   RO          560    .text               lcd.o
    0x0800c6f4   0x00000138   Code   RO          624    .text               system_stm32f10x.o
    0x0800c82c   0x00001d3c   Code   RO          654    .text               SDFAT.lib(sdcard.o)
    0x0800e568   0x00001b80   Code   RO          758    .text               SDFAT.lib(fat.o)
    0x080100e8   0x00000024   Code   RO          792    .text               mc_w.l(memcpya.o)
    0x0801010c   0x00000024   Code   RO          794    .text               mc_w.l(memseta.o)
    0x08010130   0x0000002c   Code   RO         1102    .text               mc_w.l(uidiv.o)
    0x0801015c   0x00000062   Code   RO         1104    .text               mc_w.l(uldiv.o)
    0x080101be   0x00000000   Code   RO         1108    .text               mc_w.l(iusefp.o)
    0x080101be   0x0000014e   Code   RO         1109    .text               mf_w.l(dadd.o)
    0x0801030c   0x000000e4   Code   RO         1111    .text               mf_w.l(dmul.o)
    0x080103f0   0x000000de   Code   RO         1113    .text               mf_w.l(ddiv.o)
    0x080104ce   0x00000030   Code   RO         1115    .text               mf_w.l(dfixul.o)
    0x080104fe   0x00000002   PAD
    0x08010500   0x00000030   Code   RO         1117    .text               mf_w.l(cdrcmple.o)
    0x08010530   0x00000024   Code   RO         1119    .text               mc_w.l(init.o)
    0x08010554   0x0000001e   Code   RO         1121    .text               mc_w.l(llshl.o)
    0x08010572   0x00000020   Code   RO         1123    .text               mc_w.l(llushr.o)
    0x08010592   0x00000024   Code   RO         1125    .text               mc_w.l(llsshr.o)
    0x080105b6   0x000000ba   Code   RO         1127    .text               mf_w.l(depilogue.o)
    0x08010670   0x0000005e   Code   RO         1137    .text               mc_w.l(__dclz77c.o)
    0x080106ce   0x00000002   PAD
    0x080106d0   0x00000020   Code   RO          843    i.__0printf$1       mc_w.l(printf1.o)
    0x080106f0   0x00000024   Code   RO         1037    i.__0vsprintf       mc_w.l(printfa.o)
    0x08010714   0x00000012   Code   RO          774    i.__ARM_common_memset4_12  SDFAT.lib(fat.o)
    0x08010726   0x0000000e   Code   RO         1131    i.__scatterload_copy  mc_w.l(handlers.o)
    0x08010734   0x00000002   Code   RO         1132    i.__scatterload_null  mc_w.l(handlers.o)
    0x08010736   0x0000000e   Code   RO         1133    i.__scatterload_zeroinit  mc_w.l(handlers.o)
    0x08010744   0x00000164   Code   RO         1038    i._fp_digits        mc_w.l(printfa.o)
    0x080108a8   0x00000154   Code   RO          850    i._printf_core      mc_w.l(printf1.o)
    0x080109fc   0x000006dc   Code   RO         1039    i._printf_core      mc_w.l(printfa.o)
    0x080110d8   0x00000024   Code   RO         1040    i._printf_post_padding  mc_w.l(printfa.o)
    0x080110fc   0x0000002e   Code   RO         1041    i._printf_pre_padding  mc_w.l(printfa.o)
    0x0801112a   0x0000000a   Code   RO         1043    i._sputc            mc_w.l(printfa.o)
    0x08011134   0x00000050   Code   RO         1059    i.free              mc_w.l(malloc.o)
    0x08011184   0x0000006c   Code   RO         1060    i.malloc            mc_w.l(malloc.o)
    0x080111f0   0x00000232   Data   RO          290    .constdata          gt9271.o
    0x08011422   0x000011d0   Data   RO          561    .constdata          lcd.o
    0x080125f2   0x00000c76   Data   RO          591    .constdata          gb4848.o
    0x08013268   0x000005aa   Data   RO          606    .constdata          24x48.o
    0x08013812   0x00000002   PAD
    0x08013814   0x00000020   Data   RO         1129    Region$$Table       anon$$obj.o


    Execution Region RW_IRAM1 (Base: 0x20000000, Size: 0x00006f58, Max: 0x0000c000, ABSOLUTE, COMPRESSED[0x00000170])

    Base Addr    Size         Type   Attr      Idx    E Section Name        Object

    0x20000000   0x00000032   Data   RW           69    .data               main.o
    0x20000032   0x00000004   Data   RW          160    .data               delay.o
    0x20000036   0x0000001a   Data   RW          175    .data               spi_flash.o
    0x20000050   0x00000310   Data   RW          251    .data               config_hard.o
    0x20000360   0x00000038   Data   RW          291    .data               gt9271.o
    0x20000398   0x00000006   Data   RW          319    .data               iic_current.o
    0x2000039e   0x00000004   Data   RW          339    .data               disp2.o
    0x200003a2   0x00000014   Data   RW          412    .data               stm32f10x_rcc.o
    0x200003b6   0x00000006   Data   RW          536    .data               ra8876.o
    0x200003bc   0x00000008   Data   RW          562    .data               lcd.o
    0x200003c4   0x00000028   Data   RW          656    .data               SDFAT.lib(sdcard.o)
    0x200003ec   0x00000024   Data   RW          763    .data               SDFAT.lib(fat.o)
    0x20000410   0x00000004   Data   RW         1101    .data               mc_w.l(stdout.o)
    0x20000414   0x00000004   Data   RW         1106    .data               mc_w.l(mvars.o)
    0x20000418   0x00000004   Data   RW         1107    .data               mc_w.l(mvars.o)
    0x2000041c   0x00002018   Zero   RW           68    .bss                main.o
    0x20002434   0x00002000   Zero   RW          174    .bss                spi_flash.o
    0x20004434   0x00000148   Zero   RW          250    .bss                config_hard.o
    0x2000457c   0x00000ff8   Zero   RW          289    .bss                gt9271.o
    0x20005574   0x000000a0   Zero   RW          338    .bss                disp2.o
    0x20005614   0x0000002c   PAD
    0x20005640   0x00000064   Zero   RW          655    .bss                SDFAT.lib(sdcard.o)
    0x200056a4   0x0000001c   PAD
    0x200056c0   0x00000493   Zero   RW          760    .bss                SDFAT.lib(fat.o)
    0x20005b53   0x00000005   PAD
    0x20005b58   0x00000400   Zero   RW          528    HEAP                startup_stm32f10x_hd.o
    0x20005f58   0x00001000   Zero   RW          527    STACK               startup_stm32f10x_hd.o


==============================================================================

Image component sizes


      Code (inc. data)   RO Data    RW Data    ZI Data      Debug   Object Name

         0          0       1450          0          0        524   24x48.o
      9224        584          0        784        328      17648   config_hard.o
       200          8          0          4          0       1153   delay.o
       888         34          0          4        160       2744   disp2.o
       190          0          0          0          0     286698   fsmc_sram.o
         0          0       3190          0          0        528   gb4848.o
      4960        394        562         56       4088      12297   gt9271.o
      1680         30          0          6          0       5907   iic_current.o
      3308         66       4560          8          0      13639   lcd.o
      1070         12          0          0          0       3592   lcd1602.o
      4964        550          0         50       8216      20064   main.o
       220         22          0          0          0       1713   misc.o
     12452         80          0          6          0      72206   ra8876.o
      1836         26          0         26       8192       9068   spi_flash.o
        48         12        304          0       5120        856   startup_stm32f10x_hd.o
       576         16          0          0          0       3459   stm32f10x_dma.o
       320         14          0          0          0       2119   stm32f10x_exti.o
      1540         16          0          0          0       5287   stm32f10x_fsmc.o
       816         18          0          0          0       5167   stm32f10x_gpio.o
        42          0          0          0          0       1503   stm32f10x_it.o
       928         36          0         20          0       8800   stm32f10x_rcc.o
       456         22          0          0          0       6932   stm32f10x_sdio.o
       768          6          0          0          0       6318   stm32f10x_spi.o
      3014         16          0          0          0      24488   stm32f10x_tim.o
       880         12          0          0          0       7795   stm32f10x_usart.o
       312         16          0          0          0       1145   system_stm32f10x.o
       220         10          0          0          0       2372   usart.o

    ----------------------------------------------------------------------
     50920       2000      10100        964      26148     524022   Object Totals
         0          0         32          0          0          0   (incl. Generated)
         8          0          2          0         44          0   (incl. Padding)

    ----------------------------------------------------------------------

      Code (inc. data)   RO Data    RW Data    ZI Data      Debug   Library Member Name

      7058         78          0         36       1171      24272   fat.o
      7484        232          0         40        100      52447   sdcard.o
        94          0          0          0          0          0   __dclz77c.o
         0          0          0          0          0          0   entry.o
         0          0          0          0          0          0   entry10a.o
         0          0          0          0          0          0   entry11a.o
         8          4          0          0          0          0   entry2.o
         4          0          0          0          0          0   entry5.o
         0          0          0          0          0          0   entry7b.o
         0          0          0          0          0          0   entry8b.o
         8          4          0          0          0          0   entry9a.o
        30          0          0          0          0          0   handlers.o
        36          8          0          0          0         68   init.o
         0          0          0          0          0          0   iusefp.o
        30          0          0          0          0         68   llshl.o
        36          0          0          0          0         68   llsshr.o
        32          0          0          0          0         68   llushr.o
       188         20          0          0          0        160   malloc.o
        36          0          0          0          0         68   memcpya.o
        36          0          0          0          0        108   memseta.o
         0          0          0          8          0          0   mvars.o
       372         14          0          0          0        184   printf1.o
      2240         86          0          0          0        508   printfa.o
         0          0          0          4          0          0   stdout.o
        44          0          0          0          0         80   uidiv.o
        98          0          0          0          0         92   uldiv.o
        48          0          0          0          0         68   cdrcmple.o
       334          0          0          0          0        148   dadd.o
       222          0          0          0          0        100   ddiv.o
       186          0          0          0          0        176   depilogue.o
        48          0          0          0          0         68   dfixul.o
       228          0          0          0          0         96   dmul.o

    ----------------------------------------------------------------------
     18904        446          0         88       1304      78847   Library Totals
         4          0          0          0         33          0   (incl. Padding)

    ----------------------------------------------------------------------

      Code (inc. data)   RO Data    RW Data    ZI Data      Debug   Library Name

     14542        310          0         76       1271      76719   SDFAT.lib
      3292        136          0         12          0       1472   mc_w.l
      1066          0          0          0          0        656   mf_w.l

    ----------------------------------------------------------------------
     18904        446          0         88       1304      78847   Library Totals

    ----------------------------------------------------------------------

==============================================================================


      Code (inc. data)   RO Data    RW Data    ZI Data      Debug   

     69824       2446      10100       1052      27452     599097   Grand Totals
     69824       2446      10100        368      27452     599097   ELF Image Totals (compressed)
     69824       2446      10100        368          0          0   ROM Totals

==============================================================================

    Total RO  Size (Code + RO Data)                79924 (  78.05kB)
    Total RW  Size (RW Data + ZI Data)             28504 (  27.84kB)
    Total ROM Size (Code + RO Data + RW Data)      80292 (  78.41kB)

==============================================================================

