Component: ARM Compiler 5.06 update 1 (build 61) Tool: armlink [4d35a8]

==============================================================================

Section Cross References

    fsmc_sram.o(i.FSMC_LCD_Init_H) refers to stm32f10x_fsmc.o(i.FSMC_NORSRAMInit) for FSMC_NORSRAMInit
    fsmc_sram.o(i.FSMC_LCD_Init_H) refers to stm32f10x_fsmc.o(i.FSMC_NORSRAMCmd) for FSMC_NORSRAMCmd
    fsmc_sram.o(i.FSMC_LCD_Init_L) refers to stm32f10x_fsmc.o(i.FSMC_NORSRAMInit) for FSMC_NORSRAMInit
    fsmc_sram.o(i.FSMC_LCD_Init_L) refers to stm32f10x_fsmc.o(i.FSMC_NORSRAMCmd) for FSMC_NORSRAMCmd
    main.o(i.D3_timer3_ini_PWM_disable) refers to stm32f10x_gpio.o(i.GPIO_PinRemapConfig) for GPIO_PinRemapConfig
    main.o(i.D3_timer3_ini_PWM_disable) refers to stm32f10x_gpio.o(i.GPIO_Init) for GPIO_Init
    main.o(i.D3_timer3_ini_PWM_disable) refers to stm32f10x_tim.o(i.TIM_Cmd) for TIM_Cmd
    main.o(i.D3_timer3_ini_PWM_disable) refers to stm32f10x_tim.o(i.TIM_CtrlPWMOutputs) for TIM_CtrlPWMOutputs
    main.o(i.D3_timer3_ini_PWM_disable) refers to main.o(.data) for .data
    main.o(i.D3_timer3_ini_PWM_enable) refers to stm32f10x_gpio.o(i.GPIO_PinRemapConfig) for GPIO_PinRemapConfig
    main.o(i.D3_timer3_ini_PWM_enable) refers to stm32f10x_gpio.o(i.GPIO_Init) for GPIO_Init
    main.o(i.D3_timer3_ini_PWM_enable) refers to stm32f10x_tim.o(i.TIM_DeInit) for TIM_DeInit
    main.o(i.D3_timer3_ini_PWM_enable) refers to stm32f10x_tim.o(i.TIM_InternalClockConfig) for TIM_InternalClockConfig
    main.o(i.D3_timer3_ini_PWM_enable) refers to stm32f10x_tim.o(i.TIM_TimeBaseInit) for TIM_TimeBaseInit
    main.o(i.D3_timer3_ini_PWM_enable) refers to stm32f10x_tim.o(i.TIM_OCStructInit) for TIM_OCStructInit
    main.o(i.D3_timer3_ini_PWM_enable) refers to stm32f10x_tim.o(i.TIM_OC3Init) for TIM_OC3Init
    main.o(i.D3_timer3_ini_PWM_enable) refers to stm32f10x_tim.o(i.TIM_Cmd) for TIM_Cmd
    main.o(i.D3_timer3_ini_PWM_enable) refers to stm32f10x_tim.o(i.TIM_CtrlPWMOutputs) for TIM_CtrlPWMOutputs
    main.o(i.D3_timer3_ini_PWM_enable) refers to main.o(.data) for .data
    main.o(i.D4_timer3_ini_PWM_disable) refers to stm32f10x_gpio.o(i.GPIO_PinRemapConfig) for GPIO_PinRemapConfig
    main.o(i.D4_timer3_ini_PWM_disable) refers to stm32f10x_gpio.o(i.GPIO_Init) for GPIO_Init
    main.o(i.D4_timer3_ini_PWM_disable) refers to stm32f10x_tim.o(i.TIM_Cmd) for TIM_Cmd
    main.o(i.D4_timer3_ini_PWM_disable) refers to stm32f10x_tim.o(i.TIM_CtrlPWMOutputs) for TIM_CtrlPWMOutputs
    main.o(i.D4_timer3_ini_PWM_disable) refers to main.o(.data) for .data
    main.o(i.D4_timer3_ini_PWM_enable) refers to stm32f10x_gpio.o(i.GPIO_PinRemapConfig) for GPIO_PinRemapConfig
    main.o(i.D4_timer3_ini_PWM_enable) refers to stm32f10x_gpio.o(i.GPIO_Init) for GPIO_Init
    main.o(i.D4_timer3_ini_PWM_enable) refers to stm32f10x_tim.o(i.TIM_DeInit) for TIM_DeInit
    main.o(i.D4_timer3_ini_PWM_enable) refers to stm32f10x_tim.o(i.TIM_InternalClockConfig) for TIM_InternalClockConfig
    main.o(i.D4_timer3_ini_PWM_enable) refers to stm32f10x_tim.o(i.TIM_TimeBaseInit) for TIM_TimeBaseInit
    main.o(i.D4_timer3_ini_PWM_enable) refers to stm32f10x_tim.o(i.TIM_OCStructInit) for TIM_OCStructInit
    main.o(i.D4_timer3_ini_PWM_enable) refers to stm32f10x_tim.o(i.TIM_OC4Init) for TIM_OC4Init
    main.o(i.D4_timer3_ini_PWM_enable) refers to stm32f10x_tim.o(i.TIM_Cmd) for TIM_Cmd
    main.o(i.D4_timer3_ini_PWM_enable) refers to stm32f10x_tim.o(i.TIM_CtrlPWMOutputs) for TIM_CtrlPWMOutputs
    main.o(i.D4_timer3_ini_PWM_enable) refers to main.o(.data) for .data
    main.o(i.EXTI_Configuration) refers to stm32f10x_gpio.o(i.GPIO_EXTILineConfig) for GPIO_EXTILineConfig
    main.o(i.EXTI_Configuration) refers to stm32f10x_exti.o(i.EXTI_Init) for EXTI_Init
    main.o(i.GPIO_Configuration) refers to stm32f10x_gpio.o(i.GPIO_Init) for GPIO_Init
    main.o(i.GPIO_Configuration) refers to stm32f10x_gpio.o(i.GPIO_ResetBits) for GPIO_ResetBits
    main.o(i.GPIO_Configuration) refers to stm32f10x_gpio.o(i.GPIO_SetBits) for GPIO_SetBits
    main.o(i.NVIC_Configuration) refers to misc.o(i.NVIC_SetVectorTable) for NVIC_SetVectorTable
    main.o(i.NVIC_Configuration) refers to misc.o(i.NVIC_PriorityGroupConfig) for NVIC_PriorityGroupConfig
    main.o(i.NVIC_Configuration) refers to misc.o(i.NVIC_Init) for NVIC_Init
    main.o(i.RCC_Configuration) refers to system_stm32f10x.o(i.SystemInit) for SystemInit
    main.o(i.RCC_Configuration) refers to stm32f10x_rcc.o(i.RCC_APB2PeriphClockCmd) for RCC_APB2PeriphClockCmd
    main.o(i.RCC_Configuration) refers to stm32f10x_rcc.o(i.RCC_APB1PeriphClockCmd) for RCC_APB1PeriphClockCmd
    main.o(i.SDPicShow) refers to disp.o(i.Disp_BMP) for Disp_BMP
    main.o(i.SDPicShow) refers to main.o(.data) for .data
    main.o(i.SDPicShow) refers to disp.o(.data) for image_count
    main.o(i.detect_button_B1) refers to stm32f10x_gpio.o(i.GPIO_ReadInputDataBit) for GPIO_ReadInputDataBit
    main.o(i.detect_button_B1) refers to delay.o(i.delay_ms) for delay_ms
[...]
    project\sdcard.c                         0x00000000   Number         0  sdcard.o ABSOLUTE
    startup\startup_stm32f10x_hd.s           0x00000000   Number         0  startup_stm32f10x_hd.o ABSOLUTE
    user\GT9271.c                            0x00000000   Number         0  gt9271.o ABSOLUTE
    user\LCD1602.c                           0x00000000   Number         0  lcd1602.o ABSOLUTE
    user\SPI_Flash.c                         0x00000000   Number         0  spi_flash.o ABSOLUTE
    user\config_hard.c                       0x00000000   Number         0  config_hard.o ABSOLUTE
    user\delay.c                             0x00000000   Number         0  delay.o ABSOLUTE
    user\disp.c                              0x00000000   Number         0  disp.o ABSOLUTE
    user\fsmc_sram.c                         0x00000000   Number         0  fsmc_sram.o ABSOLUTE
    user\main.c                              0x00000000   Number         0  main.o ABSOLUTE
    user\ra8876_demo.c                       0x00000000   Number         0  ra8876_demo.o ABSOLUTE
    user\stm32f10x_it.c                      0x00000000   Number         0  stm32f10x_it.o ABSOLUTE
    user\usart.c                             0x00000000   Number         0  usart.o ABSOLUTE
    RESET                                    0x08000000   Section      304  startup_stm32f10x_hd.o(RESET)
    .ARM.Collect$$$$00000000                 0x08000130   Section        0  entry.o(.ARM.Collect$$$$00000000)
    .ARM.Collect$$$$00000001                 0x08000130   Section        4  entry2.o(.ARM.Collect$$$$00000001)
    .ARM.Collect$$$$00000004                 0x08000134   Section        4  entry5.o(.ARM.Collect$$$$00000004)
    .ARM.Collect$$$$00000008                 0x08000138   Section        0  entry7b.o(.ARM.Collect$$$$00000008)
    .ARM.Collect$$$$0000000A                 0x08000138   Section        0  entry8b.o(.ARM.Collect$$$$0000000A)
    .ARM.Collect$$$$0000000B                 0x08000138   Section        8  entry9a.o(.ARM.Collect$$$$0000000B)
    .ARM.Collect$$$$0000000D                 0x08000140   Section        0  entry10a.o(.ARM.Collect$$$$0000000D)
    .ARM.Collect$$$$0000000F                 0x08000140   Section        0  entry11a.o(.ARM.Collect$$$$0000000F)
    .ARM.Collect$$$$00002712                 0x08000140   Section        4  entry2.o(.ARM.Collect$$$$00002712)
    __lit__00000000                          0x08000140   Data           4  entry2.o(.ARM.Collect$$$$00002712)
    .text                                    0x08000144   Section       48  startup_stm32f10x_hd.o(.text)
    .text                                    0x08000174   Section        0  sdcard.o(.text)
    CmdResp1Error                            0x08000329   Thumb Code   296  sdcard.o(.text)
    SDEnWideBus                              0x0800092f   Thumb Code   548  sdcard.o(.text)
    IsCardProgramming                        0x0800111d   Thumb Code   364  sdcard.o(.text)
    .text                                    0x08001eb0   Section        0  fat.o(.text)
    .text                                    0x08003a30   Section        0  memcpya.o(.text)
    .text                                    0x08003a54   Section        0  memseta.o(.text)
    .text                                    0x08003a78   Section        0  uidiv.o(.text)
    .text                                    0x08003aa4   Section       36  init.o(.text)
    i.Active_Window_WH                       0x08003ac8   Section        0  ra8876.o(i.Active_Window_WH)
    i.Active_Window_XY                       0x08003af2   Section        0  ra8876.o(i.Active_Window_XY)
    i.BL_OFF                                 0x08003b1c   Section        0  config_hard.o(i.BL_OFF)
    i.BL_ON                                  0x08003b28   Section        0  config_hard.o(i.BL_ON)
    i.BusFault_Handler                       0x08003b34   Section        0  stm32f10x_it.o(i.BusFault_Handler)
    i.CTP_GT9271_TEST                        0x08003b38   Section        0  gt9271.o(i.CTP_GT9271_TEST)
    i.CTP_RAWDATA_new_GET                    0x08003bc0   Section        0  gt9271.o(i.CTP_RAWDATA_new_GET)
    i.CTP_TOUCH_CHECK_A                      0x08003bf0   Section        0  gt9271.o(i.CTP_TOUCH_CHECK_A)
    i.Canvas_Image_Start_address             0x08003d74   Section        0  ra8876.o(i.Canvas_Image_Start_address)
    i.Canvas_image_width                     0x08003da0   Section        0  ra8876.o(i.Canvas_image_width)
    i.Check_Mem_WR_FIFO_not_Full             0x08003db8   Section        0  ra8876.o(i.Check_Mem_WR_FIFO_not_Full)
    i.Check_SDRAM_Ready                      0x08003dc4   Section        0  ra8876.o(i.Check_SDRAM_Ready)
    i.Clear_LCD1602                          0x08003dd0   Section        0  lcd1602.o(i.Clear_LCD1602)
    i.DE_High_Active                         0x08003dd8   Section        0  ra8876.o(i.DE_High_Active)
    i.DMA_ClearFlag                          0x08003df0   Section        0  stm32f10x_dma.o(i.DMA_ClearFlag)
    i.DMA_Cmd                                0x08003e08   Section        0  stm32f10x_dma.o(i.DMA_Cmd)
    i.DMA_GetFlagStatus                      0x08003e1c   Section        0  stm32f10x_dma.o(i.DMA_GetFlagStatus)
    i.DMA_Init                               0x08003e3c   Section        0  stm32f10x_dma.o(i.DMA_Init)
    i.DebugMon_Handler                       0x08003e76   Section        0  stm32f10x_it.o(i.DebugMon_Handler)
    i.DelayMs                                0x08003e78   Section        0  config_hard.o(i.DelayMs)
    i.Disp_BMP                               0x08003e7c   Section        0  disp.o(i.Disp_BMP)
    i.Display_ON                             0x08004018   Section        0  ra8876.o(i.Display_ON)
    i.EXTI_Configuration                     0x08004034   Section        0  main.o(i.EXTI_Configuration)
    i.EXTI_Init                              0x0800407c   Section        0  stm32f10x_exti.o(i.EXTI_Init)
    i.FSMC_LCD_Init_H                        0x08004100   Section        0  fsmc_sram.o(i.FSMC_LCD_Init_H)
    i.FSMC_NORSRAMCmd                        0x08004154   Section        0  stm32f10x_fsmc.o(i.FSMC_NORSRAMCmd)
    i.FSMC_NORSRAMInit                       0x08004174   Section        0  stm32f10x_fsmc.o(i.FSMC_NORSRAMInit)
    i.GPIO_Configuration                     0x08004238   Section        0  main.o(i.GPIO_Configuration)
    i.GPIO_EXTILineConfig                    0x0800435c   Section        0  stm32f10x_gpio.o(i.GPIO_EXTILineConfig)
    i.GPIO_Init                              0x08004384   Section        0  stm32f10x_gpio.o(i.GPIO_Init)
    i.GPIO_PinRemapConfig                    0x08004420   Section        0  stm32f10x_gpio.o(i.GPIO_PinRemapConfig)
    i.GPIO_ReadInputDataBit                  0x08004468   Section        0  stm32f10x_gpio.o(i.GPIO_ReadInputDataBit)
    i.GPIO_ResetBits                         0x08004476   Section        0  stm32f10x_gpio.o(i.GPIO_ResetBits)
    i.GPIO_SetBits                           0x0800447a   Section        0  stm32f10x_gpio.o(i.GPIO_SetBits)
    i.GT9271_GPIO_Config                     0x08004480   Section        0  gt9271.o(i.GT9271_GPIO_Config)
    i.GT9271_I2CReceive                      0x080044f8   Section        0  gt9271.o(i.GT9271_I2CReceive)
    i.GT9271_I2CReciveByte                   0x0800456c   Section        0  gt9271.o(i.GT9271_I2CReciveByte)
    i.GT9271_I2CSDASetInput                  0x080045f4   Section        0  gt9271.o(i.GT9271_I2CSDASetInput)
    i.GT9271_I2CSDASetOutput                 0x08004610   Section        0  gt9271.o(i.GT9271_I2CSDASetOutput)
    i.GT9271_I2CSend                         0x08004634   Section        0  gt9271.o(i.GT9271_I2CSend)
    i.GT9271_I2CSendByte                     0x08004688   Section        0  gt9271.o(i.GT9271_I2CSendByte)
    i.GT9271_I2CStart                        0x08004710   Section        0  gt9271.o(i.GT9271_I2CStart)
    i.GT9271_I2CStop                         0x0800474c   Section        0  gt9271.o(i.GT9271_I2CStop)
    i.Goto_Pixel_XY                          0x08004788   Section        0  ra8876.o(i.Goto_Pixel_XY)
    i.Graphic_Mode                           0x080047b4   Section        0  ra8876.o(i.Graphic_Mode)
    i.HSCAN_L_to_R                           0x080047cc   Section        0  ra8876.o(i.HSCAN_L_to_R)
    i.HSYNC_Low_Active                       0x080047e4   Section        0  ra8876.o(i.HSYNC_Low_Active)
    i.HardFault_Handler                      0x080047fc   Section        0  stm32f10x_it.o(i.HardFault_Handler)
    i.HardWare_GPIO_Configuration            0x08004800   Section        0  config_hard.o(i.HardWare_GPIO_Configuration)
    i.Host_Bus_16bit                         0x08004898   Section        0  ra8876.o(i.Host_Bus_16bit)
    i.LCD1602_Init                           0x080048b4   Section        0  lcd1602.o(i.LCD1602_Init)
    i.LCD1602_PIN_Configuration              0x0800495c   Section        0  lcd1602.o(i.LCD1602_PIN_Configuration)
    i.LCD1602_Write                          0x080049fc   Section        0  lcd1602.o(i.LCD1602_Write)
    i.LCD1602_Write_L4BIT                    0x08004a70   Section        0  lcd1602.o(i.LCD1602_Write_L4BIT)
    i.LCD1602_display_DATA                   0x08004ac8   Section        0  lcd1602.o(i.LCD1602_display_DATA)
    i.LCD1602_display_Line                   0x08004b3a   Section        0  lcd1602.o(i.LCD1602_display_Line)
    i.LCD1602_display_Line_A                 0x08004b5e   Section        0  lcd1602.o(i.LCD1602_display_Line_A)
    i.LCD_All_color                          0x08004b88   Section        0  lcd.o(i.LCD_All_color)
    i.LCD_DisplayString_A                    0x08004c00   Section        0  lcd.o(i.LCD_DisplayString_A)
    i.LCD_DrawPoint                          0x08004c34   Section        0  lcd.o(i.LCD_DrawPoint)
    i.LCD_HSYNC_Pulse_Width                  0x08004c70   Section        0  ra8876.o(i.LCD_HSYNC_Pulse_Width)
    i.LCD_HSYNC_Start_Position               0x08004c98   Section        0  ra8876.o(i.LCD_HSYNC_Start_Position)
    i.LCD_HorizontalWidth_VerticalHeight     0x08004cbc   Section        0  ra8876.o(i.LCD_HorizontalWidth_VerticalHeight)
    i.LCD_Horizontal_Non_Display             0x08004d0c   Section        0  ra8876.o(i.LCD_Horizontal_Non_Display)
    i.LCD_PutChar_A                          0x08004d3c   Section        0  lcd.o(i.LCD_PutChar_A)
    i.LCD_RegisterWrite                      0x08004de4   Section        0  ra8876.o(i.LCD_RegisterWrite)
    i.LCD_SetCursor                          0x08004df4   Section        0  lcd.o(i.LCD_SetCursor)
    i.LCD_SetPoint_A                         0x08004e20   Section        0  lcd.o(i.LCD_SetPoint_A)
    i.LCD_Set_DisplayWindow                  0x08004e64   Section        0  lcd.o(i.LCD_Set_DisplayWindow)
    i.LCD_VSYNC_Pulse_Width                  0x08004eb0   Section        0  ra8876.o(i.LCD_VSYNC_Pulse_Width)
    i.LCD_VSYNC_Start_Position               0x08004ec8   Section        0  ra8876.o(i.LCD_VSYNC_Start_Position)
    i.LCD_Vertical_Non_Display               0x08004ee0   Section        0  ra8876.o(i.LCD_Vertical_Non_Display)
    i.LCD_WriteArea                          0x08004f00   Section        0  lcd.o(i.LCD_WriteArea)
    i.LCD_WriteRAM_Prepare                   0x08004f74   Section        0  lcd.o(i.LCD_WriteRAM_Prepare)
    i.MIPI_Protocol_Write                    0x08004f80   Section        0  config_hard.o(i.MIPI_Protocol_Write)
    i.MIPI_SPI_Write                         0x08004fb8   Section        0  config_hard.o(i.MIPI_SPI_Write)
    i.Main_Image_Start_Address               0x08004ff0   Section        0  ra8876.o(i.Main_Image_Start_Address)
    i.Main_Image_Width                       0x0800501c   Section        0  ra8876.o(i.Main_Image_Width)
    i.Main_Window_Start_XY                   0x08005034   Section        0  ra8876.o(i.Main_Window_Start_XY)
    i.MemManage_Handler                      0x0800505e   Section        0  stm32f10x_it.o(i.MemManage_Handler)
    i.MemWrite_Left_Right_Top_Down           0x08005060   Section        0  ra8876.o(i.MemWrite_Left_Right_Top_Down)
    i.Memory_24bpp_Mode                      0x08005078   Section        0  ra8876.o(i.Memory_24bpp_Mode)
    i.Memory_Select_SDRAM                    0x08005094   Section        0  ra8876.o(i.Memory_Select_SDRAM)
    i.Memory_XY_Mode                         0x080050ac   Section        0  ra8876.o(i.Memory_XY_Mode)
    i.NMI_Handler                            0x080050c4   Section        0  stm32f10x_it.o(i.NMI_Handler)
    i.NVIC_Configuration                     0x080050c6   Section        0  main.o(i.NVIC_Configuration)
    i.NVIC_Init                              0x08005110   Section        0  misc.o(i.NVIC_Init)
    i.NVIC_PriorityGroupConfig               0x08005174   Section        0  misc.o(i.NVIC_PriorityGroupConfig)
    i.NVIC_SetVectorTable                    0x08005188   Section        0  misc.o(i.NVIC_SetVectorTable)
    i.OUTPUT_DATA                            0x0800519c   Section        0  lcd1602.o(i.OUTPUT_DATA)
    i.PCLK_Rising                            0x080051b4   Section        0  ra8876.o(i.PCLK_Rising)
    i.PDATA_Set_RGB                          0x080051cc   Section        0  ra8876.o(i.PDATA_Set_RGB)
    i.PendSV_Handler                         0x080051e4   Section        0  stm32f10x_it.o(i.PendSV_Handler)
    i.RA8876_HW_Reset                        0x080051e8   Section        0  lcd.o(i.RA8876_HW_Reset)
    i.RA8876_PLL_Initial                     0x08005210   Section        0  ra8876.o(i.RA8876_PLL_Initial)
    i.RA8876_SDRAM_initail                   0x080052ec   Section        0  ra8876.o(i.RA8876_SDRAM_initail)
    i.RA8876_initial                         0x08005324   Section        0  ra8876.o(i.RA8876_initial)
    i.RCC_AHBPeriphClockCmd                  0x080053fc   Section        0  stm32f10x_rcc.o(i.RCC_AHBPeriphClockCmd)
    i.RCC_APB1PeriphClockCmd                 0x08005414   Section        0  stm32f10x_rcc.o(i.RCC_APB1PeriphClockCmd)
    i.RCC_APB2PeriphClockCmd                 0x0800542c   Section        0  stm32f10x_rcc.o(i.RCC_APB2PeriphClockCmd)
    i.RCC_Configuration                      0x08005444   Section        0  main.o(i.RCC_Configuration)
    i.RCC_GetClocksFreq                      0x08005468   Section        0  stm32f10x_rcc.o(i.RCC_GetClocksFreq)
    i.READ_SSD2828_onebyte                   0x080054fc   Section        0  config_hard.o(i.READ_SSD2828_onebyte)
    i.RGB_16b_16bpp                          0x08005614   Section        0  ra8876.o(i.RGB_16b_16bpp)
    i.SDIO_ClearFlag                         0x08005630   Section        0  stm32f10x_sdio.o(i.SDIO_ClearFlag)
    i.SDIO_ClearITPendingBit                 0x0800563c   Section        0  stm32f10x_sdio.o(i.SDIO_ClearITPendingBit)
    i.SDIO_ClockCmd                          0x08005648   Section        0  stm32f10x_sdio.o(i.SDIO_ClockCmd)
    i.SDIO_DMACmd                            0x08005654   Section        0  stm32f10x_sdio.o(i.SDIO_DMACmd)
    i.SDIO_DataConfig                        0x08005660   Section        0  stm32f10x_sdio.o(i.SDIO_DataConfig)
    i.SDIO_DeInit                            0x0800568c   Section        0  stm32f10x_sdio.o(i.SDIO_DeInit)
    i.SDIO_GetCommandResponse                0x080056b0   Section        0  stm32f10x_sdio.o(i.SDIO_GetCommandResponse)
    i.SDIO_GetFlagStatus                     0x080056bc   Section        0  stm32f10x_sdio.o(i.SDIO_GetFlagStatus)
    i.SDIO_GetITStatus                       0x080056d0   Section        0  stm32f10x_sdio.o(i.SDIO_GetITStatus)
    i.SDIO_GetPowerState                     0x080056e4   Section        0  stm32f10x_sdio.o(i.SDIO_GetPowerState)
    i.SDIO_GetResponse                       0x080056f4   Section        0  stm32f10x_sdio.o(i.SDIO_GetResponse)
    i.SDIO_IRQHandler                        0x08005700   Section        0  stm32f10x_it.o(i.SDIO_IRQHandler)
    i.SDIO_ITConfig                          0x08005704   Section        0  stm32f10x_sdio.o(i.SDIO_ITConfig)
    i.SDIO_Init                              0x0800571c   Section        0  stm32f10x_sdio.o(i.SDIO_Init)
    i.SDIO_ReadData                          0x08005748   Section        0  stm32f10x_sdio.o(i.SDIO_ReadData)
    i.SDIO_SendCommand                       0x08005754   Section        0  stm32f10x_sdio.o(i.SDIO_SendCommand)
    i.SDIO_SetPowerState                     0x0800577c   Section        0  stm32f10x_sdio.o(i.SDIO_SetPowerState)
    i.SDIO_WriteData                         0x08005794   Section        0  stm32f10x_sdio.o(i.SDIO_WriteData)
    i.SDPicShow                              0x080057a0   Section        0  main.o(i.SDPicShow)
    i.SPI_Cmd                                0x080057e4   Section        0  stm32f10x_spi.o(i.SPI_Cmd)
    i.SPI_Init                               0x080057f8   Section        0  stm32f10x_spi.o(i.SPI_Init)
    i.SPI_Peripheral_Init                    0x08005830   Section        0  spi_flash.o(i.SPI_Peripheral_Init)
    i.SSD2828_ENTER_LP_mode                  0x080058d8   Section        0  config_hard.o(i.SSD2828_ENTER_LP_mode)
    i.SSD2828_VIDEO_MODE_HS                  0x080058f2   Section        0  config_hard.o(i.SSD2828_VIDEO_MODE_HS)
    i.SSD2828_inition_lcd                    0x0800590c   Section        0  config_hard.o(i.SSD2828_inition_lcd)
    i.STM32TOSSD2828_W_COM                   0x08005974   Section        0  config_hard.o(i.STM32TOSSD2828_W_COM)
    i.STM32TOSSD2828_W_DATA_16BITS           0x080059dc   Section        0  config_hard.o(i.STM32TOSSD2828_W_DATA_16BITS)
    i.STM32TOSSD2828_W_DATA_8BITS            0x08005a90   Section        0  config_hard.o(i.STM32TOSSD2828_W_DATA_8BITS)
    i.STM32_Init_SSD2828                     0x08005af8   Section        0  config_hard.o(i.STM32_Init_SSD2828)
    i.SVC_Handler                            0x08005d3c   Section        0  stm32f10x_it.o(i.SVC_Handler)
    i.Select_Main_Window_24bpp               0x08005d40   Section        0  ra8876.o(i.Select_Main_Window_24bpp)
    i.SetSysClockTo72                        0x08005d5c   Section        0  system_stm32f10x.o(i.SetSysClockTo72)
    SetSysClockTo72                          0x08005d5d   Thumb Code   160  system_stm32f10x.o(i.SetSysClockTo72)
    i.SysTick_Handler                        0x08005e04   Section        0  stm32f10x_it.o(i.SysTick_Handler)
    i.SystemInit                             0x08005e08   Section        0  system_stm32f10x.o(i.SystemInit)
    i.System_Check_Temp                      0x08005e48   Section        0  lcd.o(i.System_Check_Temp)
    i.TFT_24bit                              0x08005ea8   Section        0  ra8876.o(i.TFT_24bit)
    i.TOUCH_POINT_CHECK_XY_A                 0x08005ec0   Section        0  gt9271.o(i.TOUCH_POINT_CHECK_XY_A)
    i.TOUCH_POINT_CLEAR                      0x08005f7c   Section        0  gt9271.o(i.TOUCH_POINT_CLEAR)
    i.TOUCH_POINT_statu                      0x08005fb4   Section        0  gt9271.o(i.TOUCH_POINT_statu)
    i.TOUCH_inition                          0x08005fd8   Section        0  gt9271.o(i.TOUCH_inition)
    i.TOUPANEL_SET_CONFIG                    0x080060e0   Section        0  gt9271.o(i.TOUPANEL_SET_CONFIG)
    i.USART_Cmd                              0x08006140   Section        0  stm32f10x_usart.o(i.USART_Cmd)
    i.USART_Configuration                    0x08006154   Section        0  usart.o(i.USART_Configuration)
    i.USART_GetFlagStatus                    0x080061dc   Section        0  stm32f10x_usart.o(i.USART_GetFlagStatus)
    i.USART_ITConfig                         0x080061ea   Section        0  stm32f10x_usart.o(i.USART_ITConfig)
    i.USART_Init                             0x0800621c   Section        0  stm32f10x_usart.o(i.USART_Init)
    i.USART_SendData                         0x080062a8   Section        0  stm32f10x_usart.o(i.USART_SendData)
    i.UsageFault_Handler                     0x080062b0   Section        0  stm32f10x_it.o(i.UsageFault_Handler)
    i.VSCAN_T_to_B                           0x080062b4   Section        0  ra8876.o(i.VSCAN_T_to_B)
    i.VSPN_ON                                0x080062cc   Section        0  config_hard.o(i.VSPN_ON)
    i.VSYNC_Low_Active                       0x080062d8   Section        0  ra8876.o(i.VSYNC_Low_Active)
    i.__0printf$1                            0x080062f0   Section        0  printf1.o(i.__0printf$1)
    i.__ARM_common_memset4_12                0x08006310   Section        0  fat.o(i.__ARM_common_memset4_12)
    i.__scatterload_copy                     0x08006322   Section       14  handlers.o(i.__scatterload_copy)
    i.__scatterload_null                     0x08006330   Section        2  handlers.o(i.__scatterload_null)
    i.__scatterload_zeroinit                 0x08006332   Section       14  handlers.o(i.__scatterload_zeroinit)
    i._printf_core                           0x08006340   Section        0  printf1.o(i._printf_core)
    _printf_core                             0x08006341   Thumb Code   336  printf1.o(i._printf_core)
    i.delay_init                             0x08006494   Section        0  delay.o(i.delay_init)
    i.delay_ms                               0x080064c0   Section        0  delay.o(i.delay_ms)
    i.delay_seconds                          0x080064e8   Section        0  delay.o(i.delay_seconds)
    i.delay_us                               0x080064fc   Section        0  delay.o(i.delay_us)
    i.fputc                                  0x08006524   Section        0  usart.o(i.fputc)
    i.free                                   0x08006548   Section        0  malloc.o(i.free)
    i.main                                   0x08006598   Section        0  main.o(i.main)
    i.malloc                                 0x08006a2c   Section        0  malloc.o(i.malloc)
    .constdata                               0x08006a98   Section      374  gt9271.o(.constdata)
    .constdata                               0x08006c0e   Section     4560  lcd.o(.constdata)
    .data                                    0x20000000   Section       16  main.o(.data)
    .data                                    0x20000010   Section        4  delay.o(.data)
    fac_us                                   0x20000010   Data           1  delay.o(.data)
    fac_ms                                   0x20000012   Data           2  delay.o(.data)
    .data                                    0x20000014   Section       34  config_hard.o(.data)
    .data                                    0x20000036   Section        4  disp.o(.data)
    .data                                    0x2000003a   Section       56  gt9271.o(.data)
    .data                                    0x20000072   Section       20  stm32f10x_rcc.o(.data)
    ADCPrescTable                            0x20000072   Data           4  stm32f10x_rcc.o(.data)
    APBAHBPrescTable                         0x20000076   Data          16  stm32f10x_rcc.o(.data)
    .data                                    0x20000086   Section        2  ra8876.o(.data)
    .data                                    0x20000088   Section       40  sdcard.o(.data)
    CardType                                 0x2000008c   Data           4  sdcard.o(.data)
    RCA                                      0x20000090   Data           4  sdcard.o(.data)
    DeviceMode                               0x20000094   Data           4  sdcard.o(.data)
    TotalNumberOfBytes                       0x20000098   Data           4  sdcard.o(.data)
    StopCondition                            0x2000009c   Data           4  sdcard.o(.data)
    .data                                    0x200000b0   Section       36  fat.o(.data)
    .data                                    0x200000d4   Section        4  stdout.o(.data)
    .data                                    0x200000d8   Section        4  mvars.o(.data)
    .data                                    0x200000dc   Section        4  mvars.o(.data)
    .bss                                     0x200000e0   Section       80  main.o(.bss)
    .bss                                     0x20000130   Section      310  config_hard.o(.bss)
    .bss                                     0x20000266   Section       32  disp.o(.bss)
    .bss                                     0x20000286   Section     3688  gt9271.o(.bss)
    .bss                                     0x20001100   Section      100  sdcard.o(.bss)
    CSD_Tab                                  0x20001100   Data          16  sdcard.o(.bss)
    CID_Tab                                  0x20001110   Data          16  sdcard.o(.bss)
    .bss                                     0x20001180   Section     1171  fat.o(.bss)
    HEAP                                     0x20001618   Section     1024  startup_stm32f10x_hd.o(HEAP)
    STACK                                    0x20001a18   Section     4096  startup_stm32f10x_hd.o(STACK)

    Global Symbols

    Symbol Name                              Value     Ov Type        Size  Object(Section)

    BuildAttributes$$THM_ISAv4$P$D$K$B$S$PE$A:L22UL41UL21$X:L11$S22US41US21$IEEE1$IW$USESV6$~STKCKD$USESV7$~SHL$OTIME$ROPI$EBA8$MICROLIB$REQ8$PRES8$EABIv2 0x00000000   Number         0  anon$$obj.o ABSOLUTE
    __ARM_use_no_argv                        0x00000000   Number         0  main.o ABSOLUTE
    _printf_a                                0x00000000   Number         0  stubs.o ABSOLUTE
    _printf_c                                0x00000000   Number         0  stubs.o ABSOLUTE
    _printf_charcount                        0x00000000   Number         0  stubs.o ABSOLUTE
    _printf_d                                0x00000000   Number         0  stubs.o ABSOLUTE
    _printf_e                                0x00000000   Number         0  stubs.o ABSOLUTE
    _printf_f                                0x00000000   Number         0  stubs.o ABSOLUTE
    _printf_flags                            0x00000000   Number         0  stubs.o ABSOLUTE
    _printf_fp_dec                           0x00000000   Number         0  stubs.o ABSOLUTE
    _printf_fp_hex                           0x00000000   Number         0  stubs.o ABSOLUTE
    _printf_g                                0x00000000   Number         0  stubs.o ABSOLUTE
    _printf_i                                0x00000000   Number         0  stubs.o ABSOLUTE
    _printf_int_dec                          0x00000000   Number         0  stubs.o ABSOLUTE
    _printf_l                                0x00000000   Number         0  stubs.o ABSOLUTE
    _printf_lc                               0x00000000   Number         0  stubs.o ABSOLUTE
    _printf_ll                               0x00000000   Number         0  stubs.o ABSOLUTE
    _printf_lld                              0x00000000   Number         0  stubs.o ABSOLUTE
    _printf_lli                              0x00000000   Number         0  stubs.o ABSOLUTE
    _printf_llo                              0x00000000   Number         0  stubs.o ABSOLUTE
    _printf_llu                              0x00000000   Number         0  stubs.o ABSOLUTE
    _printf_llx                              0x00000000   Number         0  stubs.o ABSOLUTE
    _printf_longlong_dec                     0x00000000   Number         0  stubs.o ABSOLUTE
    _printf_longlong_hex                     0x00000000   Number         0  stubs.o ABSOLUTE
    _printf_longlong_oct                     0x00000000   Number         0  stubs.o ABSOLUTE
    _printf_ls                               0x00000000   Number         0  stubs.o ABSOLUTE
    _printf_mbtowc                           0x00000000   Number         0  stubs.o ABSOLUTE
    _printf_n                                0x00000000   Number         0  stubs.o ABSOLUTE
    _printf_o                                0x00000000   Number         0  stubs.o ABSOLUTE
    _printf_p                                0x00000000   Number         0  stubs.o ABSOLUTE
    _printf_percent                          0x00000000   Number         0  stubs.o ABSOLUTE
    _printf_pre_padding                      0x00000000   Number         0  stubs.o ABSOLUTE
    _printf_return_value                     0x00000000   Number         0  stubs.o ABSOLUTE
    _printf_s                                0x00000000   Number         0  stubs.o ABSOLUTE
    _printf_sizespec                         0x00000000   Number         0  stubs.o ABSOLUTE
    _printf_str                              0x00000000   Number         0  stubs.o ABSOLUTE
    _printf_truncate_signed                  0x00000000   Number         0  stubs.o ABSOLUTE
    _printf_truncate_unsigned                0x00000000   Number         0  stubs.o ABSOLUTE
    _printf_u                                0x00000000   Number         0  stubs.o ABSOLUTE
    _printf_wc                               0x00000000   Number         0  stubs.o ABSOLUTE
    _printf_wctomb                           0x00000000   Number         0  stubs.o ABSOLUTE
    _printf_widthprec                        0x00000000   Number         0  stubs.o ABSOLUTE
    _printf_x                                0x00000000   Number         0  stubs.o ABSOLUTE
    __cpp_initialize__aeabi_                  - Undefined Weak Reference
    __cxa_finalize                            - Undefined Weak Reference
    __decompress                              - Undefined Weak Reference
    _clock_init                               - Undefined Weak Reference
    _microlib_exit                            - Undefined Weak Reference
    __Vectors_Size                           0x00000130   Number         0  startup_stm32f10x_hd.o ABSOLUTE
    __Vectors                                0x08000000   Data           4  startup_stm32f10x_hd.o(RESET)
    __Vectors_End                            0x08000130   Data           0  startup_stm32f10x_hd.o(RESET)
    __main                                   0x08000131   Thumb Code     0  entry.o(.ARM.Collect$$$$00000000)
    _main_stk                                0x08000131   Thumb Code     0  entry2.o(.ARM.Collect$$$$00000001)
    _main_scatterload                        0x08000135   Thumb Code     0  entry5.o(.ARM.Collect$$$$00000004)
    __main_after_scatterload                 0x08000139   Thumb Code     0  entry5.o(.ARM.Collect$$$$00000004)
    _main_clock                              0x08000139   Thumb Code     0  entry7b.o(.ARM.Collect$$$$00000008)
    _main_cpp_init                           0x08000139   Thumb Code     0  entry8b.o(.ARM.Collect$$$$0000000A)
    _main_init                               0x08000139   Thumb Code     0  entry9a.o(.ARM.Collect$$$$0000000B)
    __rt_final_cpp                           0x08000141   Thumb Code     0  entry10a.o(.ARM.Collect$$$$0000000D)
    __rt_final_exit                          0x08000141   Thumb Code     0  entry11a.o(.ARM.Collect$$$$0000000F)
    SystemInit_ExtMemCtl                     0x08000145   Thumb Code     2  startup_stm32f10x_hd.o(.text)
    Reset_Handler                            0x08000147   Thumb Code    14  startup_stm32f10x_hd.o(.text)
    ADC1_2_IRQHandler                        0x08000167   Thumb Code     0  startup_stm32f10x_hd.o(.text)
    ADC3_IRQHandler                          0x08000167   Thumb Code     0  startup_stm32f10x_hd.o(.text)
    CAN1_RX1_IRQHandler                      0x08000167   Thumb Code     0  startup_stm32f10x_hd.o(.text)
    CAN1_SCE_IRQHandler                      0x08000167   Thumb Code     0  startup_stm32f10x_hd.o(.text)
    DMA1_Channel1_IRQHandler                 0x08000167   Thumb Code     0  startup_stm32f10x_hd.o(.text)
    DMA1_Channel2_IRQHandler                 0x08000167   Thumb Code     0  startup_stm32f10x_hd.o(.text)
    DMA1_Channel3_IRQHandler                 0x08000167   Thumb Code     0  startup_stm32f10x_hd.o(.text)
    DMA1_Channel4_IRQHandler                 0x08000167   Thumb Code     0  startup_stm32f10x_hd.o(.text)
    DMA1_Channel5_IRQHandler                 0x08000167   Thumb Code     0  startup_stm32f10x_hd.o(.text)
    DMA1_Channel6_IRQHandler                 0x08000167   Thumb Code     0  startup_stm32f10x_hd.o(.text)
    DMA1_Channel7_IRQHandler                 0x08000167   Thumb Code     0  startup_stm32f10x_hd.o(.text)
    DMA2_Channel1_IRQHandler                 0x08000167   Thumb Code     0  startup_stm32f10x_hd.o(.text)
    DMA2_Channel2_IRQHandler                 0x08000167   Thumb Code     0  startup_stm32f10x_hd.o(.text)
    DMA2_Channel3_IRQHandler                 0x08000167   Thumb Code     0  startup_stm32f10x_hd.o(.text)
    DMA2_Channel4_5_IRQHandler               0x08000167   Thumb Code     0  startup_stm32f10x_hd.o(.text)
    EXTI0_IRQHandler                         0x08000167   Thumb Code     0  startup_stm32f10x_hd.o(.text)
    EXTI15_10_IRQHandler                     0x08000167   Thumb Code     0  startup_stm32f10x_hd.o(.text)
    EXTI1_IRQHandler                         0x08000167   Thumb Code     0  startup_stm32f10x_hd.o(.text)
    EXTI2_IRQHandler                         0x08000167   Thumb Code     0  startup_stm32f10x_hd.o(.text)
    EXTI3_IRQHandler                         0x08000167   Thumb Code     0  startup_stm32f10x_hd.o(.text)
    EXTI4_IRQHandler                         0x08000167   Thumb Code     0  startup_stm32f10x_hd.o(.text)
    EXTI9_5_IRQHandler                       0x08000167   Thumb Code     0  startup_stm32f10x_hd.o(.text)
    FLASH_IRQHandler                         0x08000167   Thumb Code     0  startup_stm32f10x_hd.o(.text)
    FSMC_IRQHandler                          0x08000167   Thumb Code     0  startup_stm32f10x_hd.o(.text)
    I2C1_ER_IRQHandler                       0x08000167   Thumb Code     0  startup_stm32f10x_hd.o(.text)
    I2C1_EV_IRQHandler                       0x08000167   Thumb Code     0  startup_stm32f10x_hd.o(.text)
    I2C2_ER_IRQHandler                       0x08000167   Thumb Code     0  startup_stm32f10x_hd.o(.text)
    I2C2_EV_IRQHandler                       0x08000167   Thumb Code     0  startup_stm32f10x_hd.o(.text)
    PVD_IRQHandler                           0x08000167   Thumb Code     0  startup_stm32f10x_hd.o(.text)
    RCC_IRQHandler                           0x08000167   Thumb Code     0  startup_stm32f10x_hd.o(.text)
    RTCAlarm_IRQHandler                      0x08000167   Thumb Code     0  startup_stm32f10x_hd.o(.text)
    RTC_IRQHandler                           0x08000167   Thumb Code     0  startup_stm32f10x_hd.o(.text)
    SPI1_IRQHandler                          0x08000167   Thumb Code     0  startup_stm32f10x_hd.o(.text)
    SPI2_IRQHandler                          0x08000167   Thumb Code     0  startup_stm32f10x_hd.o(.text)
    SPI3_IRQHandler                          0x08000167   Thumb Code     0  startup_stm32f10x_hd.o(.text)
    TAMPER_IRQHandler                        0x08000167   Thumb Code     0  startup_stm32f10x_hd.o(.text)
    TIM1_BRK_IRQHandler                      0x08000167   Thumb Code     0  startup_stm32f10x_hd.o(.text)
    TIM1_CC_IRQHandler                       0x08000167   Thumb Code     0  startup_stm32f10x_hd.o(.text)
    TIM1_TRG_COM_IRQHandler                  0x08000167   Thumb Code     0  startup_stm32f10x_hd.o(.text)
    TIM1_UP_IRQHandler                       0x08000167   Thumb Code     0  startup_stm32f10x_hd.o(.text)
    TIM2_IRQHandler                          0x08000167   Thumb Code     0  startup_stm32f10x_hd.o(.text)
    TIM3_IRQHandler                          0x08000167   Thumb Code     0  startup_stm32f10x_hd.o(.text)
    TIM4_IRQHandler                          0x08000167   Thumb Code     0  startup_stm32f10x_hd.o(.text)
    TIM5_IRQHandler                          0x08000167   Thumb Code     0  startup_stm32f10x_hd.o(.text)
    TIM6_IRQHandler                          0x08000167   Thumb Code     0  startup_stm32f10x_hd.o(.text)
    TIM7_IRQHandler                          0x08000167   Thumb Code     0  startup_stm32f10x_hd.o(.text)
    TIM8_BRK_IRQHandler                      0x08000167   Thumb Code     0  startup_stm32f10x_hd.o(.text)
    TIM8_CC_IRQHandler                       0x08000167   Thumb Code     0  startup_stm32f10x_hd.o(.text)
    TIM8_TRG_COM_IRQHandler                  0x08000167   Thumb Code     0  startup_stm32f10x_hd.o(.text)
    TIM8_UP_IRQHandler                       0x08000167   Thumb Code     0  startup_stm32f10x_hd.o(.text)
    UART4_IRQHandler                         0x08000167   Thumb Code     0  startup_stm32f10x_hd.o(.text)
    UART5_IRQHandler                         0x08000167   Thumb Code     0  startup_stm32f10x_hd.o(.text)
    USART1_IRQHandler                        0x08000167   Thumb Code     0  startup_stm32f10x_hd.o(.text)
    USART2_IRQHandler                        0x08000167   Thumb Code     0  startup_stm32f10x_hd.o(.text)
    USART3_IRQHandler                        0x08000167   Thumb Code     0  startup_stm32f10x_hd.o(.text)
    USBWakeUp_IRQHandler                     0x08000167   Thumb Code     0  startup_stm32f10x_hd.o(.text)
    USB_HP_CAN1_TX_IRQHandler                0x08000167   Thumb Code     0  startup_stm32f10x_hd.o(.text)
    USB_LP_CAN1_RX0_IRQHandler               0x08000167   Thumb Code     0  startup_stm32f10x_hd.o(.text)
    WWDG_IRQHandler                          0x08000167   Thumb Code     0  startup_stm32f10x_hd.o(.text)
    SD_InitializeCards                       0x08000175   Thumb Code   436  sdcard.o(.text)
    SD_PowerON                               0x08000451   Thumb Code   484  sdcard.o(.text)
    SD_Init                                  0x08000635   Thumb Code   122  sdcard.o(.text)
    SD_PowerOFF                              0x080006af   Thumb Code    14  sdcard.o(.text)
    SD_GetCardInfo                           0x080006bd   Thumb Code   626  sdcard.o(.text)
    SD_EnableWideBusOperation                0x08000b53   Thumb Code   124  sdcard.o(.text)
    SD_SetDeviceMode                         0x08000bcf   Thumb Code    28  sdcard.o(.text)
    SD_SelectDeselect                        0x08000beb   Thumb Code    40  sdcard.o(.text)
    SD_ReadBlock                             0x08000c13   Thumb Code   612  sdcard.o(.text)
    SD_ReadMultiBlocks                       0x08000e77   Thumb Code   678  sdcard.o(.text)
    SD_WriteBlock                            0x08001289   Thumb Code   868  sdcard.o(.text)
    SD_WriteMultiBlocks                      0x080015ed   Thumb Code   988  sdcard.o(.text)
    SD_GetTransferState                      0x080019c9   Thumb Code    14  sdcard.o(.text)
    SD_StopTransfer                          0x080019d7   Thumb Code    36  sdcard.o(.text)
    SD_Erase                                 0x080019fb   Thumb Code   294  sdcard.o(.text)
    SD_SendStatus                            0x08001b21   Thumb Code    72  sdcard.o(.text)
    SD_SendSDStatus                          0x08001b69   Thumb Code   370  sdcard.o(.text)
    SD_ProcessIRQSrc                         0x08001cdb   Thumb Code   450  sdcard.o(.text)
    FAT_Init                                 0x08001eb1   Thumb Code   190  fat.o(.text)
    FAT_LoadPartCluster                      0x08001f6f   Thumb Code    36  fat.o(.text)
    FAT_NextCluster                          0x08001f93   Thumb Code    78  fat.o(.text)
    FAT_FindFreeCluster                      0x08001fe1   Thumb Code   146  fat.o(.text)
    FAT_FindFreeItem                         0x08002073   Thumb Code   414  fat.o(.text)
    FAT_FindItem                             0x08002211   Thumb Code   526  fat.o(.text)
    FAT_SelectOneItem                        0x0800241f   Thumb Code   440  fat.o(.text)
    FAT_ModifyFAT                            0x080025d7   Thumb Code   146  fat.o(.text)
    FAT_MkDir                                0x08002669   Thumb Code   724  fat.o(.text)
    FAT_DelItem                              0x0800293d   Thumb Code   338  fat.o(.text)
    FAT_OpenDir                              0x08002a8f   Thumb Code   232  fat.o(.text)
    FAT_RmDir                                0x08002b77   Thumb Code    24  fat.o(.text)
    FAT_Create                               0x08002b8f   Thumb Code   490  fat.o(.text)
    FAT_Open                                 0x08002d79   Thumb Code   280  fat.o(.text)
    FAT_Close                                0x08002e91   Thumb Code     8  fat.o(.text)
    FAT_Write                                0x08002e99   Thumb Code    90  fat.o(.text)
    FAT_Delete                               0x08002ef3   Thumb Code    24  fat.o(.text)
    FAT_Rename                               0x08002f0b   Thumb Code   454  fat.o(.text)
    CopyDirentruyItem                        0x080030d1   Thumb Code   172  fat.o(.text)
    WriteFolderCluster                       0x0800317d   Thumb Code     6  fat.o(.text)
    GetFolderCluster                         0x08003183   Thumb Code     6  fat.o(.text)
    SearchFolder                             0x08003189   Thumb Code   438  fat.o(.text)
    SearchInit                               0x0800333f   Thumb Code    74  fat.o(.text)
    Search                                   0x08003389   Thumb Code  1202  fat.o(.text)
    Search_man                               0x0800383b   Thumb Code   488  fat.o(.text)
    __aeabi_memcpy                           0x08003a31   Thumb Code    36  memcpya.o(.text)
    __aeabi_memcpy4                          0x08003a31   Thumb Code     0  memcpya.o(.text)
    __aeabi_memcpy8                          0x08003a31   Thumb Code     0  memcpya.o(.text)
    __aeabi_memset                           0x08003a55   Thumb Code    14  memseta.o(.text)
    __aeabi_memset4                          0x08003a55   Thumb Code     0  memseta.o(.text)
    __aeabi_memset8                          0x08003a55   Thumb Code     0  memseta.o(.text)
    __aeabi_memclr                           0x08003a63   Thumb Code     4  memseta.o(.text)
    __aeabi_memclr4                          0x08003a63   Thumb Code     0  memseta.o(.text)
    __aeabi_memclr8                          0x08003a63   Thumb Code     0  memseta.o(.text)
    _memset$wrapper                          0x08003a67   Thumb Code    18  memseta.o(.text)
    __aeabi_uidiv                            0x08003a79   Thumb Code     0  uidiv.o(.text)
    __aeabi_uidivmod                         0x08003a79   Thumb Code    44  uidiv.o(.text)
    __scatterload                            0x08003aa5   Thumb Code    28  init.o(.text)
    __scatterload_rt2                        0x08003aa5   Thumb Code     0  init.o(.text)
    Active_Window_WH                         0x08003ac9   Thumb Code    42  ra8876.o(i.Active_Window_WH)
    Active_Window_XY                         0x08003af3   Thumb Code    42  ra8876.o(i.Active_Window_XY)
    BL_OFF                                   0x08003b1d   Thumb Code     8  config_hard.o(i.BL_OFF)
    BL_ON                                    0x08003b29   Thumb Code     8  config_hard.o(i.BL_ON)
    BusFault_Handler                         0x08003b35   Thumb Code     2  stm32f10x_it.o(i.BusFault_Handler)
    CTP_GT9271_TEST                          0x08003b39   Thumb Code   124  gt9271.o(i.CTP_GT9271_TEST)
    CTP_RAWDATA_new_GET                      0x08003bc1   Thumb Code    42  gt9271.o(i.CTP_RAWDATA_new_GET)
    CTP_TOUCH_CHECK_A                        0x08003bf1   Thumb Code   374  gt9271.o(i.CTP_TOUCH_CHECK_A)
    Canvas_Image_Start_address               0x08003d75   Thumb Code    44  ra8876.o(i.Canvas_Image_Start_address)
    Canvas_image_width                       0x08003da1   Thumb Code    24  ra8876.o(i.Canvas_image_width)
    Check_Mem_WR_FIFO_not_Full               0x08003db9   Thumb Code    12  ra8876.o(i.Check_Mem_WR_FIFO_not_Full)
    Check_SDRAM_Ready                        0x08003dc5   Thumb Code    12  ra8876.o(i.Check_SDRAM_Ready)
    Clear_LCD1602                            0x08003dd1   Thumb Code     8  lcd1602.o(i.Clear_LCD1602)
    DE_High_Active                           0x08003dd9   Thumb Code    18  ra8876.o(i.DE_High_Active)
    DMA_ClearFlag                            0x08003df1   Thumb Code    16  stm32f10x_dma.o(i.DMA_ClearFlag)
    DMA_Cmd                                  0x08003e09   Thumb Code    20  stm32f10x_dma.o(i.DMA_Cmd)
    DMA_GetFlagStatus                        0x08003e1d   Thumb Code    24  stm32f10x_dma.o(i.DMA_GetFlagStatus)
    DMA_Init                                 0x08003e3d   Thumb Code    58  stm32f10x_dma.o(i.DMA_Init)
    DebugMon_Handler                         0x08003e77   Thumb Code     2  stm32f10x_it.o(i.DebugMon_Handler)
    DelayMs                                  0x08003e79   Thumb Code     4  config_hard.o(i.DelayMs)
    Disp_BMP                                 0x08003e7d   Thumb Code   392  disp.o(i.Disp_BMP)
    Display_ON                               0x08004019   Thumb Code    22  ra8876.o(i.Display_ON)
    EXTI_Configuration                       0x08004035   Thumb Code    70  main.o(i.EXTI_Configuration)
    EXTI_Init                                0x0800407d   Thumb Code   124  stm32f10x_exti.o(i.EXTI_Init)
    FSMC_LCD_Init_H                          0x08004101   Thumb Code    82  fsmc_sram.o(i.FSMC_LCD_Init_H)
    FSMC_NORSRAMCmd                          0x08004155   Thumb Code    26  stm32f10x_fsmc.o(i.FSMC_NORSRAMCmd)
    FSMC_NORSRAMInit                         0x08004175   Thumb Code   196  stm32f10x_fsmc.o(i.FSMC_NORSRAMInit)
    GPIO_Configuration                       0x08004239   Thumb Code   270  main.o(i.GPIO_Configuration)
    GPIO_EXTILineConfig                      0x0800435d   Thumb Code    34  stm32f10x_gpio.o(i.GPIO_EXTILineConfig)
    GPIO_Init                                0x08004385   Thumb Code   156  stm32f10x_gpio.o(i.GPIO_Init)
    GPIO_PinRemapConfig                      0x08004421   Thumb Code    66  stm32f10x_gpio.o(i.GPIO_PinRemapConfig)
    GPIO_ReadInputDataBit                    0x08004469   Thumb Code    14  stm32f10x_gpio.o(i.GPIO_ReadInputDataBit)
    GPIO_ResetBits                           0x08004477   Thumb Code     4  stm32f10x_gpio.o(i.GPIO_ResetBits)
    GPIO_SetBits                             0x0800447b   Thumb Code     4  stm32f10x_gpio.o(i.GPIO_SetBits)
    GT9271_GPIO_Config                       0x08004481   Thumb Code   108  gt9271.o(i.GT9271_GPIO_Config)
    GT9271_I2CReceive                        0x080044f9   Thumb Code   116  gt9271.o(i.GT9271_I2CReceive)
    GT9271_I2CReciveByte                     0x0800456d   Thumb Code   130  gt9271.o(i.GT9271_I2CReciveByte)
    GT9271_I2CSDASetInput                    0x080045f5   Thumb Code    24  gt9271.o(i.GT9271_I2CSDASetInput)
    GT9271_I2CSDASetOutput                   0x08004611   Thumb Code    30  gt9271.o(i.GT9271_I2CSDASetOutput)
    GT9271_I2CSend                           0x08004635   Thumb Code    82  gt9271.o(i.GT9271_I2CSend)
    GT9271_I2CSendByte                       0x08004689   Thumb Code   130  gt9271.o(i.GT9271_I2CSendByte)
    GT9271_I2CStart                          0x08004711   Thumb Code    56  gt9271.o(i.GT9271_I2CStart)
    GT9271_I2CStop                           0x0800474d   Thumb Code    56  gt9271.o(i.GT9271_I2CStop)
    Goto_Pixel_XY                            0x08004789   Thumb Code    42  ra8876.o(i.Goto_Pixel_XY)
    Graphic_Mode                             0x080047b5   Thumb Code    18  ra8876.o(i.Graphic_Mode)
    HSCAN_L_to_R                             0x080047cd   Thumb Code    20  ra8876.o(i.HSCAN_L_to_R)
    HSYNC_Low_Active                         0x080047e5   Thumb Code    18  ra8876.o(i.HSYNC_Low_Active)
    HardFault_Handler                        0x080047fd   Thumb Code     2  stm32f10x_it.o(i.HardFault_Handler)
    HardWare_GPIO_Configuration              0x08004801   Thumb Code   134  config_hard.o(i.HardWare_GPIO_Configuration)
    Host_Bus_16bit                           0x08004899   Thumb Code    22  ra8876.o(i.Host_Bus_16bit)
    LCD1602_Init                             0x080048b5   Thumb Code   160  lcd1602.o(i.LCD1602_Init)
    LCD1602_PIN_Configuration                0x0800495d   Thumb Code   148  lcd1602.o(i.LCD1602_PIN_Configuration)
    LCD1602_Write                            0x080049fd   Thumb Code   108  lcd1602.o(i.LCD1602_Write)
    LCD1602_Write_L4BIT                      0x08004a71   Thumb Code    80  lcd1602.o(i.LCD1602_Write_L4BIT)
    LCD1602_display_DATA                     0x08004ac9   Thumb Code   114  lcd1602.o(i.LCD1602_display_DATA)
    LCD1602_display_Line                     0x08004b3b   Thumb Code    36  lcd1602.o(i.LCD1602_display_Line)
    LCD1602_display_Line_A                   0x08004b5f   Thumb Code    42  lcd1602.o(i.LCD1602_display_Line_A)
    LCD_All_color                            0x08004b89   Thumb Code   110  lcd.o(i.LCD_All_color)
    LCD_DisplayString_A                      0x08004c01   Thumb Code    52  lcd.o(i.LCD_DisplayString_A)
    LCD_DrawPoint                            0x08004c35   Thumb Code    52  lcd.o(i.LCD_DrawPoint)
    LCD_HSYNC_Pulse_Width                    0x08004c71   Thumb Code    34  ra8876.o(i.LCD_HSYNC_Pulse_Width)
    LCD_HSYNC_Start_Position                 0x08004c99   Thumb Code    32  ra8876.o(i.LCD_HSYNC_Start_Position)
    LCD_HorizontalWidth_VerticalHeight       0x08004cbd   Thumb Code    74  ra8876.o(i.LCD_HorizontalWidth_VerticalHeight)
    LCD_Horizontal_Non_Display               0x08004d0d   Thumb Code    44  ra8876.o(i.LCD_Horizontal_Non_Display)
    LCD_PutChar_A                            0x08004d3d   Thumb Code   162  lcd.o(i.LCD_PutChar_A)
    LCD_RegisterWrite                        0x08004de5   Thumb Code    12  ra8876.o(i.LCD_RegisterWrite)
    LCD_SetCursor                            0x08004df5   Thumb Code    38  lcd.o(i.LCD_SetCursor)
    LCD_SetPoint_A                           0x08004e21   Thumb Code    62  lcd.o(i.LCD_SetPoint_A)
    LCD_Set_DisplayWindow                    0x08004e65   Thumb Code    70  lcd.o(i.LCD_Set_DisplayWindow)
    LCD_VSYNC_Pulse_Width                    0x08004eb1   Thumb Code    18  ra8876.o(i.LCD_VSYNC_Pulse_Width)
    LCD_VSYNC_Start_Position                 0x08004ec9   Thumb Code    18  ra8876.o(i.LCD_VSYNC_Start_Position)
    LCD_Vertical_Non_Display                 0x08004ee1   Thumb Code    26  ra8876.o(i.LCD_Vertical_Non_Display)
    LCD_WriteArea                            0x08004f01   Thumb Code   112  lcd.o(i.LCD_WriteArea)
    LCD_WriteRAM_Prepare                     0x08004f75   Thumb Code    10  lcd.o(i.LCD_WriteRAM_Prepare)
    MIPI_Protocol_Write                      0x08004f81   Thumb Code    52  config_hard.o(i.MIPI_Protocol_Write)
    MIPI_SPI_Write                           0x08004fb9   Thumb Code    50  config_hard.o(i.MIPI_SPI_Write)
    Main_Image_Start_Address                 0x08004ff1   Thumb Code    44  ra8876.o(i.Main_Image_Start_Address)
    Main_Image_Width                         0x0800501d   Thumb Code    24  ra8876.o(i.Main_Image_Width)
    Main_Window_Start_XY                     0x08005035   Thumb Code    42  ra8876.o(i.Main_Window_Start_XY)
    MemManage_Handler                        0x0800505f   Thumb Code     2  stm32f10x_it.o(i.MemManage_Handler)
    MemWrite_Left_Right_Top_Down             0x08005061   Thumb Code    20  ra8876.o(i.MemWrite_Left_Right_Top_Down)
    Memory_24bpp_Mode                        0x08005079   Thumb Code    22  ra8876.o(i.Memory_24bpp_Mode)
    Memory_Select_SDRAM                      0x08005095   Thumb Code    18  ra8876.o(i.Memory_Select_SDRAM)
    Memory_XY_Mode                           0x080050ad   Thumb Code    20  ra8876.o(i.Memory_XY_Mode)
    NMI_Handler                              0x080050c5   Thumb Code     2  stm32f10x_it.o(i.NMI_Handler)
    NVIC_Configuration                       0x080050c7   Thumb Code    74  main.o(i.NVIC_Configuration)
    NVIC_Init                                0x08005111   Thumb Code    94  misc.o(i.NVIC_Init)
    NVIC_PriorityGroupConfig                 0x08005175   Thumb Code    10  misc.o(i.NVIC_PriorityGroupConfig)
    NVIC_SetVectorTable                      0x08005189   Thumb Code    12  misc.o(i.NVIC_SetVectorTable)
    OUTPUT_DATA                              0x0800519d   Thumb Code    20  lcd1602.o(i.OUTPUT_DATA)
    PCLK_Rising                              0x080051b5   Thumb Code    20  ra8876.o(i.PCLK_Rising)
    PDATA_Set_RGB                            0x080051cd   Thumb Code    20  ra8876.o(i.PDATA_Set_RGB)
    PendSV_Handler                           0x080051e5   Thumb Code     2  stm32f10x_it.o(i.PendSV_Handler)
    RA8876_HW_Reset                          0x080051e9   Thumb Code    36  lcd.o(i.RA8876_HW_Reset)
    RA8876_PLL_Initial                       0x08005211   Thumb Code   202  ra8876.o(i.RA8876_PLL_Initial)
    RA8876_SDRAM_initail                     0x080052ed   Thumb Code    56  ra8876.o(i.RA8876_SDRAM_initail)
    RA8876_initial                           0x08005325   Thumb Code   212  ra8876.o(i.RA8876_initial)
    RCC_AHBPeriphClockCmd                    0x080053fd   Thumb Code    18  stm32f10x_rcc.o(i.RCC_AHBPeriphClockCmd)
    RCC_APB1PeriphClockCmd                   0x08005415   Thumb Code    18  stm32f10x_rcc.o(i.RCC_APB1PeriphClockCmd)
    RCC_APB2PeriphClockCmd                   0x0800542d   Thumb Code    18  stm32f10x_rcc.o(i.RCC_APB2PeriphClockCmd)
    RCC_Configuration                        0x08005445   Thumb Code    36  main.o(i.RCC_Configuration)
    RCC_GetClocksFreq                        0x08005469   Thumb Code   130  stm32f10x_rcc.o(i.RCC_GetClocksFreq)
    READ_SSD2828_onebyte                     0x080054fd   Thumb Code   272  config_hard.o(i.READ_SSD2828_onebyte)
    RGB_16b_16bpp                            0x08005615   Thumb Code    24  ra8876.o(i.RGB_16b_16bpp)
    SDIO_ClearFlag                           0x08005631   Thumb Code     6  stm32f10x_sdio.o(i.SDIO_ClearFlag)
    SDIO_ClearITPendingBit                   0x0800563d   Thumb Code     6  stm32f10x_sdio.o(i.SDIO_ClearITPendingBit)
    SDIO_ClockCmd                            0x08005649   Thumb Code     8  stm32f10x_sdio.o(i.SDIO_ClockCmd)
    SDIO_DMACmd                              0x08005655   Thumb Code     6  stm32f10x_sdio.o(i.SDIO_DMACmd)
    SDIO_DataConfig                          0x08005661   Thumb Code    38  stm32f10x_sdio.o(i.SDIO_DataConfig)
    SDIO_DeInit                              0x0800568d   Thumb Code    26  stm32f10x_sdio.o(i.SDIO_DeInit)
    SDIO_GetCommandResponse                  0x080056b1   Thumb Code     8  stm32f10x_sdio.o(i.SDIO_GetCommandResponse)
    SDIO_GetFlagStatus                       0x080056bd   Thumb Code    16  stm32f10x_sdio.o(i.SDIO_GetFlagStatus)
    SDIO_GetITStatus                         0x080056d1   Thumb Code    16  stm32f10x_sdio.o(i.SDIO_GetITStatus)
    SDIO_GetPowerState                       0x080056e5   Thumb Code    10  stm32f10x_sdio.o(i.SDIO_GetPowerState)
    SDIO_GetResponse                         0x080056f5   Thumb Code     8  stm32f10x_sdio.o(i.SDIO_GetResponse)
    SDIO_IRQHandler                          0x08005701   Thumb Code     4  stm32f10x_it.o(i.SDIO_IRQHandler)
    SDIO_ITConfig                            0x08005705   Thumb Code    18  stm32f10x_sdio.o(i.SDIO_ITConfig)
    SDIO_Init                                0x0800571d   Thumb Code    40  stm32f10x_sdio.o(i.SDIO_Init)
    SDIO_ReadData                            0x08005749   Thumb Code     8  stm32f10x_sdio.o(i.SDIO_ReadData)
    SDIO_SendCommand                         0x08005755   Thumb Code    34  stm32f10x_sdio.o(i.SDIO_SendCommand)
    SDIO_SetPowerState                       0x0800577d   Thumb Code    18  stm32f10x_sdio.o(i.SDIO_SetPowerState)
    SDIO_WriteData                           0x08005795   Thumb Code     8  stm32f10x_sdio.o(i.SDIO_WriteData)
    SDPicShow                                0x080057a1   Thumb Code    58  main.o(i.SDPicShow)
    SPI_Cmd                                  0x080057e5   Thumb Code    20  stm32f10x_spi.o(i.SPI_Cmd)
    SPI_Init                                 0x080057f9   Thumb Code    56  stm32f10x_spi.o(i.SPI_Init)
    SPI_Peripheral_Init                      0x08005831   Thumb Code   160  spi_flash.o(i.SPI_Peripheral_Init)
    SSD2828_ENTER_LP_mode                    0x080058d9   Thumb Code    26  config_hard.o(i.SSD2828_ENTER_LP_mode)
    SSD2828_VIDEO_MODE_HS                    0x080058f3   Thumb Code    26  config_hard.o(i.SSD2828_VIDEO_MODE_HS)
    SSD2828_inition_lcd                      0x0800590d   Thumb Code   102  config_hard.o(i.SSD2828_inition_lcd)
    STM32TOSSD2828_W_COM                     0x08005975   Thumb Code    96  config_hard.o(i.STM32TOSSD2828_W_COM)
    STM32TOSSD2828_W_DATA_16BITS             0x080059dd   Thumb Code   172  config_hard.o(i.STM32TOSSD2828_W_DATA_16BITS)
    STM32TOSSD2828_W_DATA_8BITS              0x08005a91   Thumb Code    96  config_hard.o(i.STM32TOSSD2828_W_DATA_8BITS)
    STM32_Init_SSD2828                       0x08005af9   Thumb Code   568  config_hard.o(i.STM32_Init_SSD2828)
    SVC_Handler                              0x08005d3d   Thumb Code     2  stm32f10x_it.o(i.SVC_Handler)
    Select_Main_Window_24bpp                 0x08005d41   Thumb Code    22  ra8876.o(i.Select_Main_Window_24bpp)
    SysTick_Handler                          0x08005e05   Thumb Code     2  stm32f10x_it.o(i.SysTick_Handler)
    SystemInit                               0x08005e09   Thumb Code    50  system_stm32f10x.o(i.SystemInit)
    System_Check_Temp                        0x08005e49   Thumb Code    92  lcd.o(i.System_Check_Temp)
    TFT_24bit                                0x08005ea9   Thumb Code    20  ra8876.o(i.TFT_24bit)
    TOUCH_POINT_CHECK_XY_A                   0x08005ec1   Thumb Code   180  gt9271.o(i.TOUCH_POINT_CHECK_XY_A)
    TOUCH_POINT_CLEAR                        0x08005f7d   Thumb Code    48  gt9271.o(i.TOUCH_POINT_CLEAR)
    TOUCH_POINT_statu                        0x08005fb5   Thumb Code    32  gt9271.o(i.TOUCH_POINT_statu)
    TOUCH_inition                            0x08005fd9   Thumb Code   254  gt9271.o(i.TOUCH_inition)
    TOUPANEL_SET_CONFIG                      0x080060e1   Thumb Code    88  gt9271.o(i.TOUPANEL_SET_CONFIG)
    USART_Cmd                                0x08006141   Thumb Code    20  stm32f10x_usart.o(i.USART_Cmd)
    USART_Configuration                      0x08006155   Thumb Code   126  usart.o(i.USART_Configuration)
    USART_GetFlagStatus                      0x080061dd   Thumb Code    14  stm32f10x_usart.o(i.USART_GetFlagStatus)
    USART_ITConfig                           0x080061eb   Thumb Code    48  stm32f10x_usart.o(i.USART_ITConfig)
    USART_Init                               0x0800621d   Thumb Code   134  stm32f10x_usart.o(i.USART_Init)
    USART_SendData                           0x080062a9   Thumb Code     8  stm32f10x_usart.o(i.USART_SendData)
    UsageFault_Handler                       0x080062b1   Thumb Code     2  stm32f10x_it.o(i.UsageFault_Handler)
    VSCAN_T_to_B                             0x080062b5   Thumb Code    20  ra8876.o(i.VSCAN_T_to_B)
    VSPN_ON                                  0x080062cd   Thumb Code     8  config_hard.o(i.VSPN_ON)
    VSYNC_Low_Active                         0x080062d9   Thumb Code    18  ra8876.o(i.VSYNC_Low_Active)
    __0printf$1                              0x080062f1   Thumb Code    22  printf1.o(i.__0printf$1)
    __1printf$1                              0x080062f1   Thumb Code     0  printf1.o(i.__0printf$1)
    __2printf                                0x080062f1   Thumb Code     0  printf1.o(i.__0printf$1)
    __ARM_common_memset4_12                  0x08006311   Thumb Code    18  fat.o(i.__ARM_common_memset4_12)
    __scatterload_copy                       0x08006323   Thumb Code    14  handlers.o(i.__scatterload_copy)
    __scatterload_null                       0x08006331   Thumb Code     2  handlers.o(i.__scatterload_null)
    __scatterload_zeroinit                   0x08006333   Thumb Code    14  handlers.o(i.__scatterload_zeroinit)
    delay_init                               0x08006495   Thumb Code    38  delay.o(i.delay_init)
    delay_ms                                 0x080064c1   Thumb Code    36  delay.o(i.delay_ms)
    delay_seconds                            0x080064e9   Thumb Code    20  delay.o(i.delay_seconds)
    delay_us                                 0x080064fd   Thumb Code    36  delay.o(i.delay_us)
    fputc                                    0x08006525   Thumb Code    30  usart.o(i.fputc)
    free                                     0x08006549   Thumb Code    76  malloc.o(i.free)
    main                                     0x08006599   Thumb Code   876  main.o(i.main)
    malloc                                   0x08006a2d   Thumb Code    92  malloc.o(i.malloc)
    ASCII_Table                              0x08006c0e   Data        4560  lcd.o(.constdata)
    Region$$Table$$Base                      0x08007de0   Number         0  anon$$obj.o(Region$$Table)
    Region$$Table$$Limit                     0x08007e00   Number         0  anon$$obj.o(Region$$Table)
    B1_event_flag                            0x20000000   Data           1  main.o(.data)
    B2_event_flag                            0x20000001   Data           1  main.o(.data)
    Status                                   0x20000002   Data           1  main.o(.data)
    SDConfigFlag                             0x20000003   Data           1  main.o(.data)
    SDShowFlag                               0x20000004   Data           1  main.o(.data)
    SDShowTimes                              0x20000005   Data           1  main.o(.data)
    CCR3_Val                                 0x20000006   Data           2  main.o(.data)
    sd_Capacity                              0x20000008   Data           4  main.o(.data)
    GPIO_InitStructure                       0x2000000c   Data           4  main.o(.data)
    ID_OK                                    0x20000014   Data           1  config_hard.o(.data)
    ID1_VALUE                                0x20000015   Data           1  config_hard.o(.data)
    ID2_VALUE                                0x20000016   Data           1  config_hard.o(.data)
    ID3_VALUE                                0x20000017   Data           1  config_hard.o(.data)
    ID1_register                             0x20000018   Data           1  config_hard.o(.data)
    ID2_register                             0x20000019   Data           1  config_hard.o(.data)
    ID3_register                             0x2000001a   Data           1  config_hard.o(.data)
    ID1_READ                                 0x2000001b   Data           1  config_hard.o(.data)
    ID2_READ                                 0x2000001c   Data           1  config_hard.o(.data)
    ID3_READ                                 0x2000001d   Data           1  config_hard.o(.data)
    MIPI_SET                                 0x2000001e   Data           6  config_hard.o(.data)
    TIMING_SET                               0x20000024   Data          18  config_hard.o(.data)
    image_count                              0x20000036   Data           2  disp.o(.data)
    image_all                                0x20000038   Data           2  disp.o(.data)
    TP_PROJECT_NAME                          0x2000003a   Data           1  gt9271.o(.data)
    TOUCH_TX                                 0x2000003b   Data           1  gt9271.o(.data)
    TOUCH_RX                                 0x2000003c   Data           1  gt9271.o(.data)
    CTP_DEVICE_ADDRESS_GT9271                0x2000003d   Data           1  gt9271.o(.data)
    CTP_GOOD_SAMPLE_NUM                      0x2000003e   Data           1  gt9271.o(.data)
    TOUCH_POINT1_X                           0x20000040   Data           2  gt9271.o(.data)
    TOUCH_POINT1_Y                           0x20000042   Data           2  gt9271.o(.data)
    TOUCH_POINT2_X                           0x20000044   Data           2  gt9271.o(.data)
    TOUCH_POINT2_Y                           0x20000046   Data           2  gt9271.o(.data)
    TOUCH_POINT3_X                           0x20000048   Data           2  gt9271.o(.data)
    TOUCH_POINT3_Y                           0x2000004a   Data           2  gt9271.o(.data)
    TOUCH_POINT4_X                           0x2000004c   Data           2  gt9271.o(.data)
    TOUCH_POINT4_Y                           0x2000004e   Data           2  gt9271.o(.data)
    TOUCH_POINT5_X                           0x20000050   Data           2  gt9271.o(.data)
    TOUCH_POINT5_Y                           0x20000052   Data           2  gt9271.o(.data)
    TOUCH_POINT6_X                           0x20000054   Data           2  gt9271.o(.data)
    TOUCH_POINT6_Y                           0x20000056   Data           2  gt9271.o(.data)
    TOUCH_POINT7_X                           0x20000058   Data           2  gt9271.o(.data)
    TOUCH_POINT7_Y                           0x2000005a   Data           2  gt9271.o(.data)
    TOUCH_POINT8_X                           0x2000005c   Data           2  gt9271.o(.data)
    TOUCH_POINT8_Y                           0x2000005e   Data           2  gt9271.o(.data)
    TOUCH_POINT9_X                           0x20000060   Data           2  gt9271.o(.data)
    TOUCH_POINT9_Y                           0x20000062   Data           2  gt9271.o(.data)
    TOUCH_POINT10_X                          0x20000064   Data           2  gt9271.o(.data)
    TOUCH_POINT10_Y                          0x20000066   Data           2  gt9271.o(.data)
    TP_XDP                                   0x20000068   Data           2  gt9271.o(.data)
    TP_YDP                                   0x2000006a   Data           2  gt9271.o(.data)
    TOUCH_POINT_SUM                          0x2000006c   Data           2  gt9271.o(.data)
    RESULT_AUTO_CHECK_NUM                    0x2000006e   Data           2  gt9271.o(.data)
    pucData                                  0x20000070   Data           2  gt9271.o(.data)
    SCAN_FREQ                                0x20000086   Data           2  ra8876.o(.data)
    TransferError                            0x20000088   Data           1  sdcard.o(.data)
    TransferEnd                              0x200000a0   Data           4  sdcard.o(.data)
    NumberOfBytes                            0x200000a4   Data           4  sdcard.o(.data)
    SrcBuffer                                0x200000a8   Data           4  sdcard.o(.data)
    DestBuffer                               0x200000ac   Data           4  sdcard.o(.data)
    LongNameFlag                             0x200000b0   Data           1  fat.o(.data)
    FAT32_Enable                             0x200000b1   Data           1  fat.o(.data)
    BytesPerSector                           0x200000b2   Data           2  fat.o(.data)
    SectorsPerClust                          0x200000b4   Data           2  fat.o(.data)
    FirstDirClust                            0x200000b8   Data           4  fat.o(.data)
    FirstDataSector                          0x200000bc   Data           4  fat.o(.data)
    FATsectors                               0x200000c0   Data           4  fat.o(.data)
    FirstFATSector                           0x200000c4   Data           4  fat.o(.data)
    FirstDirSector                           0x200000c8   Data           4  fat.o(.data)
    RootDirSectors                           0x200000cc   Data           4  fat.o(.data)
    RootDirCount                             0x200000d0   Data           4  fat.o(.data)
    __stdout                                 0x200000d4   Data           4  stdout.o(.data)
    __microlib_freelist                      0x200000d8   Data           4  mvars.o(.data)
    __microlib_freelist_initialised          0x200000dc   Data           4  mvars.o(.data)
    SDCardInfo                               0x200000e0   Data          80  main.o(.bss)
    MIPI_READ_DATA                           0x20000130   Data          10  config_hard.o(.bss)
    MIPI_Array                               0x2000013a   Data         300  config_hard.o(.bss)
    BMPInfo                                  0x20000266   Data          32  disp.o(.bss)
    TOUCH_XY_check                           0x20000286   Data         288  gt9271.o(.bss)
    pucData_A                                0x200003a6   Data        1000  gt9271.o(.bss)
    RAWDATA_DEFAULT                          0x2000078e   Data        1200  gt9271.o(.bss)
    RAWDATA_DEFAULT_new                      0x20000c3e   Data        1200  gt9271.o(.bss)
    SDIO_InitStructure                       0x20001120   Data          24  sdcard.o(.bss)
    SDIO_CmdInitStructure                    0x20001138   Data          20  sdcard.o(.bss)
    SDIO_DataInitStructure                   0x2000114c   Data          24  sdcard.o(.bss)
    LongNameBuffer                           0x20001180   Data         132  fat.o(.bss)
    FileInfo                                 0x20001204   Data          15  fat.o(.bss)
    recordBuf                                0x20001213   Data        1024  fat.o(.bss)
    __heap_base                              0x20001618   Data           0  startup_stm32f10x_hd.o(HEAP)
    __heap_limit                             0x20001a18   Data           0  startup_stm32f10x_hd.o(HEAP)
    __initial_sp                             0x20002a18   Data           0  startup_stm32f10x_hd.o(STACK)



==============================================================================

Memory Map of the image

  Image Entry point : 0x08000131

  Load Region LR_IROM1 (Base: 0x08000000, Size: 0x00007ee0, Max: 0x00040000, ABSOLUTE)

    Execution Region ER_IROM1 (Base: 0x08000000, Size: 0x00007e00, Max: 0x00040000, ABSOLUTE)

    Base Addr    Size         Type   Attr      Idx    E Section Name        Object

    0x08000000   0x00000130   Data   RO         2919    RESET               startup_stm32f10x_hd.o
    0x08000130   0x00000000   Code   RO         5991  * .ARM.Collect$$$$00000000  mc_w.l(entry.o)
    0x08000130   0x00000004   Code   RO         6292    .ARM.Collect$$$$00000001  mc_w.l(entry2.o)
    0x08000134   0x00000004   Code   RO         6295    .ARM.Collect$$$$00000004  mc_w.l(entry5.o)
    0x08000138   0x00000000   Code   RO         6297    .ARM.Collect$$$$00000008  mc_w.l(entry7b.o)
    0x08000138   0x00000000   Code   RO         6299    .ARM.Collect$$$$0000000A  mc_w.l(entry8b.o)
    0x08000138   0x00000008   Code   RO         6300    .ARM.Collect$$$$0000000B  mc_w.l(entry9a.o)
    0x08000140   0x00000000   Code   RO         6302    .ARM.Collect$$$$0000000D  mc_w.l(entry10a.o)
    0x08000140   0x00000000   Code   RO         6304    .ARM.Collect$$$$0000000F  mc_w.l(entry11a.o)
    0x08000140   0x00000004   Code   RO         6293    .ARM.Collect$$$$00002712  mc_w.l(entry2.o)
    0x08000144   0x00000030   Code   RO         2920    .text               startup_stm32f10x_hd.o
    0x08000174   0x00001d3c   Code   RO         5859    .text               SDFAT.lib(sdcard.o)
    0x08001eb0   0x00001b80   Code   RO         5963    .text               SDFAT.lib(fat.o)
    0x08003a30   0x00000024   Code   RO         5997    .text               mc_w.l(memcpya.o)
    0x08003a54   0x00000024   Code   RO         5999    .text               mc_w.l(memseta.o)
    0x08003a78   0x0000002c   Code   RO         6307    .text               mc_w.l(uidiv.o)
    0x08003aa4   0x00000024   Code   RO         6324    .text               mc_w.l(init.o)
    0x08003ac8   0x0000002a   Code   RO         2925    i.Active_Window_WH  ra8876.o
    0x08003af2   0x0000002a   Code   RO         2926    i.Active_Window_XY  ra8876.o
    0x08003b1c   0x0000000c   Code   RO          604    i.BL_OFF            config_hard.o
    0x08003b28   0x0000000c   Code   RO          605    i.BL_ON             config_hard.o
    0x08003b34   0x00000002   Code   RO          224    i.BusFault_Handler  stm32f10x_it.o
    0x08003b36   0x00000002   PAD
    0x08003b38   0x00000088   Code   RO          873    i.CTP_GT9271_TEST   gt9271.o
    0x08003bc0   0x00000030   Code   RO          875    i.CTP_RAWDATA_new_GET  gt9271.o
    0x08003bf0   0x00000184   Code   RO          876    i.CTP_TOUCH_CHECK_A  gt9271.o
    0x08003d74   0x0000002c   Code   RO         2964    i.Canvas_Image_Start_address  ra8876.o
    0x08003da0   0x00000018   Code   RO         2965    i.Canvas_image_width  ra8876.o
    0x08003db8   0x0000000c   Code   RO         2974    i.Check_Mem_WR_FIFO_not_Full  ra8876.o
    0x08003dc4   0x0000000c   Code   RO         2978    i.Check_SDRAM_Ready  ra8876.o
    0x08003dd0   0x00000008   Code   RO          801    i.Clear_LCD1602     lcd1602.o
    0x08003dd8   0x00000018   Code   RO         2994    i.DE_High_Active    ra8876.o
    0x08003df0   0x00000018   Code   RO         1899    i.DMA_ClearFlag     stm32f10x_dma.o
    0x08003e08   0x00000014   Code   RO         1901    i.DMA_Cmd           stm32f10x_dma.o
    0x08003e1c   0x00000020   Code   RO         1904    i.DMA_GetFlagStatus  stm32f10x_dma.o
    0x08003e3c   0x0000003a   Code   RO         1907    i.DMA_Init          stm32f10x_dma.o
    0x08003e76   0x00000002   Code   RO          225    i.DebugMon_Handler  stm32f10x_it.o
    0x08003e78   0x00000004   Code   RO          607    i.DelayMs           config_hard.o
    0x08003e7c   0x0000019c   Code   RO          775    i.Disp_BMP          disp.o
    0x08004018   0x0000001c   Code   RO         3021    i.Display_ON        ra8876.o
    0x08004034   0x00000046   Code   RO           77    i.EXTI_Configuration  main.o
    0x0800407a   0x00000002   PAD
    0x0800407c   0x00000084   Code   RO         1111    i.EXTI_Init         stm32f10x_exti.o
    0x08004100   0x00000052   Code   RO            1    i.FSMC_LCD_Init_H   fsmc_sram.o
    0x08004152   0x00000002   PAD
    0x08004154   0x00000020   Code   RO         1170    i.FSMC_NORSRAMCmd   stm32f10x_fsmc.o
    0x08004174   0x000000c4   Code   RO         1172    i.FSMC_NORSRAMInit  stm32f10x_fsmc.o
    0x08004238   0x00000124   Code   RO           78    i.GPIO_Configuration  main.o
    0x0800435c   0x00000028   Code   RO         1281    i.GPIO_EXTILineConfig  stm32f10x_gpio.o
    0x08004384   0x0000009c   Code   RO         1284    i.GPIO_Init         stm32f10x_gpio.o
    0x08004420   0x00000048   Code   RO         1286    i.GPIO_PinRemapConfig  stm32f10x_gpio.o
    0x08004468   0x0000000e   Code   RO         1288    i.GPIO_ReadInputDataBit  stm32f10x_gpio.o
    0x08004476   0x00000004   Code   RO         1291    i.GPIO_ResetBits    stm32f10x_gpio.o
    0x0800447a   0x00000004   Code   RO         1292    i.GPIO_SetBits      stm32f10x_gpio.o
    0x0800447e   0x00000002   PAD
    0x08004480   0x00000078   Code   RO          881    i.GT9271_GPIO_Config  gt9271.o
    0x080044f8   0x00000074   Code   RO          882    i.GT9271_I2CReceive  gt9271.o
    0x0800456c   0x00000088   Code   RO          883    i.GT9271_I2CReciveByte  gt9271.o
    0x080045f4   0x0000001c   Code   RO          884    i.GT9271_I2CSDASetInput  gt9271.o
    0x08004610   0x00000024   Code   RO          885    i.GT9271_I2CSDASetOutput  gt9271.o
    0x08004634   0x00000052   Code   RO          886    i.GT9271_I2CSend    gt9271.o
    0x08004686   0x00000002   PAD
    0x08004688   0x00000088   Code   RO          887    i.GT9271_I2CSendByte  gt9271.o
    0x08004710   0x0000003c   Code   RO          888    i.GT9271_I2CStart   gt9271.o
    0x0800474c   0x0000003c   Code   RO          889    i.GT9271_I2CStop    gt9271.o
    0x08004788   0x0000002a   Code   RO         3095    i.Goto_Pixel_XY     ra8876.o
    0x080047b2   0x00000002   PAD
    0x080047b4   0x00000018   Code   RO         3098    i.Graphic_Mode      ra8876.o
    0x080047cc   0x00000018   Code   RO         3099    i.HSCAN_L_to_R      ra8876.o
    0x080047e4   0x00000018   Code   RO         3102    i.HSYNC_Low_Active  ra8876.o
    0x080047fc   0x00000002   Code   RO          226    i.HardFault_Handler  stm32f10x_it.o
    0x080047fe   0x00000002   PAD
    0x08004800   0x00000098   Code   RO          608    i.HardWare_GPIO_Configuration  config_hard.o
    0x08004898   0x0000001c   Code   RO         3103    i.Host_Bus_16bit    ra8876.o
    0x080048b4   0x000000a8   Code   RO          802    i.LCD1602_Init      lcd1602.o
    0x0800495c   0x000000a0   Code   RO          803    i.LCD1602_PIN_Configuration  lcd1602.o
    0x080049fc   0x00000074   Code   RO          805    i.LCD1602_Write     lcd1602.o
    0x08004a70   0x00000058   Code   RO          806    i.LCD1602_Write_L4BIT  lcd1602.o
    0x08004ac8   0x00000072   Code   RO          807    i.LCD1602_display_DATA  lcd1602.o
    0x08004b3a   0x00000024   Code   RO          808    i.LCD1602_display_Line  lcd1602.o
    0x08004b5e   0x0000002a   Code   RO          809    i.LCD1602_display_Line_A  lcd1602.o
    0x08004b88   0x00000078   Code   RO         5628    i.LCD_All_color     lcd.o
    0x08004c00   0x00000034   Code   RO         5632    i.LCD_DisplayString_A  lcd.o
    0x08004c34   0x0000003c   Code   RO         5635    i.LCD_DrawPoint     lcd.o
    0x08004c70   0x00000028   Code   RO         3125    i.LCD_HSYNC_Pulse_Width  ra8876.o
    0x08004c98   0x00000024   Code   RO         3126    i.LCD_HSYNC_Start_Position  ra8876.o
    0x08004cbc   0x00000050   Code   RO         3127    i.LCD_HorizontalWidth_VerticalHeight  ra8876.o
    0x08004d0c   0x00000030   Code   RO         3128    i.LCD_Horizontal_Non_Display  ra8876.o
    0x08004d3c   0x000000a8   Code   RO         5638    i.LCD_PutChar_A     lcd.o
    0x08004de4   0x00000010   Code   RO         3130    i.LCD_RegisterWrite  ra8876.o
    0x08004df4   0x0000002c   Code   RO         5640    i.LCD_SetCursor     lcd.o
    0x08004e20   0x00000044   Code   RO         5642    i.LCD_SetPoint_A    lcd.o
    0x08004e64   0x0000004c   Code   RO         5644    i.LCD_Set_DisplayWindow  lcd.o
    0x08004eb0   0x00000018   Code   RO         3131    i.LCD_VSYNC_Pulse_Width  ra8876.o
    0x08004ec8   0x00000018   Code   RO         3132    i.LCD_VSYNC_Start_Position  ra8876.o
    0x08004ee0   0x00000020   Code   RO         3133    i.LCD_Vertical_Non_Display  ra8876.o
    0x08004f00   0x00000074   Code   RO         5645    i.LCD_WriteArea     lcd.o
    0x08004f74   0x0000000a   Code   RO         5646    i.LCD_WriteRAM_Prepare  lcd.o
    0x08004f7e   0x00000002   PAD
    0x08004f80   0x00000038   Code   RO          611    i.MIPI_Protocol_Write  config_hard.o
    0x08004fb8   0x00000038   Code   RO          612    i.MIPI_SPI_Write    config_hard.o
    0x08004ff0   0x0000002c   Code   RO         3140    i.Main_Image_Start_Address  ra8876.o
    0x0800501c   0x00000018   Code   RO         3141    i.Main_Image_Width  ra8876.o
    0x08005034   0x0000002a   Code   RO         3142    i.Main_Window_Start_XY  ra8876.o
    0x0800505e   0x00000002   Code   RO          227    i.MemManage_Handler  stm32f10x_it.o
    0x08005060   0x00000018   Code   RO         3157    i.MemWrite_Left_Right_Top_Down  ra8876.o
    0x08005078   0x0000001c   Code   RO         3161    i.Memory_24bpp_Mode  ra8876.o
    0x08005094   0x00000018   Code   RO         3166    i.Memory_Select_SDRAM  ra8876.o
    0x080050ac   0x00000018   Code   RO         3167    i.Memory_XY_Mode    ra8876.o
    0x080050c4   0x00000002   Code   RO          228    i.NMI_Handler       stm32f10x_it.o
    0x080050c6   0x0000004a   Code   RO           79    i.NVIC_Configuration  main.o
    0x08005110   0x00000064   Code   RO         1069    i.NVIC_Init         misc.o
    0x08005174   0x00000014   Code   RO         1070    i.NVIC_PriorityGroupConfig  misc.o
    0x08005188   0x00000014   Code   RO         1071    i.NVIC_SetVectorTable  misc.o
    0x0800519c   0x00000018   Code   RO          811    i.OUTPUT_DATA       lcd1602.o
    0x080051b4   0x00000018   Code   RO         3174    i.PCLK_Rising       ra8876.o
    0x080051cc   0x00000018   Code   RO         3181    i.PDATA_Set_RGB     ra8876.o
    0x080051e4   0x00000002   Code   RO          229    i.PendSV_Handler    stm32f10x_it.o
    0x080051e6   0x00000002   PAD
    0x080051e8   0x00000028   Code   RO         5647    i.RA8876_HW_Reset   lcd.o
    0x08005210   0x000000dc   Code   RO         3209    i.RA8876_PLL_Initial  ra8876.o
    0x080052ec   0x00000038   Code   RO         3210    i.RA8876_SDRAM_initail  ra8876.o
    0x08005324   0x000000d8   Code   RO         3214    i.RA8876_initial    ra8876.o
    0x080053fc   0x00000018   Code   RO         1388    i.RCC_AHBPeriphClockCmd  stm32f10x_rcc.o
    0x08005414   0x00000018   Code   RO         1389    i.RCC_APB1PeriphClockCmd  stm32f10x_rcc.o
    0x0800542c   0x00000018   Code   RO         1391    i.RCC_APB2PeriphClockCmd  stm32f10x_rcc.o
    0x08005444   0x00000024   Code   RO           80    i.RCC_Configuration  main.o
    0x08005468   0x00000094   Code   RO         1399    i.RCC_GetClocksFreq  stm32f10x_rcc.o
    0x080054fc   0x00000118   Code   RO          614    i.READ_SSD2828_onebyte  config_hard.o
    0x08005614   0x0000001c   Code   RO         3215    i.RGB_16b_16bpp     ra8876.o
    0x08005630   0x0000000c   Code   RO         1966    i.SDIO_ClearFlag    stm32f10x_sdio.o
    0x0800563c   0x0000000c   Code   RO         1967    i.SDIO_ClearITPendingBit  stm32f10x_sdio.o
    0x08005648   0x0000000c   Code   RO         1968    i.SDIO_ClockCmd     stm32f10x_sdio.o
    0x08005654   0x0000000c   Code   RO         1971    i.SDIO_DMACmd       stm32f10x_sdio.o
    0x08005660   0x0000002c   Code   RO         1972    i.SDIO_DataConfig   stm32f10x_sdio.o
    0x0800568c   0x00000024   Code   RO         1974    i.SDIO_DeInit       stm32f10x_sdio.o
    0x080056b0   0x0000000c   Code   RO         1975    i.SDIO_GetCommandResponse  stm32f10x_sdio.o
    0x080056bc   0x00000014   Code   RO         1978    i.SDIO_GetFlagStatus  stm32f10x_sdio.o
    0x080056d0   0x00000014   Code   RO         1979    i.SDIO_GetITStatus  stm32f10x_sdio.o
    0x080056e4   0x00000010   Code   RO         1980    i.SDIO_GetPowerState  stm32f10x_sdio.o
    0x080056f4   0x0000000c   Code   RO         1981    i.SDIO_GetResponse  stm32f10x_sdio.o
    0x08005700   0x00000004   Code   RO          230    i.SDIO_IRQHandler   stm32f10x_it.o
    0x08005704   0x00000018   Code   RO         1982    i.SDIO_ITConfig     stm32f10x_sdio.o
    0x0800571c   0x0000002c   Code   RO         1983    i.SDIO_Init         stm32f10x_sdio.o
    0x08005748   0x0000000c   Code   RO         1984    i.SDIO_ReadData     stm32f10x_sdio.o
    0x08005754   0x00000028   Code   RO         1986    i.SDIO_SendCommand  stm32f10x_sdio.o
    0x0800577c   0x00000018   Code   RO         1988    i.SDIO_SetPowerState  stm32f10x_sdio.o
    0x08005794   0x0000000c   Code   RO         1994    i.SDIO_WriteData    stm32f10x_sdio.o
    0x080057a0   0x00000044   Code   RO           81    i.SDPicShow         main.o
    0x080057e4   0x00000014   Code   RO         1760    i.SPI_Cmd           stm32f10x_spi.o
    0x080057f8   0x00000038   Code   RO         1773    i.SPI_Init          stm32f10x_spi.o
    0x08005830   0x000000a8   Code   RO          333    i.SPI_Peripheral_Init  spi_flash.o
    0x080058d8   0x0000001a   Code   RO          619    i.SSD2828_ENTER_LP_mode  config_hard.o
    0x080058f2   0x0000001a   Code   RO          621    i.SSD2828_VIDEO_MODE_HS  config_hard.o
    0x0800590c   0x00000066   Code   RO          622    i.SSD2828_inition_lcd  config_hard.o
    0x08005972   0x00000002   PAD
    0x08005974   0x00000068   Code   RO          623    i.STM32TOSSD2828_W_COM  config_hard.o
    0x080059dc   0x000000b4   Code   RO          624    i.STM32TOSSD2828_W_DATA_16BITS  config_hard.o
    0x08005a90   0x00000068   Code   RO          625    i.STM32TOSSD2828_W_DATA_8BITS  config_hard.o
    0x08005af8   0x00000244   Code   RO          626    i.STM32_Init_SSD2828  config_hard.o
    0x08005d3c   0x00000002   Code   RO          231    i.SVC_Handler       stm32f10x_it.o
    0x08005d3e   0x00000002   PAD
    0x08005d40   0x0000001c   Code   RO         3253    i.Select_Main_Window_24bpp  ra8876.o
    0x08005d5c   0x000000a8   Code   RO         5820    i.SetSysClockTo72   system_stm32f10x.o
    0x08005e04   0x00000002   Code   RO          232    i.SysTick_Handler   stm32f10x_it.o
    0x08005e06   0x00000002   PAD
    0x08005e08   0x00000040   Code   RO         5821    i.SystemInit        system_stm32f10x.o
    0x08005e48   0x00000060   Code   RO         5648    i.System_Check_Temp  lcd.o
    0x08005ea8   0x00000018   Code   RO         3341    i.TFT_24bit         ra8876.o
    0x08005ec0   0x000000bc   Code   RO          898    i.TOUCH_POINT_CHECK_XY_A  gt9271.o
    0x08005f7c   0x00000038   Code   RO          899    i.TOUCH_POINT_CLEAR  gt9271.o
    0x08005fb4   0x00000024   Code   RO          900    i.TOUCH_POINT_statu  gt9271.o
    0x08005fd8   0x00000108   Code   RO          901    i.TOUCH_inition     gt9271.o
    0x080060e0   0x00000060   Code   RO          902    i.TOUPANEL_SET_CONFIG  gt9271.o
    0x08006140   0x00000014   Code   RO         1591    i.USART_Cmd         stm32f10x_usart.o
    0x08006154   0x00000088   Code   RO          421    i.USART_Configuration  usart.o
    0x080061dc   0x0000000e   Code   RO         1594    i.USART_GetFlagStatus  stm32f10x_usart.o
    0x080061ea   0x00000030   Code   RO         1597    i.USART_ITConfig    stm32f10x_usart.o
    0x0800621a   0x00000002   PAD
    0x0800621c   0x0000008c   Code   RO         1598    i.USART_Init        stm32f10x_usart.o
    0x080062a8   0x00000008   Code   RO         1606    i.USART_SendData    stm32f10x_usart.o
    0x080062b0   0x00000002   Code   RO          233    i.UsageFault_Handler  stm32f10x_it.o
    0x080062b2   0x00000002   PAD
    0x080062b4   0x00000018   Code   RO         3351    i.VSCAN_T_to_B      ra8876.o
    0x080062cc   0x0000000c   Code   RO          629    i.VSPN_ON           config_hard.o
    0x080062d8   0x00000018   Code   RO         3353    i.VSYNC_Low_Active  ra8876.o
    0x080062f0   0x00000020   Code   RO         6048    i.__0printf$1       mc_w.l(printf1.o)
    0x08006310   0x00000012   Code   RO         5979    i.__ARM_common_memset4_12  SDFAT.lib(fat.o)
    0x08006322   0x0000000e   Code   RO         6336    i.__scatterload_copy  mc_w.l(handlers.o)
    0x08006330   0x00000002   Code   RO         6337    i.__scatterload_null  mc_w.l(handlers.o)
    0x08006332   0x0000000e   Code   RO         6338    i.__scatterload_zeroinit  mc_w.l(handlers.o)
    0x08006340   0x00000154   Code   RO         6055    i._printf_core      mc_w.l(printf1.o)
    0x08006494   0x0000002c   Code   RO          293    i.delay_init        delay.o
    0x080064c0   0x00000028   Code   RO          294    i.delay_ms          delay.o
    0x080064e8   0x00000014   Code   RO          295    i.delay_seconds     delay.o
    0x080064fc   0x00000028   Code   RO          296    i.delay_us          delay.o
    0x08006524   0x00000024   Code   RO          422    i.fputc             usart.o
    0x08006548   0x00000050   Code   RO         6264    i.free              mc_w.l(malloc.o)
    0x08006598   0x00000494   Code   RO           84    i.main              main.o
    0x08006a2c   0x0000006c   Code   RO         6265    i.malloc            mc_w.l(malloc.o)
    0x08006a98   0x00000176   Data   RO          905    .constdata          gt9271.o
    0x08006c0e   0x000011d0   Data   RO         5650    .constdata          lcd.o
    0x08007dde   0x00000002   PAD
    0x08007de0   0x00000020   Data   RO         6334    Region$$Table       anon$$obj.o


    Execution Region RW_IRAM1 (Base: 0x20000000, Size: 0x00002a18, Max: 0x0000c000, ABSOLUTE)

    Base Addr    Size         Type   Attr      Idx    E Section Name        Object

    0x20000000   0x00000010   Data   RW           93    .data               main.o
    0x20000010   0x00000004   Data   RW          297    .data               delay.o
    0x20000014   0x00000022   Data   RW          631    .data               config_hard.o
    0x20000036   0x00000004   Data   RW          777    .data               disp.o
    0x2000003a   0x00000038   Data   RW          906    .data               gt9271.o
    0x20000072   0x00000014   Data   RW         1419    .data               stm32f10x_rcc.o
    0x20000086   0x00000002   Data   RW         3378    .data               ra8876.o
    0x20000088   0x00000028   Data   RW         5861    .data               SDFAT.lib(sdcard.o)
    0x200000b0   0x00000024   Data   RW         5968    .data               SDFAT.lib(fat.o)
    0x200000d4   0x00000004   Data   RW         6306    .data               mc_w.l(stdout.o)
    0x200000d8   0x00000004   Data   RW         6311    .data               mc_w.l(mvars.o)
    0x200000dc   0x00000004   Data   RW         6312    .data               mc_w.l(mvars.o)
    0x200000e0   0x00000050   Zero   RW           86    .bss                main.o
    0x20000130   0x00000136   Zero   RW          630    .bss                config_hard.o
    0x20000266   0x00000020   Zero   RW          776    .bss                disp.o
    0x20000286   0x00000e68   Zero   RW          904    .bss                gt9271.o
    0x200010ee   0x00000012   PAD
    0x20001100   0x00000064   Zero   RW         5860    .bss                SDFAT.lib(sdcard.o)
    0x20001164   0x0000001c   PAD
    0x20001180   0x00000493   Zero   RW         5965    .bss                SDFAT.lib(fat.o)
    0x20001613   0x00000005   PAD
    0x20001618   0x00000400   Zero   RW         2918    HEAP                startup_stm32f10x_hd.o
    0x20001a18   0x00001000   Zero   RW         2917    STACK               startup_stm32f10x_hd.o


==============================================================================

Image component sizes


      Code (inc. data)   RO Data    RW Data    ZI Data      Debug   Object Name

      1706         84          0         34        310      11313   config_hard.o
       144         14          0          4          0       2047   delay.o
       412         20          0          4         32       2656   disp.o
        82          0          0          0          0     262774   fsmc_sram.o
      1986        112        374         56       3688      13119   gt9271.o
       850         54       4560          0          0       8883   lcd.o
       756         40          0          0          0       5618   lcd1602.o
      1712        328          0         16         80      16142   main.o
       140         24          0          0          0       1905   misc.o
      1548        150          0          2          0      21819   ra8876.o
       168          8          0          0          0        626   spi_flash.o
        48         12        304          0       5120        856   startup_stm32f10x_hd.o
       134         16          0          0          0       3173   stm32f10x_dma.o
       132          8          0          0          0        924   stm32f10x_exti.o
       228          6          0          0          0       1753   stm32f10x_fsmc.o
       290         12          0          0          0       4724   stm32f10x_gpio.o
        22          0          0          0          0       4044   stm32f10x_it.o
       220         36          0         20          0       4834   stm32f10x_rcc.o
       364         90          0          0          0      10039   stm32f10x_sdio.o
        76          0          0          0          0       1849   stm32f10x_spi.o
       230          6          0          0          0       4501   stm32f10x_usart.o
       232         22          0          0          0       1381   system_stm32f10x.o
       172         16          0          0          0       2362   usart.o

    ----------------------------------------------------------------------
     11680       1058       5272        136       9248     387342   Object Totals
         0          0         32          0          0          0   (incl. Generated)
        28          0          2          0         18          0   (incl. Padding)

    ----------------------------------------------------------------------

      Code (inc. data)   RO Data    RW Data    ZI Data      Debug   Library Member Name

      7058         78          0         36       1171      24272   fat.o
      7484        232          0         40        100      52447   sdcard.o
         0          0          0          0          0          0   entry.o
         0          0          0          0          0          0   entry10a.o
         0          0          0          0          0          0   entry11a.o
         8          4          0          0          0          0   entry2.o
         4          0          0          0          0          0   entry5.o
         0          0          0          0          0          0   entry7b.o
         0          0          0          0          0          0   entry8b.o
         8          4          0          0          0          0   entry9a.o
        30          0          0          0          0          0   handlers.o
        36          8          0          0          0         68   init.o
       188         20          0          0          0        160   malloc.o
        36          0          0          0          0         68   memcpya.o
        36          0          0          0          0        108   memseta.o
         0          0          0          8          0          0   mvars.o
       372         14          0          0          0        184   printf1.o
         0          0          0          4          0          0   stdout.o
        44          0          0          0          0         80   uidiv.o

    ----------------------------------------------------------------------
     15304        360          0         88       1304      77387   Library Totals
         0          0          0          0         33          0   (incl. Padding)

    ----------------------------------------------------------------------

      Code (inc. data)   RO Data    RW Data    ZI Data      Debug   Library Name

     14542        310          0         76       1271      76719   SDFAT.lib
       762         50          0         12          0        668   mc_w.l

    ----------------------------------------------------------------------
     15304        360          0         88       1304      77387   Library Totals

    ----------------------------------------------------------------------

==============================================================================


      Code (inc. data)   RO Data    RW Data    ZI Data      Debug   

     26984       1418       5272        224      10552     456093   Grand Totals
     26984       1418       5272        224      10552     456093   ELF Image Totals
     26984       1418       5272        224          0          0   ROM Totals

==============================================================================

    Total RO  Size (Code + RO Data)                32256 (  31.50kB)
    Total RW  Size (RW Data + ZI Data)             10776 (  10.52kB)
    Total ROM Size (Code + RO Data + RW Data)      32480 (  31.72kB)

==============================================================================

