Component: ARM Compiler 5.06 update 4 (build 422) Tool: armlink [4d35d2]

==============================================================================

Section Cross References

    main.o(.text) refers to config_hard.o(.text) for DelayMs
    main.o(.text) refers to lcd1602.o(.text) for LED_RUN_BIBI
    main.o(.text) refers to stm32f10x_gpio.o(.text) for GPIO_EXTILineConfig
    main.o(.text) refers to stm32f10x_exti.o(.text) for EXTI_Init
    main.o(.text) refers to misc.o(.text) for NVIC_PriorityGroupConfig
    main.o(.text) refers to delay.o(.text) for delay_ms
    main.o(.text) refers to stm32f10x_rcc.o(.text) for RCC_APB2PeriphClockCmd
    main.o(.text) refers to main.o(.data) for HorA
    main.o(.text) refers to config_hard.o(.data) for PIC_SET_CACHE
    main.o(.text) refers to system_stm32f10x.o(.text) for SystemInit
    main.o(.text) refers to spi_flash.o(.text) for SPI_Peripheral_Init
    main.o(.text) refers to usart.o(.text) for USART_Configuration
    main.o(.text) refers to sdcard.o(.text) for SD_Init
    main.o(.text) refers to lcd.o(.text) for LCD_Set_DisplayWindow
    main.o(.text) refers to fat.o(.text) for FAT_Init
    main.o(.text) refers to disp2.o(.text) for Get_testpar
    main.o(.text) refers to printfb.o(i.__0printf$bare) for __2printf
    main.o(.text) refers to fsmc_sram.o(.text) for FSMC_LCD_Init_H
    main.o(.text) refers to r5421.o(.text) for R5421_initial
    main.o(.text) refers to pattern.o(.text) for SDRAM_PREPARE
    main.o(.text) refers to iic_current.o(.text) for T226_intion
    main.o(.text) refers to main.o(.bss) for SDCardInfo
    main.o(.text) refers to config_hard.o(.bss) for TIMING_SET
    main.o(.text) refers to disp2.o(.bss) for Testpar
    main.o(.text) refers to otp.o(.data) for MTP_OVER
    main.o(.text) refers to lcm.o(.text) for VCOM_set
    main.o(.text) refers to otp.o(.text) for reset_lcd
    main.o(.text) refers to stm32f10x_tim.o(.text) for TIM_DeInit
    lcm.o(.text) refers to config_hard.o(.text) for MIPI_SPI_Write
    lcm.o(.text) refers to config_hard.o(.bss) for TIMING_SET
    lcm.o(.text) refers to config_hard.o(.data) for MIPI_SET
    lcm.o(.text) refers to otp.o(.data) for VCOMDC1
    otp.o(.text) refers to delay.o(.text) for delay_ms
    otp.o(.text) refers to lcd1602.o(.text) for LCD1602_display_Line
    otp.o(.text) refers to lcm.o(.text) for MIPI_LCD_INITION
    otp.o(.text) refers to config_hard.o(.text) for SSD2828_RST
    otp.o(.text) refers to tsliic_rev01.o(.text) for Sensor_Check
    otp.o(.text) refers to otp.o(.data) for OTP_ERROR_MESAGE
    otp.o(.text) refers to config_hard.o(.bss) for MIPI_READ_DATA
    otp.o(.text) refers to config_hard.o(.data) for ID1_register
    otp.o(.text) refers to otp.o(.bss) for SURE
    stm32f10x_it.o(.text) refers to stm32f10x_exti.o(.text) for EXTI_GetITStatus
    stm32f10x_it.o(.text) refers to main.o(.text) for EXTI13_IRQHandler
    stm32f10x_it.o(.text) refers to sdcard.o(.text) for SD_ProcessIRQSrc
    stm32f10x_gpio.o(.text) refers to stm32f10x_rcc.o(.text) for RCC_APB2PeriphResetCmd
    stm32f10x_rcc.o(.text) refers to stm32f10x_rcc.o(.data) for APBAHBPrescTable
    stm32f10x_usart.o(.text) refers to stm32f10x_rcc.o(.text) for RCC_APB2PeriphResetCmd
    stm32f10x_spi.o(.text) refers to stm32f10x_rcc.o(.text) for RCC_APB2PeriphResetCmd
    stm32f10x_bkp.o(.text) refers to stm32f10x_rcc.o(.text) for RCC_BackupResetCmd
    stm32f10x_pwr.o(.text) refers to stm32f10x_rcc.o(.text) for RCC_APB1PeriphResetCmd
    stm32f10x_tim.o(.text) refers to stm32f10x_rcc.o(.text) for RCC_APB2PeriphResetCmd
    startup_stm32f10x_hd.o(RESET) refers to startup_stm32f10x_hd.o(.text) for Reset_Handler
    startup_stm32f10x_hd.o(RESET) refers to stm32f10x_it.o(.text) for NMI_Handler
    startup_stm32f10x_hd.o(.text) refers to startup_stm32f10x_hd.o(STACK) for __initial_sp
    startup_stm32f10x_hd.o(.text) refers to entry.o(.ARM.Collect$$$$00000000) for __main
    sdcard.o(.text) refers to stm32f10x_sdio.o(.text) for SDIO_GetPowerState
    sdcard.o(.text) refers to sdcard.o(.data) for .data
    sdcard.o(.text) refers to sdcard.o(.bss) for .bss
    sdcard.o(.text) refers to stm32f10x_rcc.o(.text) for RCC_APB2PeriphClockCmd
    sdcard.o(.text) refers to stm32f10x_gpio.o(.text) for GPIO_Init
    sdcard.o(.text) refers to main.o(.data) for sd_Capacity
    sdcard.o(.text) refers to stm32f10x_dma.o(.text) for DMA_ClearFlag
    fat.o(.text) refers to sdcard.o(.text) for SD_ReadBlock
    fat.o(.text) refers to malloc.o(i.malloc) for malloc
    fat.o(.text) refers to malloc.o(i.free) for free
    fat.o(.text) refers to main.o(.data) for sd_Capacity
    fat.o(.text) refers to fat.o(.data) for .data
    fat.o(.text) refers to fat.o(i.__ARM_common_memset4_12) for __ARM_common_memset4_12
    fat.o(.text) refers to memseta.o(.text) for __aeabi_memclr
    fat.o(.text) refers to fat.o(.bss) for .bss
    fsmc_sram.o(.text) refers to stm32f10x_fsmc.o(.text) for FSMC_NORSRAMInit
    delay.o(.text) refers to delay.o(.data) for fac_us
[...]
    reg_send_check                           0x08008ed5   Thumb Code    42  config_hard.o(.text)
    SSD2828_VIDEO_MODE_HS                    0x08008eff   Thumb Code    34  config_hard.o(.text)
    SSD2828_ENTER_LP_mode                    0x08008f21   Thumb Code    28  config_hard.o(.text)
    SSD2828_ENTER_READ_LCDIC_mode            0x08008f3d   Thumb Code    34  config_hard.o(.text)
    MIPI_Protocol_Write                      0x08008f5f   Thumb Code    56  config_hard.o(.text)
    MIPI_SPI_Write                           0x08008f97   Thumb Code    68  config_hard.o(.text)
    READ_IC_A                                0x08008fdb   Thumb Code   258  config_hard.o(.text)
    MIPI_Protocol_WriteA                     0x080090dd   Thumb Code    80  config_hard.o(.text)
    MIPI_SPI_Write_A                         0x0800912d   Thumb Code    68  config_hard.o(.text)
    SSD1963GPIOOUTDATA_8                     0x08009171   Thumb Code    18  config_hard.o(.text)
    SPI_OTA5601_COM                          0x08009183   Thumb Code    84  config_hard.o(.text)
    RGB_DATA8                                0x080091d7   Thumb Code    88  config_hard.o(.text)
    RGB_DATA9                                0x0800922f   Thumb Code    88  config_hard.o(.text)
    RGB_DATA16                               0x08009287   Thumb Code    12  config_hard.o(.text)
    SSD1963GPIOOUTCOM                        0x08009293   Thumb Code    12  config_hard.o(.text)
    inition_1461code                         0x0800929f   Thumb Code  2302  config_hard.o(.text)
    STM32_Init_SSD2828                       0x08009b9d   Thumb Code   252  config_hard.o(.text)
    enter_sleep_mode                         0x08009c99   Thumb Code    54  config_hard.o(.text)
    TC358768_DCS_write_1A_1P                 0x08009ccf   Thumb Code    44  config_hard.o(.text)
    READ_IC                                  0x08009cfb   Thumb Code   170  config_hard.o(.text)
    ID_CHECK                                 0x08009da5   Thumb Code   122  config_hard.o(.text)
    TIMING_SET_FROM_USART                    0x08009e1f   Thumb Code    26  config_hard.o(.text)
    MIPI_SET_FROM_USART                      0x08009e39   Thumb Code    26  config_hard.o(.text)
    SYS_SET_FROM_USART                       0x08009e53   Thumb Code    26  config_hard.o(.text)
    PIC_SET_FROM_USART                       0x08009e6d   Thumb Code    52  config_hard.o(.text)
    IO_ctl_USART                             0x08009ea1   Thumb Code   480  config_hard.o(.text)
    buff_clear                               0x0800a081   Thumb Code    22  config_hard.o(.text)
    READ_BACK_HOST                           0x0800a097   Thumb Code    26  config_hard.o(.text)
    READ_RGB_DRIVER_STATUS_BACK2HOST         0x0800a0b1   Thumb Code    32  config_hard.o(.text)
    READ_RGB_DATA_BACK2HOST                  0x0800a0d1   Thumb Code    30  config_hard.o(.text)
    BUFF_CHECK                               0x0800a0ef   Thumb Code    44  config_hard.o(.text)
    USART_SWITCH                             0x0800a11b   Thumb Code    96  config_hard.o(.text)
    COMMAND_SWITCH                           0x0800a17b   Thumb Code   358  config_hard.o(.text)
    Do_usart_cmd                             0x0800a2e1   Thumb Code    30  config_hard.o(.text)
    LCD1602_PIN_Configuration                0x0800a329   Thumb Code   154  lcd1602.o(.text)
    OUTPUT_DATA                              0x0800a3c3   Thumb Code    26  lcd1602.o(.text)
    LCD1602_Write                            0x0800a3dd   Thumb Code   154  lcd1602.o(.text)
    LCD1602_Write_L4BIT                      0x0800a477   Thumb Code   110  lcd1602.o(.text)
    LCD1602_Init                             0x0800a4e5   Thumb Code   168  lcd1602.o(.text)
    Clear_LCD1602                            0x0800a58d   Thumb Code    12  lcd1602.o(.text)
    LCD1602_Pos                              0x0800a599   Thumb Code    16  lcd1602.o(.text)
    LCD1602_display_Line                     0x0800a5a9   Thumb Code    48  lcd1602.o(.text)
    LCD1602_display_Line_A                   0x0800a5d9   Thumb Code    84  lcd1602.o(.text)
    LCD1602_display_Word                     0x0800a62d   Thumb Code    22  lcd1602.o(.text)
    LCD1602_display_hex                      0x0800a643   Thumb Code   332  lcd1602.o(.text)
    LCD1602_display_DATA                     0x0800a78f   Thumb Code   148  lcd1602.o(.text)
    LCD1602_LED_ON                           0x0800a823   Thumb Code    14  lcd1602.o(.text)
    LCD1602_LED_OFF                          0x0800a831   Thumb Code    14  lcd1602.o(.text)
    LCD1602_LED_RUN                          0x0800a83f   Thumb Code    36  lcd1602.o(.text)
    LED_RUN                                  0x0800a863   Thumb Code    88  lcd1602.o(.text)
    LED_RUN_BIBI                             0x0800a8bb   Thumb Code    50  lcd1602.o(.text)
    BEEP_BIBI                                0x0800a8ed   Thumb Code    50  lcd1602.o(.text)
    T226_GPIO_Config                         0x0800a931   Thumb Code    72  iic_current.o(.text)
    T226_I2CSDASetInput                      0x0800a979   Thumb Code    24  iic_current.o(.text)
    T226_I2CSDASetOutput                     0x0800a991   Thumb Code    30  iic_current.o(.text)
    T226_I2CStart                            0x0800a9af   Thumb Code    52  iic_current.o(.text)
    T226_I2CStop                             0x0800a9e3   Thumb Code    52  iic_current.o(.text)
    T226_I2CSendByte                         0x0800aa17   Thumb Code   134  iic_current.o(.text)
    T226_I2CReciveByte                       0x0800aa9d   Thumb Code   128  iic_current.o(.text)
    T226_I2CTest                             0x0800ab1d   Thumb Code     6  iic_current.o(.text)
    T226_I2CSend                             0x0800ab23   Thumb Code    86  iic_current.o(.text)
    T226_I2CReceive                          0x0800ab79   Thumb Code   134  iic_current.o(.text)
    T226_intion                              0x0800abff   Thumb Code   260  iic_current.o(.text)
    Measure_IDD_once                         0x0800ad03   Thumb Code    94  iic_current.o(.text)
    Measure_IDD                              0x0800ad61   Thumb Code   168  iic_current.o(.text)
    Measure_IOIDD                            0x0800ae09   Thumb Code    48  iic_current.o(.text)
    Measure_V5V_once                         0x0800ae39   Thumb Code    72  iic_current.o(.text)
    Measure_V5V                              0x0800ae81   Thumb Code   202  iic_current.o(.text)
    Disp_BMP                                 0x0800af55   Thumb Code   688  disp2.o(.text)
    Get_testpar                              0x0800b205   Thumb Code   168  disp2.o(.text)
    DISP_AREA_SET                            0x0800b2cd   Thumb Code    94  pattern.o(.text)
    DISP_AREA_SET_A                          0x0800b32b   Thumb Code    68  pattern.o(.text)
    Pattern                                  0x0800b36f   Thumb Code  3082  pattern.o(.text)
    SDRAM_PREPARE                            0x0800bf79   Thumb Code   548  pattern.o(.text)
    TSL_GPIO_Config                          0x0800c1a1   Thumb Code    64  tsliic_rev01.o(.text)
    delay_10ns                               0x0800c1e1   Thumb Code    40  tsliic_rev01.o(.text)
    Tsl_wait                                 0x0800c209   Thumb Code    10  tsliic_rev01.o(.text)
    TSL_SDA_FLOAT                            0x0800c213   Thumb Code    24  tsliic_rev01.o(.text)
    TSL_SDA_OUTPUT                           0x0800c22b   Thumb Code    30  tsliic_rev01.o(.text)
    TSL_Start                                0x0800c249   Thumb Code    48  tsliic_rev01.o(.text)
    TSL_Stop                                 0x0800c279   Thumb Code    52  tsliic_rev01.o(.text)
    Send_TAck                                0x0800c2ad   Thumb Code    50  tsliic_rev01.o(.text)
    Test_TAck                                0x0800c2df   Thumb Code    54  tsliic_rev01.o(.text)
    TSL_SentByte                             0x0800c315   Thumb Code    74  tsliic_rev01.o(.text)
    TSL_ReceiveByte                          0x0800c35f   Thumb Code    74  tsliic_rev01.o(.text)
    TSL_WriteReg                             0x0800c3a9   Thumb Code    84  tsliic_rev01.o(.text)
    Read_Reg                                 0x0800c3fd   Thumb Code   102  tsliic_rev01.o(.text)
    Read_RegMuti                             0x0800c463   Thumb Code   132  tsliic_rev01.o(.text)
    Cal_culateLux                            0x0800c4e7   Thumb Code   236  tsliic_rev01.o(.text)
    TSL_Init                                 0x0800c5d3   Thumb Code    62  tsliic_rev01.o(.text)
    Sensor_Check                             0x0800c611   Thumb Code    64  tsliic_rev01.o(.text)
    Get_Bright                               0x0800c651   Thumb Code   102  tsliic_rev01.o(.text)
    TSL2581Init_Bri                          0x0800c6b7   Thumb Code    88  tsliic_rev01.o(.text)
    Measure_Brightness_Init                  0x0800c70f   Thumb Code    46  tsliic_rev01.o(.text)
    Reset_Senser                             0x0800c73d   Thumb Code    58  tsliic_rev01.o(.text)
    Get_Bright2                              0x0800c777   Thumb Code    96  tsliic_rev01.o(.text)
    GetFlicker                               0x0800c7d7   Thumb Code   448  tsliic_rev01.o(.text)
    GET_FLICKER                              0x0800c997   Thumb Code     8  tsliic_rev01.o(.text)
    R5421_HW_Reset                           0x0800c9a5   Thumb Code    32  lcd.o(.text)
    System_Check_Temp                        0x0800c9c5   Thumb Code   110  lcd.o(.text)
    lcd_rst                                  0x0800ca33   Thumb Code    32  lcd.o(.text)
    LCD_WriteRAM_Prepare                     0x0800ca53   Thumb Code    10  lcd.o(.text)
    LCD_Draw2Point                           0x0800ca5d   Thumb Code   374  lcd.o(.text)
    LCD_DrawPoint                            0x0800cbd3   Thumb Code    28  lcd.o(.text)
    LCD_SetTextColor                         0x0800cbef   Thumb Code     6  lcd.o(.text)
    LCD_SetBackColor                         0x0800cbf5   Thumb Code     6  lcd.o(.text)
    LCD_Set_DisplayWindow                    0x0800cbfb   Thumb Code    74  lcd.o(.text)
    LCD_SetCursor                            0x0800cc45   Thumb Code    46  lcd.o(.text)
    LCD_Clear                                0x0800cc73   Thumb Code    82  lcd.o(.text)
    LCD_Set_DisplayWindow_C                  0x0800ccc5   Thumb Code   100  lcd.o(.text)
    LCD_Set_DisplayWindow_A                  0x0800cd29   Thumb Code   128  lcd.o(.text)
    LCD_Set_DisplayWindow_B                  0x0800cda9   Thumb Code   100  lcd.o(.text)
    PIP_Set_DisplayWindow_A                  0x0800ce0d   Thumb Code    62  lcd.o(.text)
    PIP_Set_DisplayWindow_B                  0x0800ce4b   Thumb Code   100  lcd.o(.text)
    LCD_All_color                            0x0800ceaf   Thumb Code   134  lcd.o(.text)
    LCD_All_color_A                          0x0800cf35   Thumb Code   130  lcd.o(.text)
    write_pixel                              0x0800cfb7   Thumb Code   202  lcd.o(.text)
    Dot_inver_set                            0x0800d081   Thumb Code  1148  lcd.o(.text)
    Dot_Flicker_A                            0x0800d4fd   Thumb Code  2840  lcd.o(.text)
    Dot_Flicker_B                            0x0800e015   Thumb Code   186  lcd.o(.text)
    Dot_Flicker_C                            0x0800e0cf   Thumb Code     2  lcd.o(.text)
    Dot_Flicker_z                            0x0800e0d1   Thumb Code     2  lcd.o(.text)
    LCD_Draw_Line                            0x0800e0d3   Thumb Code    96  lcd.o(.text)
    LCD_WriteArea                            0x0800e133   Thumb Code   606  lcd.o(.text)
    colorbar_H                               0x0800e391   Thumb Code   410  lcd.o(.text)
    colorbar_V                               0x0800e52b   Thumb Code   422  lcd.o(.text)
    RED_H                                    0x0800e6d1   Thumb Code   104  lcd.o(.text)
    RED_V                                    0x0800e739   Thumb Code   114  lcd.o(.text)
    GREEN_H                                  0x0800e7ab   Thumb Code   104  lcd.o(.text)
    GREEN_V                                  0x0800e813   Thumb Code   104  lcd.o(.text)
    BLUE_H                                   0x0800e87b   Thumb Code   104  lcd.o(.text)
    BLUE_V                                   0x0800e8e3   Thumb Code   104  lcd.o(.text)
    GRAY_H                                   0x0800e94b   Thumb Code   102  lcd.o(.text)
    GRAY_V                                   0x0800e9b1   Thumb Code   102  lcd.o(.text)
    checkerboard                             0x0800ea17   Thumb Code   128  lcd.o(.text)
    Flicker_H_column_INVER                   0x0800ea97   Thumb Code    92  lcd.o(.text)
    Flicker_H_DOT_INVER                      0x0800eaf3   Thumb Code    96  lcd.o(.text)
    Flicker_V_column                         0x0800eb53   Thumb Code    98  lcd.o(.text)
    Display_bit_color_H                      0x0800ebb5   Thumb Code   172  lcd.o(.text)
    Display_bit_color_V                      0x0800ec61   Thumb Code   168  lcd.o(.text)
    LCD_SetPoint_A                           0x0800ed09   Thumb Code    78  lcd.o(.text)
    LCD_SetPoint                             0x0800ed57   Thumb Code    26  lcd.o(.text)
    LCD_PutChar_A                            0x0800ed71   Thumb Code   206  lcd.o(.text)
    LCD_PutChar_B                            0x0800ee3f   Thumb Code   136  lcd.o(.text)
    LCD_PutChar                              0x0800eec7   Thumb Code   108  lcd.o(.text)
    LCD_DisplayString                        0x0800ef33   Thumb Code    76  lcd.o(.text)
    LCD_DisplayString_A                      0x0800ef7f   Thumb Code   142  lcd.o(.text)
    LCD_DisplayString_data_A                 0x0800f00d   Thumb Code   152  lcd.o(.text)
    DispStr48                                0x0800f0a5   Thumb Code   376  lcd.o(.text)
    LCD_DisplayStringLine                    0x0800f21d   Thumb Code    80  lcd.o(.text)
    LCD_DrawLine                             0x0800f26d   Thumb Code   102  lcd.o(.text)
    LCD_DrawRect                             0x0800f2d3   Thumb Code    66  lcd.o(.text)
    LCD_DrawCircle                           0x0800f315   Thumb Code   274  lcd.o(.text)
    LCD_Border_A                             0x0800f427   Thumb Code   174  lcd.o(.text)
    LCD_RegisterWrite                        0x0800f4e1   Thumb Code    12  r5421.o(.text)
    LCD_RegisterRead                         0x0800f4ed   Thumb Code    16  r5421.o(.text)
    LCD_VSYNC_Pulse_Width                    0x0800f4fd   Thumb Code    18  r5421.o(.text)
    LCD_VSYNC_Start_Position                 0x0800f50f   Thumb Code    18  r5421.o(.text)
    LCD_Vertical_Non_Display                 0x0800f521   Thumb Code    30  r5421.o(.text)
    LCD_HSYNC_Pulse_Width                    0x0800f53f   Thumb Code    48  r5421.o(.text)
    LCD_HSYNC_Start_Position                 0x0800f56f   Thumb Code    44  r5421.o(.text)
    LCD_Horizontal_Non_Display               0x0800f59b   Thumb Code    84  r5421.o(.text)
    LCD_HorizontalWidth_VerticalHeight       0x0800f5ef   Thumb Code   144  r5421.o(.text)
    DE_Low_Active                            0x0800f67f   Thumb Code    22  r5421.o(.text)
    DE_High_Active                           0x0800f695   Thumb Code    22  r5421.o(.text)
    VSYNC_Low_Active                         0x0800f6ab   Thumb Code    22  r5421.o(.text)
    VSYNC_High_Active                        0x0800f6c1   Thumb Code    22  r5421.o(.text)
    HSYNC_Low_Active                         0x0800f6d7   Thumb Code    22  r5421.o(.text)
    HSYNC_High_Active                        0x0800f6ed   Thumb Code    22  r5421.o(.text)
    PDATA_Set_RGB                            0x0800f703   Thumb Code    24  r5421.o(.text)
    VSCAN_T_to_B                             0x0800f71b   Thumb Code    24  r5421.o(.text)
    HSCAN_L_to_R                             0x0800f733   Thumb Code    24  r5421.o(.text)
    PCLK_Falling                             0x0800f74b   Thumb Code    24  r5421.o(.text)
    PCLK_Rising                              0x0800f763   Thumb Code    24  r5421.o(.text)
    Memory_Select_SDRAM                      0x0800f77b   Thumb Code    26  r5421.o(.text)
    Graphic_Mode                             0x0800f795   Thumb Code    22  r5421.o(.text)
    MemWrite_Left_Right_Top_Down             0x0800f7ab   Thumb Code    28  r5421.o(.text)
    RGB_16b_16bpp                            0x0800f7c7   Thumb Code    28  r5421.o(.text)
    Host_Bus_16bit                           0x0800f7e3   Thumb Code    24  r5421.o(.text)
    TFT_24bit                                0x0800f7fb   Thumb Code    28  r5421.o(.text)
    Check_SDRAM_Ready                        0x0800f817   Thumb Code    20  r5421.o(.text)
    R5421_SDRAM_initail                      0x0800f82b   Thumb Code    62  r5421.o(.text)
    R5421_PLL_Initial                        0x0800f869   Thumb Code   358  r5421.o(.text)
    R5421_initial                            0x0800f9cf   Thumb Code   188  r5421.o(.text)
    Select_Main_Window_24bpp                 0x0800fa8b   Thumb Code    24  r5421.o(.text)
    R5421_initial_A                          0x0800faa3   Thumb Code   200  r5421.o(.text)
    Check_Mem_WR_FIFO_not_Full               0x0800fb6b   Thumb Code    18  r5421.o(.text)
    Check_Mem_WR_FIFO_Empty                  0x0800fb7d   Thumb Code    18  r5421.o(.text)
    Check_Mem_RD_FIFO_not_Full               0x0800fb8f   Thumb Code    18  r5421.o(.text)
    Check_Mem_RD_FIFO_not_Empty              0x0800fba1   Thumb Code    18  r5421.o(.text)
    Check_2D_Busy                            0x0800fbb3   Thumb Code    18  r5421.o(.text)
    Power_Saving_Status                      0x0800fbc5   Thumb Code    22  r5421.o(.text)
    Check_Power_is_Normal                    0x0800fbdb   Thumb Code    18  r5421.o(.text)
    Check_Power_is_Saving                    0x0800fbed   Thumb Code    18  r5421.o(.text)
    Check_NO_Interrupt                       0x0800fbff   Thumb Code    18  r5421.o(.text)
    Check_Interrupt_Occur                    0x0800fc11   Thumb Code    18  r5421.o(.text)
    Check_Busy_Draw                          0x0800fc23   Thumb Code    20  r5421.o(.text)
    R5421_SW_Reset                           0x0800fc37   Thumb Code    40  r5421.o(.text)
    Enable_PLL                               0x0800fc5f   Thumb Code    32  r5421.o(.text)
    R5421_Sleep                              0x0800fc7f   Thumb Code    24  r5421.o(.text)
    R5421_WakeUp                             0x0800fc97   Thumb Code    24  r5421.o(.text)
    Key_Scan_Enable                          0x0800fcaf   Thumb Code    24  r5421.o(.text)
    Key_Scan_Disable                         0x0800fcc7   Thumb Code    24  r5421.o(.text)
    TFT_18bit                                0x0800fcdf   Thumb Code    28  r5421.o(.text)
    TFT_16bit                                0x0800fcfb   Thumb Code    28  r5421.o(.text)
    TFT_LVDS                                 0x0800fd17   Thumb Code    38  r5421.o(.text)
    R5421_I2CM_Enable                        0x0800fd3d   Thumb Code    24  r5421.o(.text)
    R5421_I2CM_Disable                       0x0800fd55   Thumb Code    24  r5421.o(.text)
    Enable_SFlash_SPI                        0x0800fd6d   Thumb Code    24  r5421.o(.text)
    Disable_SFlash_SPI                       0x0800fd85   Thumb Code    24  r5421.o(.text)
    Host_Bus_8bit                            0x0800fd9d   Thumb Code    24  r5421.o(.text)
    RGB_8b_8bpp                              0x0800fdb5   Thumb Code    28  r5421.o(.text)
    RGB_8b_16bpp                             0x0800fdd1   Thumb Code    28  r5421.o(.text)
    RGB_8b_24bpp                             0x0800fded   Thumb Code    28  r5421.o(.text)
    RGB_16b_8bpp                             0x0800fe09   Thumb Code    28  r5421.o(.text)
    RGB_16b_24bpp_mode1                      0x0800fe25   Thumb Code    28  r5421.o(.text)
    RGB_16b_24bpp_mode2                      0x0800fe41   Thumb Code    28  r5421.o(.text)
    MemRead_Left_Right_Top_Down              0x0800fe5d   Thumb Code    28  r5421.o(.text)
    MemRead_Right_Left_Top_Down              0x0800fe79   Thumb Code    28  r5421.o(.text)
    MemRead_Top_Down_Left_Right              0x0800fe95   Thumb Code    28  r5421.o(.text)
    MemRead_Down_Top_Left_Right              0x0800feb1   Thumb Code    28  r5421.o(.text)
    MemWrite_Right_Left_Top_Down             0x0800fecd   Thumb Code    28  r5421.o(.text)
    MemWrite_Top_Down_Left_Right             0x0800fee9   Thumb Code    28  r5421.o(.text)
    MemWrite_Down_Top_Left_Right             0x0800ff05   Thumb Code    28  r5421.o(.text)
    Interrupt_Active_Low                     0x0800ff21   Thumb Code    22  r5421.o(.text)
    Interrupt_Active_High                    0x0800ff37   Thumb Code    22  r5421.o(.text)
    ExtInterrupt_Debounce                    0x0800ff4d   Thumb Code    22  r5421.o(.text)
    ExtInterrupt_Nodebounce                  0x0800ff63   Thumb Code    22  r5421.o(.text)
    ExtInterrupt_Input_Low_Level_Trigger     0x0800ff79   Thumb Code    26  r5421.o(.text)
    ExtInterrupt_Input_High_Level_Trigger    0x0800ff93   Thumb Code    26  r5421.o(.text)
    ExtInterrupt_Input_Falling_Edge_Trigger  0x0800ffad   Thumb Code    26  r5421.o(.text)
    ExtInterrupt_Input_Rising_Edge_Trigger   0x0800ffc7   Thumb Code    26  r5421.o(.text)
    LVDS_Format1                             0x0800ffe1   Thumb Code    22  r5421.o(.text)
    LVDS_Format2                             0x0800fff7   Thumb Code    22  r5421.o(.text)
    Text_Mode                                0x0801000d   Thumb Code    22  r5421.o(.text)
    Memory_Select_Graphic_Cursor_RAM         0x08010023   Thumb Code    26  r5421.o(.text)
    Memory_Select_Color_Palette_RAM          0x0801003d   Thumb Code    26  r5421.o(.text)
    Enable_Resume_Interrupt                  0x08010057   Thumb Code    22  r5421.o(.text)
    Disable_Resume_Interrupt                 0x0801006d   Thumb Code    22  r5421.o(.text)
    Enable_ExtInterrupt_Input                0x08010083   Thumb Code    22  r5421.o(.text)
    Disable_ExtInterrupt_Input               0x08010099   Thumb Code    22  r5421.o(.text)
    Enable_I2CM_Interrupt                    0x080100af   Thumb Code    22  r5421.o(.text)
    Disable_I2CM_Interrupt                   0x080100c5   Thumb Code    22  r5421.o(.text)
    Enable_Vsync_Interrupt                   0x080100db   Thumb Code    22  r5421.o(.text)
    Disable_Vsync_Interrupt                  0x080100f1   Thumb Code    22  r5421.o(.text)
    Enable_KeyScan_Interrupt                 0x08010107   Thumb Code    22  r5421.o(.text)
    Disable_KeyScan_Interrupt                0x0801011d   Thumb Code    28  r5421.o(.text)
    Enable_DMA_Draw_BTE_Interrupt            0x08010139   Thumb Code    22  r5421.o(.text)
    Disable_DMA_Draw_BTE_Interrupt           0x0801014f   Thumb Code    22  r5421.o(.text)
    Enable_PWM1_Interrupt                    0x08010165   Thumb Code    22  r5421.o(.text)
    Disable_PWM1_Interrupt                   0x0801017b   Thumb Code    22  r5421.o(.text)
    Enable_PWM0_Interrupt                    0x08010191   Thumb Code    22  r5421.o(.text)
    Disable_PWM0_Interrupt                   0x080101a7   Thumb Code    22  r5421.o(.text)
    Read_Interrupt_status                    0x080101bd   Thumb Code    14  r5421.o(.text)
    Clear_Resume_Interrupt_Flag              0x080101cb   Thumb Code    22  r5421.o(.text)
    Clear_ExtInterrupt_Input_Flag            0x080101e1   Thumb Code    22  r5421.o(.text)
    Clear_I2CM_Interrupt_Flag                0x080101f7   Thumb Code    22  r5421.o(.text)
    Clear_Vsync_Interrupt_Flag               0x0801020d   Thumb Code    22  r5421.o(.text)
    Clear_KeyScan_Interrupt_Flag             0x08010223   Thumb Code    22  r5421.o(.text)
    Clear_DMA_Draw_BTE_Interrupt_Flag        0x08010239   Thumb Code    22  r5421.o(.text)
    Clear_PWM1_Interrupt_Flag                0x0801024f   Thumb Code    22  r5421.o(.text)
    Clear_PWM0_Interrupt_Flag                0x08010265   Thumb Code    22  r5421.o(.text)
    Mask_Resume_Interrupt_Flag               0x0801027b   Thumb Code    24  r5421.o(.text)
    Mask_ExtInterrupt_Input_Flag             0x08010293   Thumb Code    24  r5421.o(.text)
    Mask_I2CM_Interrupt_Flag                 0x080102ab   Thumb Code    24  r5421.o(.text)
    Mask_Vsync_Interrupt_Flag                0x080102c3   Thumb Code    24  r5421.o(.text)
    Mask_KeyScan_Interrupt_Flag              0x080102db   Thumb Code    24  r5421.o(.text)
    Mask_DMA_Draw_BTE_Interrupt_Flag         0x080102f3   Thumb Code    24  r5421.o(.text)
    Mask_PWM1_Interrupt_Flag                 0x0801030b   Thumb Code    24  r5421.o(.text)
    Mask_PWM0_Interrupt_Flag                 0x08010323   Thumb Code    24  r5421.o(.text)
    Enable_Resume_Interrupt_Flag             0x0801033b   Thumb Code    24  r5421.o(.text)
    Enable_ExtInterrupt_Inpur_Flag           0x08010353   Thumb Code    24  r5421.o(.text)
    Enable_I2CM_Interrupt_Flag               0x0801036b   Thumb Code    24  r5421.o(.text)
    Enable_Vsync_Interrupt_Flag              0x08010383   Thumb Code    24  r5421.o(.text)
    Enable_KeyScan_Interrupt_Flag            0x0801039b   Thumb Code    24  r5421.o(.text)
    Enable_DMA_Draw_BTE_Interrupt_Flag       0x080103b3   Thumb Code    24  r5421.o(.text)
    Enable_PWM1_Interrupt_Flag               0x080103cb   Thumb Code    24  r5421.o(.text)
    Enable_PWM0_Interrupt_Flag               0x080103e3   Thumb Code    24  r5421.o(.text)
    Enable_GPIOF_PullUp                      0x080103fb   Thumb Code    24  r5421.o(.text)
    Enable_GPIOE_PullUp                      0x08010413   Thumb Code    24  r5421.o(.text)
    Enable_GPIOD_PullUp                      0x0801042b   Thumb Code    24  r5421.o(.text)
    Enable_GPIOC_PullUp                      0x08010443   Thumb Code    24  r5421.o(.text)
    Enable_XDB15_8_PullUp                    0x0801045b   Thumb Code    24  r5421.o(.text)
    Enable_XDB7_0_PullUp                     0x08010473   Thumb Code    24  r5421.o(.text)
    Disable_GPIOF_PullUp                     0x0801048b   Thumb Code    24  r5421.o(.text)
    Disable_GPIOE_PullUp                     0x080104a3   Thumb Code    24  r5421.o(.text)
    Disable_GPIOD_PullUp                     0x080104bb   Thumb Code    24  r5421.o(.text)
    Disable_GPIOC_PullUp                     0x080104d3   Thumb Code    24  r5421.o(.text)
    Disable_XDB15_8_PullUp                   0x080104eb   Thumb Code    24  r5421.o(.text)
    Disable_XDB7_0_PullUp                    0x08010503   Thumb Code    30  r5421.o(.text)
    XPDAT18_Set_GPIO_D7                      0x08010521   Thumb Code    24  r5421.o(.text)
    XPDAT18_Set_KOUT4                        0x08010539   Thumb Code    24  r5421.o(.text)
    XPDAT17_Set_GPIO_D5                      0x08010551   Thumb Code    24  r5421.o(.text)
    XPDAT17_Set_KOUT2                        0x08010569   Thumb Code    24  r5421.o(.text)
    XPDAT16_Set_GPIO_D4                      0x08010581   Thumb Code    24  r5421.o(.text)
    XPDAT16_Set_KOUT1                        0x08010599   Thumb Code    24  r5421.o(.text)
    XPDAT9_Set_GPIO_D3                       0x080105b1   Thumb Code    24  r5421.o(.text)
    XPDAT9_Set_KOUT3                         0x080105c9   Thumb Code    24  r5421.o(.text)
    XPDAT8_Set_GPIO_D2                       0x080105e1   Thumb Code    24  r5421.o(.text)
    XPDAT8_Set_KIN3                          0x080105f9   Thumb Code    24  r5421.o(.text)
    XPDAT2_Set_GPIO_D6                       0x08010611   Thumb Code    24  r5421.o(.text)
    XPDAT2_Set_KIN4                          0x08010629   Thumb Code    24  r5421.o(.text)
    XPDAT1_Set_GPIO_D1                       0x08010641   Thumb Code    24  r5421.o(.text)
    XPDAT1_Set_KIN2                          0x08010659   Thumb Code    24  r5421.o(.text)
    XPDAT0_Set_GPIO_D0                       0x08010671   Thumb Code    24  r5421.o(.text)
    XPDAT0_Set_KIN1                          0x08010689   Thumb Code    24  r5421.o(.text)
    Enable_PIP1                              0x080106a1   Thumb Code    24  r5421.o(.text)
    Disable_PIP1                             0x080106b9   Thumb Code    24  r5421.o(.text)
    Enable_PIP2                              0x080106d1   Thumb Code    24  r5421.o(.text)
    Disable_PIP2                             0x080106e9   Thumb Code    24  r5421.o(.text)
    Select_PIP1_Parameter                    0x08010701   Thumb Code    24  r5421.o(.text)
    Select_PIP2_Parameter                    0x08010719   Thumb Code    24  r5421.o(.text)
    Select_Main_Window_8bpp                  0x08010731   Thumb Code    28  r5421.o(.text)
    Select_Main_Window_16bpp                 0x0801074d   Thumb Code    28  r5421.o(.text)
    Select_PIP2_Window_8bpp                  0x08010769   Thumb Code    28  r5421.o(.text)
    Select_PIP2_Window_16bpp                 0x08010785   Thumb Code    28  r5421.o(.text)
    Select_PIP2_Window_24bpp                 0x080107a1   Thumb Code    28  r5421.o(.text)
    Select_PIP1_Window_8bpp                  0x080107bd   Thumb Code    28  r5421.o(.text)
    Select_PIP1_Window_16bpp                 0x080107d9   Thumb Code    28  r5421.o(.text)
    Select_PIP1_Window_24bpp                 0x080107f5   Thumb Code    28  r5421.o(.text)
    Display_ON                               0x08010811   Thumb Code    24  r5421.o(.text)
    Display_OFF                              0x08010829   Thumb Code    24  r5421.o(.text)
    Color_Bar_ON                             0x08010841   Thumb Code    24  r5421.o(.text)
    Color_Bar_OFF                            0x08010859   Thumb Code    24  r5421.o(.text)
    HSCAN_R_to_L                             0x08010871   Thumb Code    24  r5421.o(.text)
    VSCAN_B_to_T                             0x08010889   Thumb Code    24  r5421.o(.text)
    PDATA_Set_RBG                            0x080108a1   Thumb Code    28  r5421.o(.text)
    PDATA_Set_GRB                            0x080108bd   Thumb Code    28  r5421.o(.text)
    PDATA_Set_GBR                            0x080108d9   Thumb Code    32  r5421.o(.text)
    PDATA_Set_BRG                            0x080108f9   Thumb Code    32  r5421.o(.text)
    PDATA_Set_BGR                            0x08010919   Thumb Code    32  r5421.o(.text)
    PDATA_IDLE_STATE                         0x08010939   Thumb Code    24  r5421.o(.text)
    Idle_DE_Low                              0x08010951   Thumb Code    22  r5421.o(.text)
    Idle_DE_High                             0x08010967   Thumb Code    22  r5421.o(.text)
    Idle_PCLK_Low                            0x0801097d   Thumb Code    22  r5421.o(.text)
    Idle_PCLK_High                           0x08010993   Thumb Code    22  r5421.o(.text)
    Idle_PDAT_Low                            0x080109a9   Thumb Code    22  r5421.o(.text)
    Idle_PDAT_High                           0x080109bf   Thumb Code    22  r5421.o(.text)
    Idle_HSYNC_Low                           0x080109d5   Thumb Code    22  r5421.o(.text)
    Idle_HSYNC_High                          0x080109eb   Thumb Code    22  r5421.o(.text)
    Idle_VSYNC_Low                           0x08010a01   Thumb Code    22  r5421.o(.text)
    Idle_VSYNC_High                          0x08010a17   Thumb Code    22  r5421.o(.text)
    Main_Image_Start_Address                 0x08010a2d   Thumb Code    42  r5421.o(.text)
    Main_Image_Width                         0x08010a57   Thumb Code    22  r5421.o(.text)
    Main_Window_Start_XY                     0x08010a6d   Thumb Code    40  r5421.o(.text)
    PIP_Display_Start_XY                     0x08010a95   Thumb Code    40  r5421.o(.text)
    PIP_Image_Start_Address                  0x08010abd   Thumb Code    42  r5421.o(.text)
    PIP_Image_Width                          0x08010ae7   Thumb Code    22  r5421.o(.text)
    PIP_Window_Image_Start_XY                0x08010afd   Thumb Code    40  r5421.o(.text)
    PIP_Window_Width_Height                  0x08010b25   Thumb Code    40  r5421.o(.text)
    Enable_Graphic_Cursor                    0x08010b4d   Thumb Code    24  r5421.o(.text)
    Disable_Graphic_Cursor                   0x08010b65   Thumb Code    24  r5421.o(.text)
    Select_Graphic_Cursor_1                  0x08010b7d   Thumb Code    28  r5421.o(.text)
    Select_Graphic_Cursor_2                  0x08010b99   Thumb Code    28  r5421.o(.text)
    Select_Graphic_Cursor_3                  0x08010bb5   Thumb Code    28  r5421.o(.text)
    Select_Graphic_Cursor_4                  0x08010bd1   Thumb Code    28  r5421.o(.text)
    Enable_Text_Cursor                       0x08010bed   Thumb Code    24  r5421.o(.text)
    Disable_Text_Cursor                      0x08010c05   Thumb Code    24  r5421.o(.text)
    Enable_Text_Cursor_Blinking              0x08010c1d   Thumb Code    24  r5421.o(.text)
    Disable_Text_Cursor_Blinking             0x08010c35   Thumb Code    24  r5421.o(.text)
    Blinking_Time_Frames                     0x08010c4d   Thumb Code    14  r5421.o(.text)
    Text_Cursor_H_V                          0x08010c5b   Thumb Code    22  r5421.o(.text)
    Graphic_Cursor_XY                        0x08010c71   Thumb Code    40  r5421.o(.text)
    Set_Graphic_Cursor_Color_1               0x08010c99   Thumb Code    14  r5421.o(.text)
    Set_Graphic_Cursor_Color_2               0x08010ca7   Thumb Code    14  r5421.o(.text)
    Canvas_Image_Start_address               0x08010cb5   Thumb Code    42  r5421.o(.text)
    Canvas_image_width                       0x08010cdf   Thumb Code    22  r5421.o(.text)
    Active_Window_XY                         0x08010cf5   Thumb Code    44  r5421.o(.text)
    Active_Window_WH                         0x08010d21   Thumb Code    40  r5421.o(.text)
    Select_Write_Data_Position               0x08010d49   Thumb Code    24  r5421.o(.text)
    Select_Read_Data_Position                0x08010d61   Thumb Code    24  r5421.o(.text)
    Memory_XY_Mode                           0x08010d79   Thumb Code    24  r5421.o(.text)
    Memory_Linear_Mode                       0x08010d91   Thumb Code    24  r5421.o(.text)
    Memory_8bpp_Mode                         0x08010da9   Thumb Code    28  r5421.o(.text)
    Memory_16bpp_Mode                        0x08010dc5   Thumb Code    28  r5421.o(.text)
    Memory_24bpp_Mode                        0x08010de1   Thumb Code    28  r5421.o(.text)
    Goto_Pixel_XY                            0x08010dfd   Thumb Code    40  r5421.o(.text)
    Goto_Linear_Addr                         0x08010e25   Thumb Code    42  r5421.o(.text)
    Goto_Text_XY                             0x08010e4f   Thumb Code    40  r5421.o(.text)
    Start_Line                               0x08010e77   Thumb Code    22  r5421.o(.text)
    Start_Triangle                           0x08010e8d   Thumb Code    22  r5421.o(.text)
    Start_Triangle_Fill                      0x08010ea3   Thumb Code    22  r5421.o(.text)
    Line_Start_XY                            0x08010eb9   Thumb Code    46  r5421.o(.text)
    Line_End_XY                              0x08010ee7   Thumb Code    44  r5421.o(.text)
    Triangle_Point1_XY                       0x08010f13   Thumb Code    46  r5421.o(.text)
    Triangle_Point2_XY                       0x08010f41   Thumb Code    44  r5421.o(.text)
    Triangle_Point3_XY                       0x08010f6d   Thumb Code    46  r5421.o(.text)
    Square_Start_XY                          0x08010f9b   Thumb Code    46  r5421.o(.text)
    Square_End_XY                            0x08010fc9   Thumb Code    44  r5421.o(.text)
    Start_Circle_or_Ellipse                  0x08010ff5   Thumb Code    20  r5421.o(.text)
    Start_Circle_or_Ellipse_Fill             0x08011009   Thumb Code    20  r5421.o(.text)
    Start_Left_Down_Curve                    0x0801101d   Thumb Code    20  r5421.o(.text)
    Start_Left_Up_Curve                      0x08011031   Thumb Code    20  r5421.o(.text)
    Start_Right_Up_Curve                     0x08011045   Thumb Code    20  r5421.o(.text)
    Start_Right_Down_Curve                   0x08011059   Thumb Code    20  r5421.o(.text)
    Start_Left_Down_Curve_Fill               0x0801106d   Thumb Code    20  r5421.o(.text)
    Start_Left_Up_Curve_Fill                 0x08011081   Thumb Code    20  r5421.o(.text)
    Start_Right_Up_Curve_Fill                0x08011095   Thumb Code    20  r5421.o(.text)
    Start_Right_Down_Curve_Fill              0x080110a9   Thumb Code    20  r5421.o(.text)
    Start_Square                             0x080110bd   Thumb Code    20  r5421.o(.text)
    Start_Square_Fill                        0x080110d1   Thumb Code    20  r5421.o(.text)
    Start_Circle_Square                      0x080110e5   Thumb Code    20  r5421.o(.text)
    Start_Circle_Square_Fill                 0x080110f9   Thumb Code    20  r5421.o(.text)
    Circle_Center_XY                         0x0801110d   Thumb Code    48  r5421.o(.text)
    Ellipse_Center_XY                        0x0801113d   Thumb Code    44  r5421.o(.text)
    Circle_Radius_R                          0x08011169   Thumb Code    46  r5421.o(.text)
    Ellipse_Radius_RxRy                      0x08011197   Thumb Code    46  r5421.o(.text)
    Circle_Square_Radius_RxRy                0x080111c5   Thumb Code    46  r5421.o(.text)
    Set_PWM_Prescaler_1_to_256               0x080111f3   Thumb Code    18  r5421.o(.text)
    Select_PWM1_Clock_Divided_By_1           0x08011205   Thumb Code    28  r5421.o(.text)
    Select_PWM1_Clock_Divided_By_2           0x08011221   Thumb Code    28  r5421.o(.text)
    Select_PWM1_Clock_Divided_By_4           0x0801123d   Thumb Code    28  r5421.o(.text)
    Select_PWM1_Clock_Divided_By_8           0x08011259   Thumb Code    28  r5421.o(.text)
    Select_PWM0_Clock_Divided_By_1           0x08011275   Thumb Code    28  r5421.o(.text)
    Select_PWM0_Clock_Divided_By_2           0x08011291   Thumb Code    28  r5421.o(.text)
    Select_PWM0_Clock_Divided_By_4           0x080112ad   Thumb Code    28  r5421.o(.text)
    Select_PWM0_Clock_Divided_By_8           0x080112c9   Thumb Code    28  r5421.o(.text)
    Select_PWM1_is_ErrorFlag                 0x080112e5   Thumb Code    24  r5421.o(.text)
    Select_PWM1                              0x080112fd   Thumb Code    28  r5421.o(.text)
    Select_PWM1_is_Osc_Clock                 0x08011319   Thumb Code    28  r5421.o(.text)
    Select_PWM0_is_GPIO_C7                   0x08011335   Thumb Code    24  r5421.o(.text)
    Select_PWM0                              0x0801134d   Thumb Code    28  r5421.o(.text)
    Select_PWM0_is_Core_Clock                0x08011369   Thumb Code    28  r5421.o(.text)
    Enable_PWM1_Inverter                     0x08011385   Thumb Code    22  r5421.o(.text)
    Disable_PWM1_Inverter                    0x0801139b   Thumb Code    22  r5421.o(.text)
    Auto_Reload_PWM1                         0x080113b1   Thumb Code    22  r5421.o(.text)
    One_Shot_PWM1                            0x080113c7   Thumb Code    22  r5421.o(.text)
    Start_PWM1                               0x080113dd   Thumb Code    22  r5421.o(.text)
    Stop_PWM1                                0x080113f3   Thumb Code    22  r5421.o(.text)
    Enable_PWM0_Dead_Zone                    0x08011409   Thumb Code    22  r5421.o(.text)
    Disable_PWM0_Dead_Zone                   0x0801141f   Thumb Code    22  r5421.o(.text)
    Enable_PWM0_Inverter                     0x08011435   Thumb Code    22  r5421.o(.text)
    Disable_PWM0_Inverter                    0x0801144b   Thumb Code    22  r5421.o(.text)
    Auto_Reload_PWM0                         0x08011461   Thumb Code    22  r5421.o(.text)
    One_Shot_PWM0                            0x08011477   Thumb Code    22  r5421.o(.text)
    Start_PWM0                               0x0801148d   Thumb Code    22  r5421.o(.text)
    Stop_PWM0                                0x080114a3   Thumb Code    22  r5421.o(.text)
    Set_Timer0_Dead_Zone_Length              0x080114b9   Thumb Code    14  r5421.o(.text)
    Set_Timer0_Compare_Buffer                0x080114c7   Thumb Code    24  r5421.o(.text)
    Set_Timer0_Count_Buffer                  0x080114df   Thumb Code    24  r5421.o(.text)
    Set_Timer1_Compare_Buffer                0x080114f7   Thumb Code    22  r5421.o(.text)
    Set_Timer1_Count_Buffer                  0x0801150d   Thumb Code    28  r5421.o(.text)
    BTE_Enable                               0x08011529   Thumb Code    24  r5421.o(.text)
    BTE_Disable                              0x08011541   Thumb Code    24  r5421.o(.text)
    Check_BTE_Busy                           0x08011559   Thumb Code    20  r5421.o(.text)
    Pattern_Format_8X8                       0x0801156d   Thumb Code    24  r5421.o(.text)
    Pattern_Format_16X16                     0x08011585   Thumb Code    24  r5421.o(.text)
    BTE_ROP_Code                             0x0801159d   Thumb Code    32  r5421.o(.text)
    BTE_Operation_Code                       0x080115bd   Thumb Code    28  r5421.o(.text)
    BTE_S0_Color_8bpp                        0x080115d9   Thumb Code    28  r5421.o(.text)
    BTE_S0_Color_16bpp                       0x080115f5   Thumb Code    28  r5421.o(.text)
    BTE_S0_Color_24bpp                       0x08011611   Thumb Code    24  r5421.o(.text)
    BTE_S1_Color_8bpp                        0x08011629   Thumb Code    32  r5421.o(.text)
    BTE_S1_Color_16bpp                       0x08011649   Thumb Code    32  r5421.o(.text)
    BTE_S1_Color_24bpp                       0x08011669   Thumb Code    32  r5421.o(.text)
    BTE_S1_Color_Constant                    0x08011689   Thumb Code    32  r5421.o(.text)
    BTE_S1_Color_8bit_Alpha                  0x080116a9   Thumb Code    32  r5421.o(.text)
    BTE_S1_Color_16bit_Alpha                 0x080116c9   Thumb Code    32  r5421.o(.text)
    BTE_Destination_Color_8bpp               0x080116e9   Thumb Code    28  r5421.o(.text)
    BTE_Destination_Color_16bpp              0x08011705   Thumb Code    28  r5421.o(.text)
    BTE_Destination_Color_24bpp              0x08011721   Thumb Code    24  r5421.o(.text)
    BTE_S0_Memory_Start_Address              0x08011739   Thumb Code    42  r5421.o(.text)
    BTE_S0_Image_Width                       0x08011763   Thumb Code    22  r5421.o(.text)
    BTE_S0_Window_Start_XY                   0x08011779   Thumb Code    40  r5421.o(.text)
    BTE_S1_Memory_Start_Address              0x080117a1   Thumb Code    42  r5421.o(.text)
    S1_Constant_color_256                    0x080117cb   Thumb Code    38  r5421.o(.text)
    S1_Constant_color_65k                    0x080117f1   Thumb Code    50  r5421.o(.text)
    S1_Constant_color_16M                    0x08011823   Thumb Code    44  r5421.o(.text)
    BTE_S1_Image_Width                       0x0801184f   Thumb Code    22  r5421.o(.text)
    BTE_S1_Window_Start_XY                   0x08011865   Thumb Code    40  r5421.o(.text)
    BTE_Destination_Memory_Start_Address     0x0801188d   Thumb Code    42  r5421.o(.text)
    BTE_Destination_Image_Width              0x080118b7   Thumb Code    22  r5421.o(.text)
    BTE_Destination_Window_Start_XY          0x080118cd   Thumb Code    40  r5421.o(.text)
    BTE_Window_Size                          0x080118f5   Thumb Code    44  r5421.o(.text)
    BTE_Alpha_Blending_Effect                0x08011921   Thumb Code    14  r5421.o(.text)
    Start_SFI_DMA                            0x0801192f   Thumb Code    22  r5421.o(.text)
    Check_Busy_SFI_DMA                       0x08011945   Thumb Code    22  r5421.o(.text)
    Select_SFI_0                             0x0801195b   Thumb Code    24  r5421.o(.text)
    Select_SFI_1                             0x08011973   Thumb Code    24  r5421.o(.text)
    Select_SFI_Font_Mode                     0x0801198b   Thumb Code    24  r5421.o(.text)
    Select_SFI_DMA_Mode                      0x080119a3   Thumb Code    24  r5421.o(.text)
    Select_SFI_24bit_Address                 0x080119bb   Thumb Code    24  r5421.o(.text)
    Select_SFI_32bit_Address                 0x080119d3   Thumb Code    24  r5421.o(.text)
    Select_SFI_Waveform_Mode_0               0x080119eb   Thumb Code    24  r5421.o(.text)
    Select_SFI_Waveform_Mode_3               0x08011a03   Thumb Code    24  r5421.o(.text)
    Select_SFI_0_DummyRead                   0x08011a1b   Thumb Code    24  r5421.o(.text)
    Select_SFI_8_DummyRead                   0x08011a33   Thumb Code    28  r5421.o(.text)
    Select_SFI_16_DummyRead                  0x08011a4f   Thumb Code    28  r5421.o(.text)
    Select_SFI_24_DummyRead                  0x08011a6b   Thumb Code    24  r5421.o(.text)
    Select_SFI_Single_Mode                   0x08011a83   Thumb Code    24  r5421.o(.text)
    Select_SFI_Dual_Mode0                    0x08011a9b   Thumb Code    28  r5421.o(.text)
    Select_SFI_Dual_Mode1                    0x08011ab7   Thumb Code    24  r5421.o(.text)
    Rx_FIFO_Empty_Flag                       0x08011acf   Thumb Code    28  r5421.o(.text)
    SPI_Master_FIFO_Data_Get                 0x08011aeb   Thumb Code    30  r5421.o(.text)
    Tx_FIFO_Empty_Flag                       0x08011b09   Thumb Code    28  r5421.o(.text)
    SPI_Master_FIFO_Data_Put                 0x08011b25   Thumb Code    36  r5421.o(.text)
    Mask_SPI_Master_Interrupt_Flag           0x08011b49   Thumb Code    24  r5421.o(.text)
    Select_nSS_drive_on_xnsfcs0              0x08011b61   Thumb Code    24  r5421.o(.text)
    Select_nSS_drive_on_xnsfcs1              0x08011b79   Thumb Code    24  r5421.o(.text)
    nSS_Inactive                             0x08011b91   Thumb Code    24  r5421.o(.text)
    nSS_Active                               0x08011ba9   Thumb Code    24  r5421.o(.text)
    OVFIRQEN_Enable                          0x08011bc1   Thumb Code    24  r5421.o(.text)
    EMTIRQEN_Enable                          0x08011bd9   Thumb Code    24  r5421.o(.text)
    Reset_CPOL                               0x08011bf1   Thumb Code    24  r5421.o(.text)
    Set_CPOL                                 0x08011c09   Thumb Code    24  r5421.o(.text)
    Reset_CPHA                               0x08011c21   Thumb Code    24  r5421.o(.text)
    Set_CPHA                                 0x08011c39   Thumb Code    24  r5421.o(.text)
    Tx_FIFO_Full_Flag                        0x08011c51   Thumb Code    28  r5421.o(.text)
    Rx_FIFO_full_flag                        0x08011c6d   Thumb Code    28  r5421.o(.text)
    OVFI_Flag                                0x08011c89   Thumb Code    28  r5421.o(.text)
    Clear_OVFI_Flag                          0x08011ca5   Thumb Code    24  r5421.o(.text)
    EMTI_Flag                                0x08011cbd   Thumb Code    28  r5421.o(.text)
    Clear_EMTI_Flag                          0x08011cd9   Thumb Code    24  r5421.o(.text)
    SPI_Clock_Period                         0x08011cf1   Thumb Code    12  r5421.o(.text)
    SFI_DMA_Source_Start_Address             0x08011cfd   Thumb Code    64  r5421.o(.text)
    SFI_DMA_Destination_Start_Address        0x08011d3d   Thumb Code    54  r5421.o(.text)
    SFI_DMA_Destination_Upper_Left_Corner    0x08011d73   Thumb Code    44  r5421.o(.text)
    SFI_DMA_Transfer_Number                  0x08011d9f   Thumb Code    56  r5421.o(.text)
    SFI_DMA_Transfer_Width_Height            0x08011dd7   Thumb Code    44  r5421.o(.text)
    SFI_DMA_Source_Width                     0x08011e03   Thumb Code    24  r5421.o(.text)
    Font_Select_UserDefine_Mode              0x08011e1b   Thumb Code    26  r5421.o(.text)
    CGROM_Select_Internal_CGROM              0x08011e35   Thumb Code    26  r5421.o(.text)
    CGROM_Select_Genitop_FontROM             0x08011e4f   Thumb Code    26  r5421.o(.text)
    Font_Select_8x16_16x16                   0x08011e69   Thumb Code    26  r5421.o(.text)
    Font_Select_12x24_24x24                  0x08011e83   Thumb Code    26  r5421.o(.text)
    Font_Select_16x32_32x32                  0x08011e9d   Thumb Code    26  r5421.o(.text)
    Internal_CGROM_Select_ISOIEC8859_1       0x08011eb7   Thumb Code    26  r5421.o(.text)
    Internal_CGROM_Select_ISOIEC8859_2       0x08011ed1   Thumb Code    26  r5421.o(.text)
    Internal_CGROM_Select_ISOIEC8859_3       0x08011eeb   Thumb Code    26  r5421.o(.text)
    Internal_CGROM_Select_ISOIEC8859_4       0x08011f05   Thumb Code    26  r5421.o(.text)
    Enable_Font_Alignment                    0x08011f1f   Thumb Code    24  r5421.o(.text)
    Disable_Font_Alignment                   0x08011f37   Thumb Code    24  r5421.o(.text)
    Font_Background_select_Transparency      0x08011f4f   Thumb Code    24  r5421.o(.text)
    Font_Background_select_Color             0x08011f67   Thumb Code    24  r5421.o(.text)
    Font_0_degree                            0x08011f7f   Thumb Code    24  r5421.o(.text)
    Font_90_degree                           0x08011f97   Thumb Code    24  r5421.o(.text)
    Font_Width_X1                            0x08011faf   Thumb Code    28  r5421.o(.text)
    Font_Width_X2                            0x08011fcb   Thumb Code    28  r5421.o(.text)
    Font_Width_X3                            0x08011fe7   Thumb Code    28  r5421.o(.text)
    Font_Width_X4                            0x08012003   Thumb Code    28  r5421.o(.text)
    Font_Height_X1                           0x0801201f   Thumb Code    28  r5421.o(.text)
    Font_Height_X2                           0x0801203b   Thumb Code    28  r5421.o(.text)
    Font_Height_X3                           0x08012057   Thumb Code    28  r5421.o(.text)
    Font_Height_X4                           0x08012073   Thumb Code    28  r5421.o(.text)
    GTFont_Select_GT21L16TW_GT21H16T1W       0x0801208f   Thumb Code    32  r5421.o(.text)
    GTFont_Select_GT23L16U2W                 0x080120af   Thumb Code    32  r5421.o(.text)
    GTFont_Select_GT23L24T3Y_GT23H24T3Y      0x080120cf   Thumb Code    32  r5421.o(.text)
    GTFont_Select_GT23L24M1Z                 0x080120ef   Thumb Code    38  r5421.o(.text)
    GTFont_Select_GT23L32S4W_GT23H32S4W      0x08012115   Thumb Code    32  r5421.o(.text)
    GTFont_Select_GT20L24F6Y                 0x08012135   Thumb Code    32  r5421.o(.text)
    GTFont_Select_GT21L24S1W                 0x08012155   Thumb Code    32  r5421.o(.text)
    GTFont_Select_GT22L16A1Y                 0x08012175   Thumb Code    32  r5421.o(.text)
    Set_GTFont_Decoder                       0x08012195   Thumb Code    14  r5421.o(.text)
    Font_Line_Distance                       0x080121a3   Thumb Code    14  r5421.o(.text)
    Set_Font_to_Font_Width                   0x080121b1   Thumb Code    14  r5421.o(.text)
    Foreground_RGB                           0x080121bf   Thumb Code    32  r5421.o(.text)
    Foreground_color_256                     0x080121df   Thumb Code    38  r5421.o(.text)
    Foreground_color_65k                     0x08012205   Thumb Code    48  r5421.o(.text)
    Foreground_color_16M                     0x08012235   Thumb Code    42  r5421.o(.text)
    Background_RGB                           0x0801225f   Thumb Code    32  r5421.o(.text)
    Background_color_256                     0x0801227f   Thumb Code    38  r5421.o(.text)
    Background_color_65k                     0x080122a5   Thumb Code    48  r5421.o(.text)
    Background_color_16M                     0x080122d5   Thumb Code    42  r5421.o(.text)
    CGRAM_Start_address                      0x080122ff   Thumb Code    56  r5421.o(.text)
    Power_Normal_Mode                        0x08012337   Thumb Code    16  r5421.o(.text)
    Power_Saving_Standby_Mode                0x08012347   Thumb Code    30  r5421.o(.text)
    Power_Saving_Suspend_Mode                0x08012365   Thumb Code    16  r5421.o(.text)
    Power_Saving_Sleep_Mode                  0x08012375   Thumb Code    16  r5421.o(.text)
    R5421_I2CM_Clock_Prescale                0x08012385   Thumb Code    24  r5421.o(.text)
    R5421_I2CM_Transmit_Data                 0x0801239d   Thumb Code    14  r5421.o(.text)
    R5421_I2CM_Receiver_Data                 0x080123ab   Thumb Code    16  r5421.o(.text)
    R5421_I2CM_Stop                          0x080123bb   Thumb Code    10  r5421.o(.text)
    R5421_I2CM_Read_With_Ack                 0x080123c5   Thumb Code    10  r5421.o(.text)
    R5421_I2CM_Read_With_Nack                0x080123cf   Thumb Code    10  r5421.o(.text)
    R5421_I2CM_Write_With_Start              0x080123d9   Thumb Code    10  r5421.o(.text)
    R5421_I2CM_Write                         0x080123e3   Thumb Code    10  r5421.o(.text)
    R5421_I2CM_Check_Slave_ACK               0x080123ed   Thumb Code    30  r5421.o(.text)
    R5421_I2CM_Bus_Busy                      0x0801240b   Thumb Code    30  r5421.o(.text)
    R5421_I2CM_transmit_Progress             0x08012429   Thumb Code    30  r5421.o(.text)
    R5421_I2CM_Arbitration                   0x08012447   Thumb Code    20  r5421.o(.text)
    Set_GPIO_A_In_Out                        0x0801245b   Thumb Code    14  r5421.o(.text)
    Write_GPIO_A_7_0                         0x08012469   Thumb Code    14  r5421.o(.text)
    Read_GPIO_A_7_0                          0x08012477   Thumb Code    16  r5421.o(.text)
    Write_GPIO_B_7_4                         0x08012487   Thumb Code    14  r5421.o(.text)
    Read_GPIO_B_7_0                          0x08012495   Thumb Code    16  r5421.o(.text)
    Set_GPIO_C_In_Out                        0x080124a5   Thumb Code    12  r5421.o(.text)
    Write_GPIO_C_7_0                         0x080124b1   Thumb Code    14  r5421.o(.text)
    Read_GPIO_C_7_0                          0x080124bf   Thumb Code    16  r5421.o(.text)
    Set_GPIO_D_In_Out                        0x080124cf   Thumb Code    14  r5421.o(.text)
    Write_GPIO_D_7_0                         0x080124dd   Thumb Code    12  r5421.o(.text)
    Read_GPIO_D_7_0                          0x080124e9   Thumb Code    14  r5421.o(.text)
    Set_GPIO_E_In_Out                        0x080124f7   Thumb Code    18  r5421.o(.text)
    Write_GPIO_E_7_0                         0x08012509   Thumb Code    14  r5421.o(.text)
    Read_GPIO_E_7_0                          0x08012517   Thumb Code    16  r5421.o(.text)
    Set_GPIO_F_In_Out                        0x08012527   Thumb Code    14  r5421.o(.text)
    Write_GPIO_F_7_0                         0x08012535   Thumb Code    14  r5421.o(.text)
    Read_GPIO_F_7_0                          0x08012543   Thumb Code    16  r5421.o(.text)
    Long_Key_enable                          0x08012553   Thumb Code    22  r5421.o(.text)
    Key_Scan_Freg                            0x08012569   Thumb Code    30  r5421.o(.text)
    Key_Scan_Wakeup_Function_Enable          0x08012587   Thumb Code    24  r5421.o(.text)
    Long_Key_Timing_Adjustment               0x0801259f   Thumb Code    28  r5421.o(.text)
    Numbers_of_Key_Hit                       0x080125bb   Thumb Code    20  r5421.o(.text)
    Read_Key_Strobe_Data_0                   0x080125cf   Thumb Code    16  r5421.o(.text)
    Read_Key_Strobe_Data_1                   0x080125df   Thumb Code    16  r5421.o(.text)
    Read_Key_Strobe_Data_2                   0x080125ef   Thumb Code    16  r5421.o(.text)
    Show_String                              0x080125ff   Thumb Code    46  r5421.o(.text)
    Show_picture                             0x0801262d   Thumb Code    38  r5421.o(.text)
    PWM0_ON                                  0x08012653   Thumb Code    36  r5421.o(.text)
    EEPROMBYTE_24C16_Write                   0x0801267d   Thumb Code     6  gt9271.o(.text)
    EEPROMBYTE_24C16_Read                    0x08012683   Thumb Code     6  gt9271.o(.text)
    CRC_cal                                  0x08012689   Thumb Code    60  gt9271.o(.text)
    TWait                                    0x080126c5   Thumb Code    10  gt9271.o(.text)
    GT9271_GPIO_Config                       0x080126cf   Thumb Code   104  gt9271.o(.text)
    GPIO_PWM_Config                          0x08012737   Thumb Code    40  gt9271.o(.text)
    GT9271_GPIO_Config_SPI                   0x0801275f   Thumb Code   132  gt9271.o(.text)
    TIM_PWM_Config                           0x080127e3   Thumb Code   112  gt9271.o(.text)
    GT9271_GPIO_Config_release               0x08012853   Thumb Code   102  gt9271.o(.text)
    GT9271_I2CSDASetInput                    0x080128b9   Thumb Code    24  gt9271.o(.text)
    GT9271_I2CSDASetOutput                   0x080128d1   Thumb Code    30  gt9271.o(.text)
    GT9271_I2CStart                          0x080128ef   Thumb Code    52  gt9271.o(.text)
    GT9271_I2CStop                           0x08012923   Thumb Code    52  gt9271.o(.text)
    GT9271_I2CSendByte                       0x08012957   Thumb Code   122  gt9271.o(.text)
    GT9271_I2CReciveByte                     0x080129d1   Thumb Code   116  gt9271.o(.text)
    GT9271_I2CTest                           0x08012a45   Thumb Code     6  gt9271.o(.text)
    GT9271_I2CSend                           0x08012a4b   Thumb Code   140  gt9271.o(.text)
    GT9271_I2CReceive                        0x08012ad7   Thumb Code   180  gt9271.o(.text)
    SPI_WRITE                                0x08012b8b   Thumb Code    94  gt9271.o(.text)
    TOUPANEL_SET_CONFIG                      0x08012be9   Thumb Code    30  gt9271.o(.text)
    TOUCH_POINT_CLEAR                        0x08012c07   Thumb Code    50  gt9271.o(.text)
    TOUCH_POINT_CHECK_XY                     0x08012c39   Thumb Code    54  gt9271.o(.text)
    TOUCH_inition                            0x08012c6f   Thumb Code   258  gt9271.o(.text)
    TOUCH_POINT_statu                        0x08012d71   Thumb Code    34  gt9271.o(.text)
    TOUCH_POINT_CHECK_XY_A                   0x08012d93   Thumb Code   194  gt9271.o(.text)
    CTP_TOUCH_CHECK_A                        0x08012e55   Thumb Code   616  gt9271.o(.text)
    RAWDATA_CLEAR                            0x080130bd   Thumb Code    96  gt9271.o(.text)
    CTP_RAWDATA_new_GET                      0x0801311d   Thumb Code   318  gt9271.o(.text)
    GET_RAWDATA_EEPROM                       0x0801325b   Thumb Code   340  gt9271.o(.text)
    RAWDATA_ADD                              0x080133af   Thumb Code   206  gt9271.o(.text)
    SAVE_RAWDATA_EEPROM                      0x0801347d   Thumb Code   116  gt9271.o(.text)
    SHOW_Default_TP_RAWDATA                  0x080134f1   Thumb Code    94  gt9271.o(.text)
    AUTO_CHECK_RAWDATA                       0x0801354f   Thumb Code    82  gt9271.o(.text)
    CTP_RAWDATA_CHECK_A                      0x080135a1   Thumb Code    66  gt9271.o(.text)
    CTP_GT_TEST                              0x080135e3   Thumb Code   406  gt9271.o(.text)
    SPI_TP_DATA                              0x08013779   Thumb Code    74  gt9271.o(.text)
    CTP_GT9271_TEST                          0x080137c3   Thumb Code   534  gt9271.o(.text)
    GET_TP_PROJECT_NAME                      0x080139d9   Thumb Code    26  gt9271.o(.text)
    SET_TP_PROJECT_NAME                      0x080139f3   Thumb Code    26  gt9271.o(.text)
    SHOW_TP_PROJECT_NAME                     0x08013a0d   Thumb Code     2  gt9271.o(.text)
    rand                                     0x08013a9d   Thumb Code    20  rand.o(.text)
    srand                                    0x08013ab1   Thumb Code     6  rand.o(.text)
    __aeabi_memcpy                           0x08013ac1   Thumb Code    36  memcpya.o(.text)
    __aeabi_memcpy4                          0x08013ac1   Thumb Code     0  memcpya.o(.text)
    __aeabi_memcpy8                          0x08013ac1   Thumb Code     0  memcpya.o(.text)
    __aeabi_memset                           0x08013ae5   Thumb Code    14  memseta.o(.text)
    __aeabi_memset4                          0x08013ae5   Thumb Code     0  memseta.o(.text)
    __aeabi_memset8                          0x08013ae5   Thumb Code     0  memseta.o(.text)
    __aeabi_memclr                           0x08013af3   Thumb Code     4  memseta.o(.text)
    __aeabi_memclr4                          0x08013af3   Thumb Code     0  memseta.o(.text)
    __aeabi_memclr8                          0x08013af3   Thumb Code     0  memseta.o(.text)
    _memset$wrapper                          0x08013af7   Thumb Code    18  memseta.o(.text)
    __scatterload                            0x08013b09   Thumb Code    28  init.o(.text)
    __scatterload_rt2                        0x08013b09   Thumb Code     0  init.o(.text)
    __decompress                             0x08013b2d   Thumb Code     0  __dczerorl2.o(.text)
    __decompress1                            0x08013b2d   Thumb Code    86  __dczerorl2.o(.text)
    __0printf$bare                           0x08013b85   Thumb Code     8  printfb.o(i.__0printf$bare)
    __1printf$bare                           0x08013b85   Thumb Code     0  printfb.o(i.__0printf$bare)
    __2printf                                0x08013b85   Thumb Code     0  printfb.o(i.__0printf$bare)
    __ARM_common_memset4_12                  0x08013b95   Thumb Code    18  fat.o(i.__ARM_common_memset4_12)
    __scatterload_copy                       0x08013ba7   Thumb Code    14  handlers.o(i.__scatterload_copy)
    __scatterload_null                       0x08013bb5   Thumb Code     2  handlers.o(i.__scatterload_null)
    __scatterload_zeroinit                   0x08013bb7   Thumb Code    14  handlers.o(i.__scatterload_zeroinit)
    free                                     0x08013be9   Thumb Code    76  malloc.o(i.free)
    malloc                                   0x08013c39   Thumb Code    92  malloc.o(i.malloc)
    ASCII_Table                              0x08013ca4   Data        4560  lcd.o(.constdata)
    codeGB_48                                0x08014e74   Data        3190  gb4848.o(.constdata)
    code24x48                                0x08015aea   Data        1450  24x48.o(.constdata)
    Region$$Table$$Base                      0x08016094   Number         0  anon$$obj.o(Region$$Table)
    Region$$Table$$Limit                     0x080160b4   Number         0  anon$$obj.o(Region$$Table)
    current_time                             0x20000004   Data           4  main.o(.data)
    B1_event_flag                            0x20000008   Data           1  main.o(.data)
    B2_event_flag                            0x20000009   Data           1  main.o(.data)
    B6_event_flag                            0x2000000a   Data           1  main.o(.data)
    EraseStatus                              0x2000000b   Data           1  main.o(.data)
    TransferStatus1                          0x2000000c   Data           1  main.o(.data)
    TransferStatus2                          0x2000000d   Data           1  main.o(.data)
    Status                                   0x2000000e   Data           1  main.o(.data)
    buffer_data                              0x2000000f   Data           2  main.o(.data)
    Brightness_level                         0x20000011   Data           1  main.o(.data)
    sd_Capacity                              0x20000014   Data           4  main.o(.data)
    SDConfigFlag                             0x20000018   Data           1  main.o(.data)
    SDShowFlag                               0x20000019   Data           1  main.o(.data)
    SDShowTimes                              0x2000001a   Data           1  main.o(.data)
    SD_PIC_NUM_MAX                           0x2000001b   Data           1  main.o(.data)
    GPIO_InitStructure                       0x2000001c   Data           4  main.o(.data)
    EXTI_InitStructure                       0x20000020   Data           8  main.o(.data)
    HorA                                     0x20000028   Data           1  main.o(.data)
    YUV_RGB                                  0x20000029   Data           1  main.o(.data)
    SD_BMP_BGR                               0x2000002a   Data           1  main.o(.data)
    LVDS_8BIT_USE                            0x2000002b   Data           1  main.o(.data)
    pic_num                                  0x2000002c   Data           1  main.o(.data)
    pic_num_string                           0x2000002d   Data           1  main.o(.data)
    PIP_SWITCH_flag                          0x2000002e   Data           1  main.o(.data)
    PIC_NUM                                  0x2000002f   Data           1  main.o(.data)
    DELAY_15                                 0x20000030   Data           2  main.o(.data)
    MAN_OTP_FLAG                             0x20000032   Data           1  main.o(.data)
    AUTO_OTP_FLAG                            0x20000033   Data           1  main.o(.data)
    CCR3_Val                                 0x20000034   Data           2  main.o(.data)
    CONFIG_SYS_SET                           0x2000003a   Data          20  lcm.o(.data)
    MIPI_SET_NOKIA_GPM1461A                  0x2000004e   Data           6  lcm.o(.data)
    TIMING_SET_NOKIA_GPM1461A                0x20000054   Data          30  lcm.o(.data)
    PIC_SET_CACHE_nokia                      0x20000072   Data         180  lcm.o(.data)
    Sensor_data_ok                           0x2000012c   Data           4  otp.o(.data)
    OTP_VALUE1                               0x20000130   Data           1  otp.o(.data)
    OTP_VALUE2                               0x20000131   Data           1  otp.o(.data)
    OTP_TIMES                                0x20000132   Data           1  otp.o(.data)
    Gamma_VALUE1                             0x20000133   Data           1  otp.o(.data)
    Gamma_VALUE2                             0x20000134   Data           1  otp.o(.data)
    Gamma_VALUE3                             0x20000135   Data           1  otp.o(.data)
    Gamma_VALUE4                             0x20000136   Data           1  otp.o(.data)
    ID_VAL                                   0x20000138   Data           4  otp.o(.data)
    ID_SHOW                                  0x2000013c   Data           4  otp.o(.data)
    ID1_default                              0x20000140   Data           1  otp.o(.data)
    ID2_default                              0x20000141   Data           1  otp.o(.data)
    ID3_default                              0x20000142   Data           1  otp.o(.data)
    VCOM_register                            0x20000143   Data           1  otp.o(.data)
    VCOM_Read_reg                            0x20000144   Data           1  otp.o(.data)
    VCOM_Time_reg                            0x20000145   Data           1  otp.o(.data)
    Gamma_reg1                               0x20000146   Data           1  otp.o(.data)
    Gamma_reg2                               0x20000147   Data           1  otp.o(.data)
    Gamma_reg3                               0x20000148   Data           1  otp.o(.data)
    Gamma_reg4                               0x20000149   Data           1  otp.o(.data)
    Gamma_default1                           0x2000014a   Data           1  otp.o(.data)
    Gamma_default2                           0x2000014b   Data           1  otp.o(.data)
    Gamma_default3                           0x2000014c   Data           1  otp.o(.data)
    Gamma_default4                           0x2000014d   Data           1  otp.o(.data)
    VCOM_default                             0x2000014e   Data           2  otp.o(.data)
    STEP                                     0x20000150   Data           1  otp.o(.data)
    VCOMDH                                   0x20000151   Data           1  otp.o(.data)
    VCOMDC                                   0x20000152   Data           1  otp.o(.data)
    MTP_OVER                                 0x20000153   Data           1  otp.o(.data)
    count1                                   0x20000154   Data           2  otp.o(.data)
    count2                                   0x20000156   Data           2  otp.o(.data)
    VCOMDC1                                  0x20000158   Data           2  otp.o(.data)
    OTP_ERROR_MESAGE                         0x2000015a   Data           2  otp.o(.data)
    TransferError                            0x20000170   Data           1  sdcard.o(.data)
    TransferEnd                              0x20000188   Data           4  sdcard.o(.data)
    NumberOfBytes                            0x2000018c   Data           4  sdcard.o(.data)
    SrcBuffer                                0x20000190   Data           4  sdcard.o(.data)
    DestBuffer                               0x20000194   Data           4  sdcard.o(.data)
    LongNameFlag                             0x20000198   Data           1  fat.o(.data)
    FAT32_Enable                             0x20000199   Data           1  fat.o(.data)
    BytesPerSector                           0x2000019a   Data           2  fat.o(.data)
    SectorsPerClust                          0x2000019c   Data           2  fat.o(.data)
    FirstDirClust                            0x200001a0   Data           4  fat.o(.data)
    FirstDataSector                          0x200001a4   Data           4  fat.o(.data)
    FATsectors                               0x200001a8   Data           4  fat.o(.data)
    FirstFATSector                           0x200001ac   Data           4  fat.o(.data)
    FirstDirSector                           0x200001b0   Data           4  fat.o(.data)
    RootDirSectors                           0x200001b4   Data           4  fat.o(.data)
    RootDirCount                             0x200001b8   Data           4  fat.o(.data)
    mem_buffer1                              0x200001c4   Data          22  spi_flash.o(.data)
    LCM_TYPE                                 0x200001de   Data           1  config_hard.o(.data)
    ID_OK                                    0x200001df   Data           1  config_hard.o(.data)
    ID1_READ                                 0x200001e0   Data           1  config_hard.o(.data)
    ID2_READ                                 0x200001e1   Data           1  config_hard.o(.data)
    ID3_READ                                 0x200001e2   Data           1  config_hard.o(.data)
    ID1_VALUE                                0x200001e3   Data           1  config_hard.o(.data)
    ID2_VALUE                                0x200001e4   Data           1  config_hard.o(.data)
    ID3_VALUE                                0x200001e5   Data           1  config_hard.o(.data)
    ID1_register                             0x200001e6   Data           1  config_hard.o(.data)
    ID2_register                             0x200001e7   Data           1  config_hard.o(.data)
    ID3_register                             0x200001e8   Data           1  config_hard.o(.data)
    mm_KEYB10                                0x200001ea   Data           2  config_hard.o(.data)
    mm_KEYB1                                 0x200001ec   Data           2  config_hard.o(.data)
    mm_KEYB11                                0x200001ee   Data           2  config_hard.o(.data)
    MIPI_SET                                 0x200001f0   Data           6  config_hard.o(.data)
    MIPI_LP_TIMING                           0x200001f6   Data           8  config_hard.o(.data)
    MIPI_HS_TIMING                           0x200001fe   Data           8  config_hard.o(.data)
    MIPI_CLK_TIMING                          0x20000206   Data           8  config_hard.o(.data)
    PIC_SET_CACHE                            0x2000020e   Data         180  config_hard.o(.data)
    SDPIC_XDP                                0x200002c2   Data           2  config_hard.o(.data)
    SDPIC_YDP                                0x200002c4   Data           2  config_hard.o(.data)
    ii_LED                                   0x200002ca   Data           1  lcd1602.o(.data)
    IDD_UA_preset                            0x200002cc   Data           2  iic_current.o(.data)
    IDD_UA_decom                             0x200002ce   Data           2  iic_current.o(.data)
    IDD_MA                                   0x200002d0   Data           2  iic_current.o(.data)
    image_count                              0x200002d2   Data           2  disp2.o(.data)
    image_all                                0x200002d4   Data           2  disp2.o(.data)
    Bri_Seg                                  0x200002d6   Data           4  tsliic_rev01.o(.data)
    SCAN_FREQ                                0x200002e8   Data           2  r5421.o(.data)
    stm_time_test                            0x200002ec   Data           4  r5421.o(.data)
    TOUCH_POINT1_X                           0x200002f4   Data           2  gt9271.o(.data)
    TOUCH_POINT1_Y                           0x200002f6   Data           2  gt9271.o(.data)
    TOUCH_POINT2_X                           0x200002f8   Data           2  gt9271.o(.data)
    TOUCH_POINT2_Y                           0x200002fa   Data           2  gt9271.o(.data)
    TOUCH_POINT3_X                           0x200002fc   Data           2  gt9271.o(.data)
    TOUCH_POINT3_Y                           0x200002fe   Data           2  gt9271.o(.data)
    TOUCH_POINT4_X                           0x20000300   Data           2  gt9271.o(.data)
    TOUCH_POINT4_Y                           0x20000302   Data           2  gt9271.o(.data)
    TOUCH_POINT5_X                           0x20000304   Data           2  gt9271.o(.data)
    TOUCH_POINT5_Y                           0x20000306   Data           2  gt9271.o(.data)
    TOUCH_POINT6_X                           0x20000308   Data           2  gt9271.o(.data)
    TOUCH_POINT6_Y                           0x2000030a   Data           2  gt9271.o(.data)
    TOUCH_POINT7_X                           0x2000030c   Data           2  gt9271.o(.data)
    TOUCH_POINT7_Y                           0x2000030e   Data           2  gt9271.o(.data)
    TOUCH_POINT8_X                           0x20000310   Data           2  gt9271.o(.data)
    TOUCH_POINT8_Y                           0x20000312   Data           2  gt9271.o(.data)
    TOUCH_POINT9_X                           0x20000314   Data           2  gt9271.o(.data)
    TOUCH_POINT9_Y                           0x20000316   Data           2  gt9271.o(.data)
    TOUCH_POINT10_X                          0x20000318   Data           2  gt9271.o(.data)
    TOUCH_POINT10_Y                          0x2000031a   Data           2  gt9271.o(.data)
    TP_PROJECT_NAME                          0x2000031c   Data           1  gt9271.o(.data)
    pucData                                  0x2000031d   Data           2  gt9271.o(.data)
    TOUCH_TX                                 0x2000031f   Data           1  gt9271.o(.data)
    TOUCH_RX                                 0x20000320   Data           1  gt9271.o(.data)
    TOUCH_POINT_SUM                          0x20000322   Data           2  gt9271.o(.data)
    RESULT_AUTO_CHECK_NUM                    0x20000324   Data           2  gt9271.o(.data)
    CTP_DEVICE_ADDRESS_GT9271                0x20000326   Data           1  gt9271.o(.data)
    CTP_GOOD_SAMPLE_NUM                      0x20000327   Data           1  gt9271.o(.data)
    __stdout                                 0x2000032c   Data           4  stdout.o(.data)
    __microlib_freelist                      0x20000330   Data           4  mvars.o(.data)
    __microlib_freelist_initialised          0x20000334   Data           4  mvars.o(.data)
    time_now                                 0x20000338   Data          44  main.o(.bss)
    SDCardInfo                               0x20000364   Data          80  main.o(.bss)
    Buffer_Block_Tx                          0x200003b4   Data         512  main.o(.bss)
    Buffer_Block_Rx                          0x200005b4   Data         512  main.o(.bss)
    Buffer_MultiBlock_Tx                     0x200007b4   Data        1024  main.o(.bss)
    Buffer_MultiBlock_Rx                     0x20000bb4   Data        1024  main.o(.bss)
    buffer                                   0x20000fb4   Data        5000  main.o(.bss)
    tmp                                      0x2000233c   Data          20  main.o(.bss)
    Sensor_error_dot                         0x20002350   Data         120  otp.o(.bss)
    DATA_SUM1                                0x200023c8   Data          60  otp.o(.bss)
    DATA_SUMY                                0x20002404   Data          60  otp.o(.bss)
    SURE                                     0x20002440   Data          60  otp.o(.bss)
    SDIO_InitStructure                       0x200024a0   Data          24  sdcard.o(.bss)
    SDIO_CmdInitStructure                    0x200024b8   Data          20  sdcard.o(.bss)
    SDIO_DataInitStructure                   0x200024cc   Data          24  sdcard.o(.bss)
    LongNameBuffer                           0x20002500   Data         132  fat.o(.bss)
    FileInfo                                 0x20002584   Data          15  fat.o(.bss)
    recordBuf                                0x20002593   Data        1024  fat.o(.bss)
    Flash_Data_Buff                          0x20002993   Data        4096  spi_flash.o(.bss)
    mem_buffer                               0x20003993   Data        4096  spi_flash.o(.bss)
    usart_buff                               0x20004993   Data         255  usart.o(.bss)
    usart_buff_out                           0x20004a92   Data          25  usart.o(.bss)
    MIPI_Array                               0x20004aac   Data         300  config_hard.o(.bss)
    MIPI_READ_DATA                           0x20004bd8   Data          10  config_hard.o(.bss)
    temp                                     0x20004be2   Data          12  config_hard.o(.bss)
    TIMING_SET                               0x20004bee   Data          30  config_hard.o(.bss)
    BMPInfo                                  0x20004c0c   Data          32  disp2.o(.bss)
    Testpar                                  0x20004c2c   Data         128  disp2.o(.bss)
    color_map                                0x20004cac   Data          48  lcd.o(.bss)
    pucData_A                                0x20004cdc   Data        1000  gt9271.o(.bss)
    TOUCH_XY_check                           0x200050c4   Data         288  gt9271.o(.bss)
    RAWDATA_DEFAULT                          0x200051e4   Data        1400  gt9271.o(.bss)
    RAWDATA_DEFAULT_new                      0x2000575c   Data        1400  gt9271.o(.bss)
    __heap_base                              0x20005cd8   Data           0  startup_stm32f10x_hd.o(HEAP)
    __heap_limit                             0x200060d8   Data           0  startup_stm32f10x_hd.o(HEAP)
    __initial_sp                             0x200070d8   Data           0  startup_stm32f10x_hd.o(STACK)



==============================================================================

Memory Map of the image

  Image Entry point : 0x08000131

  Load Region LR_IROM1 (Base: 0x08000000, Size: 0x000163ec, Max: 0x00040000, ABSOLUTE, COMPRESSED[0x00016190])

    Execution Region ER_IROM1 (Base: 0x08000000, Size: 0x000160b4, Max: 0x00040000, ABSOLUTE)

    Base Addr    Size         Type   Attr      Idx    E Section Name        Object

    0x08000000   0x00000130   Data   RO          444    RESET               startup_stm32f10x_hd.o
    0x08000130   0x00000000   Code   RO          996  * .ARM.Collect$$$$00000000  mc_w.l(entry.o)
    0x08000130   0x00000004   Code   RO         1296    .ARM.Collect$$$$00000001  mc_w.l(entry2.o)
    0x08000134   0x00000004   Code   RO         1299    .ARM.Collect$$$$00000004  mc_w.l(entry5.o)
    0x08000138   0x00000000   Code   RO         1301    .ARM.Collect$$$$00000008  mc_w.l(entry7b.o)
    0x08000138   0x00000000   Code   RO         1303    .ARM.Collect$$$$0000000A  mc_w.l(entry8b.o)
    0x08000138   0x00000008   Code   RO         1304    .ARM.Collect$$$$0000000B  mc_w.l(entry9a.o)
    0x08000140   0x00000000   Code   RO         1306    .ARM.Collect$$$$0000000D  mc_w.l(entry10a.o)
    0x08000140   0x00000000   Code   RO         1308    .ARM.Collect$$$$0000000F  mc_w.l(entry11a.o)
    0x08000140   0x00000004   Code   RO         1297    .ARM.Collect$$$$00002712  mc_w.l(entry2.o)
    0x08000144   0x00000e28   Code   RO            1    .text               main.o
    0x08000f6c   0x000002f8   Code   RO          148    .text               lcm.o
    0x08001264   0x00000770   Code   RO          228    .text               otp.o
    0x080019d4   0x00000048   Code   RO          255    .text               stm32f10x_it.o
    0x08001a1c   0x000000dc   Code   RO          278    .text               misc.o
    0x08001af8   0x00000140   Code   RO          290    .text               stm32f10x_exti.o
    0x08001c38   0x00000604   Code   RO          302    .text               stm32f10x_fsmc.o
    0x0800223c   0x00000330   Code   RO          314    .text               stm32f10x_gpio.o
    0x0800256c   0x000003a0   Code   RO          326    .text               stm32f10x_rcc.o
    0x0800290c   0x00000370   Code   RO          340    .text               stm32f10x_usart.o
    0x08002c7c   0x00000300   Code   RO          352    .text               stm32f10x_spi.o
    0x08002f7c   0x00000240   Code   RO          364    .text               stm32f10x_dma.o
    0x080031bc   0x000001c8   Code   RO          376    .text               stm32f10x_sdio.o
    0x08003384   0x00000bc6   Code   RO          430    .text               stm32f10x_tim.o
    0x08003f4a   0x00000002   PAD
    0x08003f4c   0x00000030   Code   RO          445    .text               startup_stm32f10x_hd.o
    0x08003f7c   0x00000138   Code   RO          460    .text               system_stm32f10x.o
    0x080040b4   0x00001d3c   Code   RO          490    .text               SDFAT.lib(sdcard.o)
    0x08005df0   0x00001b80   Code   RO          594    .text               SDFAT.lib(fat.o)
    0x08007970   0x000000be   Code   RO          622    .text               ARM_UPDATE_A2.lib(fsmc_sram.o)
    0x08007a2e   0x00000002   PAD
    0x08007a30   0x000000c8   Code   RO          683    .text               ARM_UPDATE_A2.lib(delay.o)
    0x08007af8   0x00000724   Code   RO          700    .text               ARM_UPDATE_A2.lib(spi_flash.o)
    0x0800821c   0x00000154   Code   RO          719    .text               ARM_UPDATE_A2.lib(usart.o)
    0x08008370   0x00001fb8   Code   RO          744    .text               ARM_UPDATE_A2.lib(config_hard.o)
    0x0800a328   0x00000608   Code   RO          786    .text               ARM_UPDATE_A2.lib(lcd1602.o)
    0x0800a930   0x00000624   Code   RO          805    .text               ARM_UPDATE_A2.lib(iic_current.o)
    0x0800af54   0x00000378   Code   RO          824    .text               ARM_UPDATE_A2.lib(disp2.o)
    0x0800b2cc   0x00000ed4   Code   RO          859    .text               ARM_UPDATE_A2.lib(pattern.o)
    0x0800c1a0   0x00000804   Code   RO          877    .text               ARM_UPDATE_A2.lib(tsliic_rev01.o)
    0x0800c9a4   0x00002b3c   Code   RO          895    .text               ARM_UPDATE_A2.lib(lcd.o)
    0x0800f4e0   0x0000319c   Code   RO          935    .text               ARM_UPDATE_A2.lib(r5421.o)
    0x0801267c   0x00001420   Code   RO          951    .text               ARM_UPDATE_A2.lib(gt9271.o)
    0x08013a9c   0x00000024   Code   RO          999    .text               mc_w.l(rand.o)
    0x08013ac0   0x00000024   Code   RO         1002    .text               mc_w.l(memcpya.o)
    0x08013ae4   0x00000024   Code   RO         1004    .text               mc_w.l(memseta.o)
    0x08013b08   0x00000024   Code   RO         1328    .text               mc_w.l(init.o)
    0x08013b2c   0x00000056   Code   RO         1346    .text               mc_w.l(__dczerorl2.o)
    0x08013b82   0x00000002   PAD
    0x08013b84   0x00000010   Code   RO         1009    i.__0printf$bare    mc_w.l(printfb.o)
    0x08013b94   0x00000012   Code   RO          610    i.__ARM_common_memset4_12  SDFAT.lib(fat.o)
    0x08013ba6   0x0000000e   Code   RO         1340    i.__scatterload_copy  mc_w.l(handlers.o)
    0x08013bb4   0x00000002   Code   RO         1341    i.__scatterload_null  mc_w.l(handlers.o)
    0x08013bb6   0x0000000e   Code   RO         1342    i.__scatterload_zeroinit  mc_w.l(handlers.o)
    0x08013bc4   0x00000022   Code   RO         1016    i._printf_core      mc_w.l(printfb.o)
    0x08013be6   0x00000002   PAD
    0x08013be8   0x00000050   Code   RO         1268    i.free              mc_w.l(malloc.o)
    0x08013c38   0x0000006c   Code   RO         1269    i.malloc            mc_w.l(malloc.o)
    0x08013ca4   0x000011d0   Data   RO          897    .constdata          ARM_UPDATE_A2.lib(lcd.o)
    0x08014e74   0x00000c76   Data   RO          980    .constdata          ARM_UPDATE_A2.lib(gb4848.o)
    0x08015aea   0x000005aa   Data   RO          988    .constdata          ARM_UPDATE_A2.lib(24x48.o)
    0x08016094   0x00000020   Data   RO         1338    Region$$Table       anon$$obj.o


    Execution Region RW_IRAM1 (Base: 0x20000000, Size: 0x000070d8, Max: 0x0000c000, ABSOLUTE, COMPRESSED[0x000000dc])

    Base Addr    Size         Type   Attr      Idx    E Section Name        Object

    0x20000000   0x00000036   Data   RW            3    .data               main.o
    0x20000036   0x000000f0   Data   RW          149    .data               lcm.o
    0x20000126   0x00000002   PAD
    0x20000128   0x00000034   Data   RW          230    .data               otp.o
    0x2000015c   0x00000014   Data   RW          327    .data               stm32f10x_rcc.o
    0x20000170   0x00000028   Data   RW          492    .data               SDFAT.lib(sdcard.o)
    0x20000198   0x00000024   Data   RW          599    .data               SDFAT.lib(fat.o)
    0x200001bc   0x00000004   Data   RW          684    .data               ARM_UPDATE_A2.lib(delay.o)
    0x200001c0   0x0000001a   Data   RW          702    .data               ARM_UPDATE_A2.lib(spi_flash.o)
    0x200001da   0x000000ec   Data   RW          746    .data               ARM_UPDATE_A2.lib(config_hard.o)
    0x200002c6   0x00000005   Data   RW          787    .data               ARM_UPDATE_A2.lib(lcd1602.o)
    0x200002cb   0x00000001   PAD
    0x200002cc   0x00000006   Data   RW          806    .data               ARM_UPDATE_A2.lib(iic_current.o)
    0x200002d2   0x00000004   Data   RW          826    .data               ARM_UPDATE_A2.lib(disp2.o)
    0x200002d6   0x00000004   Data   RW          878    .data               ARM_UPDATE_A2.lib(tsliic_rev01.o)
    0x200002da   0x00000008   Data   RW          898    .data               ARM_UPDATE_A2.lib(lcd.o)
    0x200002e2   0x00000002   PAD
    0x200002e4   0x0000000c   Data   RW          936    .data               ARM_UPDATE_A2.lib(r5421.o)
    0x200002f0   0x00000038   Data   RW          953    .data               ARM_UPDATE_A2.lib(gt9271.o)
    0x20000328   0x00000004   Data   RW         1000    .data               mc_w.l(rand.o)
    0x2000032c   0x00000004   Data   RW         1310    .data               mc_w.l(stdout.o)
    0x20000330   0x00000004   Data   RW         1315    .data               mc_w.l(mvars.o)
    0x20000334   0x00000004   Data   RW         1316    .data               mc_w.l(mvars.o)
    0x20000338   0x00002018   Zero   RW            2    .bss                main.o
    0x20002350   0x0000012c   Zero   RW          229    .bss                otp.o
    0x2000247c   0x00000004   PAD
    0x20002480   0x00000064   Zero   RW          491    .bss                SDFAT.lib(sdcard.o)
    0x200024e4   0x0000001c   PAD
    0x20002500   0x00000493   Zero   RW          596    .bss                SDFAT.lib(fat.o)
    0x20002993   0x00002000   Zero   RW          701    .bss                ARM_UPDATE_A2.lib(spi_flash.o)
    0x20004993   0x00000118   Zero   RW          720    .bss                ARM_UPDATE_A2.lib(usart.o)
    0x20004aab   0x00000001   PAD
    0x20004aac   0x00000160   Zero   RW          745    .bss                ARM_UPDATE_A2.lib(config_hard.o)
    0x20004c0c   0x000000a0   Zero   RW          825    .bss                ARM_UPDATE_A2.lib(disp2.o)
    0x20004cac   0x00000030   Zero   RW          896    .bss                ARM_UPDATE_A2.lib(lcd.o)
    0x20004cdc   0x00000ff8   Zero   RW          952    .bss                ARM_UPDATE_A2.lib(gt9271.o)
    0x20005cd4   0x00000004   PAD
    0x20005cd8   0x00000400   Zero   RW          443    HEAP                startup_stm32f10x_hd.o
    0x200060d8   0x00001000   Zero   RW          442    STACK               startup_stm32f10x_hd.o


==============================================================================

Image component sizes


      Code (inc. data)   RO Data    RW Data    ZI Data      Debug   Object Name

       760         12          0        240          0     284148   lcm.o
      3624        466          0         54       8216     252997   main.o
       220         22          0          0          0       1765   misc.o
      1904        182          0         52        300       8482   otp.o
        48         12        304          0       5120        884   startup_stm32f10x_hd.o
       576         16          0          0          0       3515   stm32f10x_dma.o
       320         14          0          0          0       2175   stm32f10x_exti.o
      1540         16          0          0          0       5343   stm32f10x_fsmc.o
       816         18          0          0          0       5219   stm32f10x_gpio.o
        72          0          0          0          0       1743   stm32f10x_it.o
       928         36          0         20          0       8884   stm32f10x_rcc.o
       456         22          0          0          0       6984   stm32f10x_sdio.o
       768          6          0          0          0       6366   stm32f10x_spi.o
      3014         16          0          0          0      24540   stm32f10x_tim.o
       880         12          0          0          0       7851   stm32f10x_usart.o
       312         16          0          0          0       1201   system_stm32f10x.o

    ----------------------------------------------------------------------
     16240        866        336        368      13640     622097   Object Totals
         0          0         32          0          0          0   (incl. Generated)
         2          0          0          2          4          0   (incl. Padding)

    ----------------------------------------------------------------------

      Code (inc. data)   RO Data    RW Data    ZI Data      Debug   Library Member Name

         0          0       1450          0          0        540   24x48.o
      8120        390          0        236        352      21098   config_hard.o
       200          8          0          4          0       1173   delay.o
       888         32          0          4        160       7264   disp2.o
       190          0          0          0          0     251026   fsmc_sram.o
         0          0       3190          0          0        544   gb4848.o
      5152        398          0         56       4088      12913   gt9271.o
      1572         22          0          6          0       5891   iic_current.o
     11068        196       4560          8         48      25054   lcd.o
      1544         30          0          5          0       4630   lcd1602.o
      3796        772          0          0          0       2250   pattern.o
     12700         78          0         12          0      71212   r5421.o
      1828         28          0         26       8192       9084   spi_flash.o
      2052         10          0          4          0       7847   tsliic_rev01.o
       340         12          0          0        280       3323   usart.o
      7058         78          0         36       1171      24272   fat.o
      7484        232          0         40        100      52447   sdcard.o
        86          0          0          0          0          0   __dczerorl2.o
         0          0          0          0          0          0   entry.o
         0          0          0          0          0          0   entry10a.o
         0          0          0          0          0          0   entry11a.o
         8          4          0          0          0          0   entry2.o
         4          0          0          0          0          0   entry5.o
         0          0          0          0          0          0   entry7b.o
         0          0          0          0          0          0   entry8b.o
         8          4          0          0          0          0   entry9a.o
        30          0          0          0          0          0   handlers.o
        36          8          0          0          0         68   init.o
       188         20          0          0          0        160   malloc.o
        36          0          0          0          0         68   memcpya.o
        36          0          0          0          0        108   memseta.o
         0          0          0          8          0          0   mvars.o
        50          8          0          0          0        152   printfb.o
        36         10          0          4          0        136   rand.o
         0          0          0          4          0          0   stdout.o

    ----------------------------------------------------------------------
     64516       2340       9200        456      14424     501260   Library Totals
         6          0          0          3         33          0   (incl. Padding)

    ----------------------------------------------------------------------

      Code (inc. data)   RO Data    RW Data    ZI Data      Debug   Library Name

     49450       1976       9200        361      13120     423849   ARM_UPDATE_A2.lib
     14542        310          0         76       1271      76719   SDFAT.lib
       518         54          0         16          0        692   mc_w.l

    ----------------------------------------------------------------------
     64516       2340       9200        456      14424     501260   Library Totals

    ----------------------------------------------------------------------

==============================================================================


      Code (inc. data)   RO Data    RW Data    ZI Data      Debug   

     80756       3206       9536        824      28064    1119845   Grand Totals
     80756       3206       9536        220      28064    1119845   ELF Image Totals (compressed)
     80756       3206       9536        220          0          0   ROM Totals

==============================================================================

    Total RO  Size (Code + RO Data)                90292 (  88.18kB)
    Total RW  Size (RW Data + ZI Data)             28888 (  28.21kB)
    Total ROM Size (Code + RO Data + RW Data)      90512 (  88.39kB)

==============================================================================

