Component: ARM Compiler 5.06 update 1 (build 61) Tool: armlink [4d35a8]

==============================================================================

Section Cross References

    fsmc_sram.o(.text) refers to stm32f10x_fsmc.o(.text) for FSMC_NORSRAMInit
    main.o(.text) refers to config_hard.o(.text) for DelayMs
    main.o(.text) refers to lcd1602.o(.text) for BEEP_BIBI
    main.o(.text) refers to delay.o(.text) for delay_ms
    main.o(.text) refers to ra8876.o(.text) for Select_PIP2_Window_24bpp
    main.o(.text) refers to lcd.o(.text) for PIP_Set_DisplayWindow_A
    main.o(.text) refers to disp.o(.text) for Disp_BMP
    main.o(.text) refers to stm32f10x_gpio.o(.text) for GPIO_EXTILineConfig
    main.o(.text) refers to stm32f10x_exti.o(.text) for EXTI_Init
    main.o(.text) refers to misc.o(.text) for NVIC_Init
    main.o(.text) refers to stm32f10x_rcc.o(.text) for RCC_APB2PeriphClockCmd
    main.o(.text) refers to main.o(.data) for HorA
    main.o(.text) refers to config_hard.o(.data) for PIC_SET_CACHE
    main.o(.text) refers to disp.o(.data) for image_count
    main.o(.text) refers to system_stm32f10x.o(.text) for SystemInit
    main.o(.text) refers to spi_flash.o(.text) for SPI_Peripheral_Init
    main.o(.text) refers to usart.o(.text) for USART_Configuration
    main.o(.text) refers to iic_current.o(.text) for T226_intion
    main.o(.text) refers to sdcard.o(.text) for SD_Init
    main.o(.text) refers to fat.o(.text) for FAT_Init
    main.o(.text) refers to printf1.o(i.__0printf$1) for __2printf
    main.o(.text) refers to fsmc_sram.o(.text) for FSMC_LCD_Init_H
    main.o(.text) refers to main.o(.bss) for SDCardInfo
    main.o(.text) refers to config_hard.o(.bss) for TIMING_SET
    main.o(.text) refers to stm32f10x_tim.o(.text) for TIM_DeInit
    stm32f10x_it.o(.text) refers to main.o(.text) for EXTI13_IRQHandler
    stm32f10x_it.o(.text) refers to sdcard.o(.text) for SD_ProcessIRQSrc
    delay.o(.text) refers to delay.o(.data) for fac_us
    spi_flash.o(.text) refers to stm32f10x_rcc.o(.text) for RCC_APB2PeriphClockCmd
    spi_flash.o(.text) refers to stm32f10x_gpio.o(.text) for GPIO_Init
    spi_flash.o(.text) refers to stm32f10x_spi.o(.text) for SPI_Init
    spi_flash.o(.text) refers to delay.o(.text) for delay_ms
    spi_flash.o(.text) refers to stm32f10x_usart.o(.text) for USART_SendData
    spi_flash.o(.text) refers to spi_flash.o(.bss) for Flash_Data_Buff
    spi_flash.o(.text) refers to spi_flash.o(.data) for mem_buffer1
    usart.o(.text) refers to stm32f10x_gpio.o(.text) for GPIO_Init
    usart.o(.text) refers to stm32f10x_usart.o(.text) for USART_Init
    ra8876_demo.o(.text) refers to ra8876.o(.text) for Select_Main_Window_16bpp
    ra8876_demo.o(.text) refers to lcd.o(.text) for LCD_Clear
    ra8876_demo.o(.text) refers to delay.o(.text) for delay_seconds
    ra8876_demo.o(.text) refers to rand.o(.text) for rand
    ra8876_demo.o(.text) refers to printf1.o(i.__0printf$1) for __2printf
    ra8876_demo.o(.text) refers to ra8876_demo.o(.constdata) for gImage_pen_il
    ra8876_demo.o(.text) refers to ra8876_demo.o(.conststring) for .conststring
    config_hard.o(.text) refers to lcd1602.o(.text) for LCD1602_display_Line_A
    config_hard.o(.text) refers to delay.o(.text) for delay_ms
    config_hard.o(.text) refers to spi_flash.o(.text) for W25Qxx_Flash_WriteData
    config_hard.o(.text) refers to memcpya.o(.text) for __aeabi_memcpy
    config_hard.o(.text) refers to stm32f10x_rcc.o(.text) for RCC_APB2PeriphClockCmd
    config_hard.o(.text) refers to stm32f10x_gpio.o(.text) for GPIO_PinRemapConfig
    config_hard.o(.text) refers to config_hard.o(.data) for LCM_TYPE
    config_hard.o(.text) refers to spi_flash.o(.bss) for mem_buffer
    config_hard.o(.text) refers to config_hard.o(.bss) for TIMING_SET
    config_hard.o(.text) refers to stm32f10x_usart.o(.text) for USART_SendData
    config_hard.o(.text) refers to printfa.o(i.__0vsprintf) for __c89vsprintf
    disp.o(.text) refers to fat.o(.text) for Search_man
    disp.o(.text) refers to malloc.o(i.malloc) for malloc
    disp.o(.text) refers to lcd.o(.text) for LCD_DrawPoint
    disp.o(.text) refers to malloc.o(i.free) for free
    disp.o(.text) refers to disp.o(.data) for image_all
    disp.o(.text) refers to disp.o(.bss) for BMPInfo
    disp.o(.text) refers to fat.o(.data) for SectorsPerClust
    lcd1602.o(.text) refers to stm32f10x_rcc.o(.text) for RCC_APB2PeriphClockCmd
    lcd1602.o(.text) refers to stm32f10x_gpio.o(.text) for GPIO_Init
    lcd1602.o(.text) refers to config_hard.o(.text) for DelayMs
    gt9271.o(.text) refers to delay.o(.text) for delay_us
    gt9271.o(.text) refers to stm32f10x_rcc.o(.text) for RCC_APB2PeriphClockCmd
    gt9271.o(.text) refers to stm32f10x_gpio.o(.text) for GPIO_PinRemapConfig
    gt9271.o(.text) refers to memcpya.o(.text) for __aeabi_memcpy4
    gt9271.o(.text) refers to gt9271.o(.constdata) for .constdata
    gt9271.o(.text) refers to gt9271.o(.bss) for pucData_A
[...]
    TIM_ForcedOC1Config                      0x08007981   Thumb Code    18  stm32f10x_tim.o(.text)
    TIM_ForcedOC2Config                      0x08007993   Thumb Code    26  stm32f10x_tim.o(.text)
    TIM_ForcedOC3Config                      0x080079ad   Thumb Code    18  stm32f10x_tim.o(.text)
    TIM_ForcedOC4Config                      0x080079bf   Thumb Code    26  stm32f10x_tim.o(.text)
    TIM_ARRPreloadConfig                     0x080079d9   Thumb Code    24  stm32f10x_tim.o(.text)
    TIM_SelectCOM                            0x080079f1   Thumb Code    24  stm32f10x_tim.o(.text)
    TIM_SelectCCDMA                          0x08007a09   Thumb Code    24  stm32f10x_tim.o(.text)
    TIM_CCPreloadControl                     0x08007a21   Thumb Code    24  stm32f10x_tim.o(.text)
    TIM_OC1PreloadConfig                     0x08007a39   Thumb Code    18  stm32f10x_tim.o(.text)
    TIM_OC2PreloadConfig                     0x08007a4b   Thumb Code    26  stm32f10x_tim.o(.text)
    TIM_OC3PreloadConfig                     0x08007a65   Thumb Code    18  stm32f10x_tim.o(.text)
    TIM_OC4PreloadConfig                     0x08007a77   Thumb Code    26  stm32f10x_tim.o(.text)
    TIM_OC1FastConfig                        0x08007a91   Thumb Code    18  stm32f10x_tim.o(.text)
    TIM_OC2FastConfig                        0x08007aa3   Thumb Code    26  stm32f10x_tim.o(.text)
    TIM_OC3FastConfig                        0x08007abd   Thumb Code    18  stm32f10x_tim.o(.text)
    TIM_OC4FastConfig                        0x08007acf   Thumb Code    26  stm32f10x_tim.o(.text)
    TIM_ClearOC1Ref                          0x08007ae9   Thumb Code    18  stm32f10x_tim.o(.text)
    TIM_ClearOC2Ref                          0x08007afb   Thumb Code    24  stm32f10x_tim.o(.text)
    TIM_ClearOC3Ref                          0x08007b13   Thumb Code    18  stm32f10x_tim.o(.text)
    TIM_ClearOC4Ref                          0x08007b25   Thumb Code    24  stm32f10x_tim.o(.text)
    TIM_OC1PolarityConfig                    0x08007b3d   Thumb Code    18  stm32f10x_tim.o(.text)
    TIM_OC1NPolarityConfig                   0x08007b4f   Thumb Code    18  stm32f10x_tim.o(.text)
    TIM_OC2PolarityConfig                    0x08007b61   Thumb Code    26  stm32f10x_tim.o(.text)
    TIM_OC2NPolarityConfig                   0x08007b7b   Thumb Code    26  stm32f10x_tim.o(.text)
    TIM_OC3PolarityConfig                    0x08007b95   Thumb Code    26  stm32f10x_tim.o(.text)
    TIM_OC3NPolarityConfig                   0x08007baf   Thumb Code    26  stm32f10x_tim.o(.text)
    TIM_OC4PolarityConfig                    0x08007bc9   Thumb Code    26  stm32f10x_tim.o(.text)
    TIM_CCxCmd                               0x08007be3   Thumb Code    26  stm32f10x_tim.o(.text)
    TIM_CCxNCmd                              0x08007bfd   Thumb Code    26  stm32f10x_tim.o(.text)
    TIM_SelectOCxM                           0x08007c17   Thumb Code   134  stm32f10x_tim.o(.text)
    TIM_UpdateDisableConfig                  0x08007c9d   Thumb Code    24  stm32f10x_tim.o(.text)
    TIM_UpdateRequestConfig                  0x08007cb5   Thumb Code    24  stm32f10x_tim.o(.text)
    TIM_SelectHallSensor                     0x08007ccd   Thumb Code    24  stm32f10x_tim.o(.text)
    TIM_SelectOnePulseMode                   0x08007ce5   Thumb Code    18  stm32f10x_tim.o(.text)
    TIM_SelectOutputTrigger                  0x08007cf7   Thumb Code    18  stm32f10x_tim.o(.text)
    TIM_SelectSlaveMode                      0x08007d09   Thumb Code    18  stm32f10x_tim.o(.text)
    TIM_SelectMasterSlaveMode                0x08007d1b   Thumb Code    18  stm32f10x_tim.o(.text)
    TIM_SetCounter                           0x08007d2d   Thumb Code     4  stm32f10x_tim.o(.text)
    TIM_SetAutoreload                        0x08007d31   Thumb Code     4  stm32f10x_tim.o(.text)
    TIM_SetCompare1                          0x08007d35   Thumb Code     4  stm32f10x_tim.o(.text)
    TIM_SetCompare2                          0x08007d39   Thumb Code     4  stm32f10x_tim.o(.text)
    TIM_SetCompare3                          0x08007d3d   Thumb Code     4  stm32f10x_tim.o(.text)
    TIM_SetCompare4                          0x08007d41   Thumb Code     6  stm32f10x_tim.o(.text)
    TIM_SetClockDivision                     0x08007d47   Thumb Code    14  stm32f10x_tim.o(.text)
    TIM_GetCapture1                          0x08007d55   Thumb Code     6  stm32f10x_tim.o(.text)
    TIM_GetCapture2                          0x08007d5b   Thumb Code     6  stm32f10x_tim.o(.text)
    TIM_GetCapture3                          0x08007d61   Thumb Code     6  stm32f10x_tim.o(.text)
    TIM_GetCapture4                          0x08007d67   Thumb Code     8  stm32f10x_tim.o(.text)
    TIM_GetCounter                           0x08007d6f   Thumb Code     6  stm32f10x_tim.o(.text)
    TIM_GetPrescaler                         0x08007d75   Thumb Code     6  stm32f10x_tim.o(.text)
    TIM_GetFlagStatus                        0x08007d7b   Thumb Code    18  stm32f10x_tim.o(.text)
    TIM_ClearFlag                            0x08007d8d   Thumb Code     6  stm32f10x_tim.o(.text)
    TIM_GetITStatus                          0x08007d93   Thumb Code    34  stm32f10x_tim.o(.text)
    TIM_ClearITPendingBit                    0x08007db5   Thumb Code     6  stm32f10x_tim.o(.text)
    SystemInit_ExtMemCtl                     0x08007dbd   Thumb Code     2  startup_stm32f10x_hd.o(.text)
    Reset_Handler                            0x08007dbf   Thumb Code    14  startup_stm32f10x_hd.o(.text)
    ADC1_2_IRQHandler                        0x08007ddf   Thumb Code     0  startup_stm32f10x_hd.o(.text)
    ADC3_IRQHandler                          0x08007ddf   Thumb Code     0  startup_stm32f10x_hd.o(.text)
    CAN1_RX1_IRQHandler                      0x08007ddf   Thumb Code     0  startup_stm32f10x_hd.o(.text)
    CAN1_SCE_IRQHandler                      0x08007ddf   Thumb Code     0  startup_stm32f10x_hd.o(.text)
    DMA1_Channel1_IRQHandler                 0x08007ddf   Thumb Code     0  startup_stm32f10x_hd.o(.text)
    DMA1_Channel2_IRQHandler                 0x08007ddf   Thumb Code     0  startup_stm32f10x_hd.o(.text)
    DMA1_Channel3_IRQHandler                 0x08007ddf   Thumb Code     0  startup_stm32f10x_hd.o(.text)
    DMA1_Channel4_IRQHandler                 0x08007ddf   Thumb Code     0  startup_stm32f10x_hd.o(.text)
    DMA1_Channel5_IRQHandler                 0x08007ddf   Thumb Code     0  startup_stm32f10x_hd.o(.text)
    DMA1_Channel6_IRQHandler                 0x08007ddf   Thumb Code     0  startup_stm32f10x_hd.o(.text)
    DMA1_Channel7_IRQHandler                 0x08007ddf   Thumb Code     0  startup_stm32f10x_hd.o(.text)
    DMA2_Channel1_IRQHandler                 0x08007ddf   Thumb Code     0  startup_stm32f10x_hd.o(.text)
    DMA2_Channel2_IRQHandler                 0x08007ddf   Thumb Code     0  startup_stm32f10x_hd.o(.text)
    DMA2_Channel3_IRQHandler                 0x08007ddf   Thumb Code     0  startup_stm32f10x_hd.o(.text)
    DMA2_Channel4_5_IRQHandler               0x08007ddf   Thumb Code     0  startup_stm32f10x_hd.o(.text)
    EXTI0_IRQHandler                         0x08007ddf   Thumb Code     0  startup_stm32f10x_hd.o(.text)
    EXTI1_IRQHandler                         0x08007ddf   Thumb Code     0  startup_stm32f10x_hd.o(.text)
    EXTI2_IRQHandler                         0x08007ddf   Thumb Code     0  startup_stm32f10x_hd.o(.text)
    EXTI3_IRQHandler                         0x08007ddf   Thumb Code     0  startup_stm32f10x_hd.o(.text)
    EXTI4_IRQHandler                         0x08007ddf   Thumb Code     0  startup_stm32f10x_hd.o(.text)
    EXTI9_5_IRQHandler                       0x08007ddf   Thumb Code     0  startup_stm32f10x_hd.o(.text)
    FLASH_IRQHandler                         0x08007ddf   Thumb Code     0  startup_stm32f10x_hd.o(.text)
    FSMC_IRQHandler                          0x08007ddf   Thumb Code     0  startup_stm32f10x_hd.o(.text)
    I2C1_ER_IRQHandler                       0x08007ddf   Thumb Code     0  startup_stm32f10x_hd.o(.text)
    I2C1_EV_IRQHandler                       0x08007ddf   Thumb Code     0  startup_stm32f10x_hd.o(.text)
    I2C2_ER_IRQHandler                       0x08007ddf   Thumb Code     0  startup_stm32f10x_hd.o(.text)
    I2C2_EV_IRQHandler                       0x08007ddf   Thumb Code     0  startup_stm32f10x_hd.o(.text)
    PVD_IRQHandler                           0x08007ddf   Thumb Code     0  startup_stm32f10x_hd.o(.text)
    RCC_IRQHandler                           0x08007ddf   Thumb Code     0  startup_stm32f10x_hd.o(.text)
    RTCAlarm_IRQHandler                      0x08007ddf   Thumb Code     0  startup_stm32f10x_hd.o(.text)
    RTC_IRQHandler                           0x08007ddf   Thumb Code     0  startup_stm32f10x_hd.o(.text)
    SPI1_IRQHandler                          0x08007ddf   Thumb Code     0  startup_stm32f10x_hd.o(.text)
    SPI2_IRQHandler                          0x08007ddf   Thumb Code     0  startup_stm32f10x_hd.o(.text)
    SPI3_IRQHandler                          0x08007ddf   Thumb Code     0  startup_stm32f10x_hd.o(.text)
    TAMPER_IRQHandler                        0x08007ddf   Thumb Code     0  startup_stm32f10x_hd.o(.text)
    TIM1_BRK_IRQHandler                      0x08007ddf   Thumb Code     0  startup_stm32f10x_hd.o(.text)
    TIM1_CC_IRQHandler                       0x08007ddf   Thumb Code     0  startup_stm32f10x_hd.o(.text)
    TIM1_TRG_COM_IRQHandler                  0x08007ddf   Thumb Code     0  startup_stm32f10x_hd.o(.text)
    TIM1_UP_IRQHandler                       0x08007ddf   Thumb Code     0  startup_stm32f10x_hd.o(.text)
    TIM2_IRQHandler                          0x08007ddf   Thumb Code     0  startup_stm32f10x_hd.o(.text)
    TIM3_IRQHandler                          0x08007ddf   Thumb Code     0  startup_stm32f10x_hd.o(.text)
    TIM4_IRQHandler                          0x08007ddf   Thumb Code     0  startup_stm32f10x_hd.o(.text)
    TIM5_IRQHandler                          0x08007ddf   Thumb Code     0  startup_stm32f10x_hd.o(.text)
    TIM6_IRQHandler                          0x08007ddf   Thumb Code     0  startup_stm32f10x_hd.o(.text)
    TIM7_IRQHandler                          0x08007ddf   Thumb Code     0  startup_stm32f10x_hd.o(.text)
    TIM8_BRK_IRQHandler                      0x08007ddf   Thumb Code     0  startup_stm32f10x_hd.o(.text)
    TIM8_CC_IRQHandler                       0x08007ddf   Thumb Code     0  startup_stm32f10x_hd.o(.text)
    TIM8_TRG_COM_IRQHandler                  0x08007ddf   Thumb Code     0  startup_stm32f10x_hd.o(.text)
    TIM8_UP_IRQHandler                       0x08007ddf   Thumb Code     0  startup_stm32f10x_hd.o(.text)
    UART4_IRQHandler                         0x08007ddf   Thumb Code     0  startup_stm32f10x_hd.o(.text)
    UART5_IRQHandler                         0x08007ddf   Thumb Code     0  startup_stm32f10x_hd.o(.text)
    USART1_IRQHandler                        0x08007ddf   Thumb Code     0  startup_stm32f10x_hd.o(.text)
    USART2_IRQHandler                        0x08007ddf   Thumb Code     0  startup_stm32f10x_hd.o(.text)
    USART3_IRQHandler                        0x08007ddf   Thumb Code     0  startup_stm32f10x_hd.o(.text)
    USBWakeUp_IRQHandler                     0x08007ddf   Thumb Code     0  startup_stm32f10x_hd.o(.text)
    USB_HP_CAN1_TX_IRQHandler                0x08007ddf   Thumb Code     0  startup_stm32f10x_hd.o(.text)
    USB_LP_CAN1_RX0_IRQHandler               0x08007ddf   Thumb Code     0  startup_stm32f10x_hd.o(.text)
    WWDG_IRQHandler                          0x08007ddf   Thumb Code     0  startup_stm32f10x_hd.o(.text)
    LCD_RegisterWrite                        0x08007ded   Thumb Code    12  ra8876.o(.text)
    LCD_RegisterRead                         0x08007df9   Thumb Code    16  ra8876.o(.text)
    Select_Main_Window_24bpp                 0x08007e09   Thumb Code    24  ra8876.o(.text)
    Memory_XY_Mode                           0x08007e21   Thumb Code    24  ra8876.o(.text)
    Memory_24bpp_Mode                        0x08007e39   Thumb Code    28  ra8876.o(.text)
    Active_Window_WH                         0x08007e55   Thumb Code    40  ra8876.o(.text)
    Active_Window_XY                         0x08007e7d   Thumb Code    40  ra8876.o(.text)
    Canvas_image_width                       0x08007ea5   Thumb Code    22  ra8876.o(.text)
    Canvas_Image_Start_address               0x08007ebb   Thumb Code    42  ra8876.o(.text)
    Main_Window_Start_XY                     0x08007ee5   Thumb Code    40  ra8876.o(.text)
    Main_Image_Width                         0x08007f0d   Thumb Code    22  ra8876.o(.text)
    Main_Image_Start_Address                 0x08007f23   Thumb Code    42  ra8876.o(.text)
    LCD_VSYNC_Pulse_Width                    0x08007f4d   Thumb Code    18  ra8876.o(.text)
    LCD_VSYNC_Start_Position                 0x08007f5f   Thumb Code    18  ra8876.o(.text)
    LCD_Vertical_Non_Display                 0x08007f71   Thumb Code    30  ra8876.o(.text)
    LCD_HSYNC_Pulse_Width                    0x08007f8f   Thumb Code    48  ra8876.o(.text)
    LCD_HSYNC_Start_Position                 0x08007fbf   Thumb Code    44  ra8876.o(.text)
    LCD_Horizontal_Non_Display               0x08007feb   Thumb Code    84  ra8876.o(.text)
    LCD_HorizontalWidth_VerticalHeight       0x0800803f   Thumb Code   144  ra8876.o(.text)
    DE_High_Active                           0x080080cf   Thumb Code    22  ra8876.o(.text)
    VSYNC_Low_Active                         0x080080e5   Thumb Code    22  ra8876.o(.text)
    HSYNC_Low_Active                         0x080080fb   Thumb Code    22  ra8876.o(.text)
    PDATA_Set_RGB                            0x08008111   Thumb Code    24  ra8876.o(.text)
    VSCAN_T_to_B                             0x08008129   Thumb Code    24  ra8876.o(.text)
    HSCAN_L_to_R                             0x08008141   Thumb Code    24  ra8876.o(.text)
    PCLK_Rising                              0x08008159   Thumb Code    24  ra8876.o(.text)
    Memory_Select_SDRAM                      0x08008171   Thumb Code    26  ra8876.o(.text)
    Graphic_Mode                             0x0800818b   Thumb Code    22  ra8876.o(.text)
    MemWrite_Left_Right_Top_Down             0x080081a1   Thumb Code    28  ra8876.o(.text)
    RGB_16b_16bpp                            0x080081bd   Thumb Code    32  ra8876.o(.text)
    Host_Bus_16bit                           0x080081dd   Thumb Code    24  ra8876.o(.text)
    TFT_24bit                                0x080081f5   Thumb Code    28  ra8876.o(.text)
    Check_SDRAM_Ready                        0x08008211   Thumb Code    20  ra8876.o(.text)
    RA8876_SDRAM_initail                     0x08008225   Thumb Code    62  ra8876.o(.text)
    RA8876_PLL_Initial                       0x08008263   Thumb Code   340  ra8876.o(.text)
    RA8876_initial                           0x080083b7   Thumb Code   228  ra8876.o(.text)
    Check_Mem_WR_FIFO_not_Full               0x0800849b   Thumb Code    18  ra8876.o(.text)
    Check_Mem_WR_FIFO_Empty                  0x080084ad   Thumb Code    18  ra8876.o(.text)
    Check_Mem_RD_FIFO_not_Full               0x080084bf   Thumb Code    18  ra8876.o(.text)
    Check_Mem_RD_FIFO_not_Empty              0x080084d1   Thumb Code    18  ra8876.o(.text)
    Check_2D_Busy                            0x080084e3   Thumb Code    18  ra8876.o(.text)
    Power_Saving_Status                      0x080084f5   Thumb Code    22  ra8876.o(.text)
    Check_Power_is_Normal                    0x0800850b   Thumb Code    18  ra8876.o(.text)
    Check_Power_is_Saving                    0x0800851d   Thumb Code    18  ra8876.o(.text)
    Check_NO_Interrupt                       0x0800852f   Thumb Code    18  ra8876.o(.text)
    Check_Interrupt_Occur                    0x08008541   Thumb Code    18  ra8876.o(.text)
    Check_Busy_Draw                          0x08008553   Thumb Code    20  ra8876.o(.text)
    RA8876_SW_Reset                          0x08008567   Thumb Code    40  ra8876.o(.text)
    Enable_PLL                               0x0800858f   Thumb Code    32  ra8876.o(.text)
    RA8876_Sleep                             0x080085af   Thumb Code    42  ra8876.o(.text)
    RA8876_WakeUp                            0x080085d9   Thumb Code    24  ra8876.o(.text)
    Key_Scan_Enable                          0x080085f1   Thumb Code    24  ra8876.o(.text)
    Key_Scan_Disable                         0x08008609   Thumb Code    24  ra8876.o(.text)
    TFT_18bit                                0x08008621   Thumb Code    28  ra8876.o(.text)
    TFT_16bit                                0x0800863d   Thumb Code    28  ra8876.o(.text)
    TFT_LVDS                                 0x08008659   Thumb Code    28  ra8876.o(.text)
    RA8876_I2CM_Enable                       0x08008675   Thumb Code    24  ra8876.o(.text)
    RA8876_I2CM_Disable                      0x0800868d   Thumb Code    24  ra8876.o(.text)
    Enable_SFlash_SPI                        0x080086a5   Thumb Code    24  ra8876.o(.text)
    Disable_SFlash_SPI                       0x080086bd   Thumb Code    24  ra8876.o(.text)
    Host_Bus_8bit                            0x080086d5   Thumb Code    24  ra8876.o(.text)
    RGB_8b_8bpp                              0x080086ed   Thumb Code    28  ra8876.o(.text)
    RGB_8b_16bpp                             0x08008709   Thumb Code    28  ra8876.o(.text)
    RGB_8b_24bpp                             0x08008725   Thumb Code    28  ra8876.o(.text)
    RGB_16b_8bpp                             0x08008741   Thumb Code    28  ra8876.o(.text)
    RGB_16b_24bpp_mode1                      0x0800875d   Thumb Code    28  ra8876.o(.text)
    RGB_16b_24bpp_mode2                      0x08008779   Thumb Code    28  ra8876.o(.text)
    MemRead_Left_Right_Top_Down              0x08008795   Thumb Code    28  ra8876.o(.text)
    MemRead_Right_Left_Top_Down              0x080087b1   Thumb Code    28  ra8876.o(.text)
    MemRead_Top_Down_Left_Right              0x080087cd   Thumb Code    28  ra8876.o(.text)
    MemRead_Down_Top_Left_Right              0x080087e9   Thumb Code    28  ra8876.o(.text)
    MemWrite_Right_Left_Top_Down             0x08008805   Thumb Code    28  ra8876.o(.text)
    MemWrite_Top_Down_Left_Right             0x08008821   Thumb Code    28  ra8876.o(.text)
    MemWrite_Down_Top_Left_Right             0x0800883d   Thumb Code    28  ra8876.o(.text)
    Interrupt_Active_Low                     0x08008859   Thumb Code    22  ra8876.o(.text)
    Interrupt_Active_High                    0x0800886f   Thumb Code    22  ra8876.o(.text)
    ExtInterrupt_Debounce                    0x08008885   Thumb Code    22  ra8876.o(.text)
    ExtInterrupt_Nodebounce                  0x0800889b   Thumb Code    22  ra8876.o(.text)
    ExtInterrupt_Input_Low_Level_Trigger     0x080088b1   Thumb Code    26  ra8876.o(.text)
    ExtInterrupt_Input_High_Level_Trigger    0x080088cb   Thumb Code    26  ra8876.o(.text)
    ExtInterrupt_Input_Falling_Edge_Trigger  0x080088e5   Thumb Code    26  ra8876.o(.text)
    ExtInterrupt_Input_Rising_Edge_Trigger   0x080088ff   Thumb Code    26  ra8876.o(.text)
    LVDS_Format1                             0x08008919   Thumb Code    22  ra8876.o(.text)
    LVDS_Format2                             0x0800892f   Thumb Code    22  ra8876.o(.text)
    Text_Mode                                0x08008945   Thumb Code    22  ra8876.o(.text)
    Memory_Select_Graphic_Cursor_RAM         0x0800895b   Thumb Code    26  ra8876.o(.text)
    Memory_Select_Color_Palette_RAM          0x08008975   Thumb Code    26  ra8876.o(.text)
    Enable_Resume_Interrupt                  0x0800898f   Thumb Code    22  ra8876.o(.text)
    Disable_Resume_Interrupt                 0x080089a5   Thumb Code    22  ra8876.o(.text)
    Enable_ExtInterrupt_Input                0x080089bb   Thumb Code    26  ra8876.o(.text)
    Disable_ExtInterrupt_Input               0x080089d5   Thumb Code    22  ra8876.o(.text)
    Enable_I2CM_Interrupt                    0x080089eb   Thumb Code    22  ra8876.o(.text)
    Disable_I2CM_Interrupt                   0x08008a01   Thumb Code    22  ra8876.o(.text)
    Enable_Vsync_Interrupt                   0x08008a17   Thumb Code    22  ra8876.o(.text)
    Disable_Vsync_Interrupt                  0x08008a2d   Thumb Code    22  ra8876.o(.text)
    Enable_KeyScan_Interrupt                 0x08008a43   Thumb Code    22  ra8876.o(.text)
    Disable_KeyScan_Interrupt                0x08008a59   Thumb Code    22  ra8876.o(.text)
    Enable_DMA_Draw_BTE_Interrupt            0x08008a6f   Thumb Code    22  ra8876.o(.text)
    Disable_DMA_Draw_BTE_Interrupt           0x08008a85   Thumb Code    22  ra8876.o(.text)
    Enable_PWM1_Interrupt                    0x08008a9b   Thumb Code    22  ra8876.o(.text)
    Disable_PWM1_Interrupt                   0x08008ab1   Thumb Code    22  ra8876.o(.text)
    Enable_PWM0_Interrupt                    0x08008ac7   Thumb Code    22  ra8876.o(.text)
    Disable_PWM0_Interrupt                   0x08008add   Thumb Code    22  ra8876.o(.text)
    Read_Interrupt_status                    0x08008af3   Thumb Code    14  ra8876.o(.text)
    Clear_Resume_Interrupt_Flag              0x08008b01   Thumb Code    22  ra8876.o(.text)
    Clear_ExtInterrupt_Input_Flag            0x08008b17   Thumb Code    22  ra8876.o(.text)
    Clear_I2CM_Interrupt_Flag                0x08008b2d   Thumb Code    22  ra8876.o(.text)
    Clear_Vsync_Interrupt_Flag               0x08008b43   Thumb Code    22  ra8876.o(.text)
    Clear_KeyScan_Interrupt_Flag             0x08008b59   Thumb Code    22  ra8876.o(.text)
    Clear_DMA_Draw_BTE_Interrupt_Flag        0x08008b6f   Thumb Code    22  ra8876.o(.text)
    Clear_PWM1_Interrupt_Flag                0x08008b85   Thumb Code    22  ra8876.o(.text)
    Clear_PWM0_Interrupt_Flag                0x08008b9b   Thumb Code    22  ra8876.o(.text)
    Mask_Resume_Interrupt_Flag               0x08008bb1   Thumb Code    24  ra8876.o(.text)
    Mask_ExtInterrupt_Input_Flag             0x08008bc9   Thumb Code    24  ra8876.o(.text)
    Mask_I2CM_Interrupt_Flag                 0x08008be1   Thumb Code    24  ra8876.o(.text)
    Mask_Vsync_Interrupt_Flag                0x08008bf9   Thumb Code    24  ra8876.o(.text)
    Mask_KeyScan_Interrupt_Flag              0x08008c11   Thumb Code    24  ra8876.o(.text)
    Mask_DMA_Draw_BTE_Interrupt_Flag         0x08008c29   Thumb Code    24  ra8876.o(.text)
    Mask_PWM1_Interrupt_Flag                 0x08008c41   Thumb Code    24  ra8876.o(.text)
    Mask_PWM0_Interrupt_Flag                 0x08008c59   Thumb Code    24  ra8876.o(.text)
    Enable_Resume_Interrupt_Flag             0x08008c71   Thumb Code    24  ra8876.o(.text)
    Enable_ExtInterrupt_Inpur_Flag           0x08008c89   Thumb Code    24  ra8876.o(.text)
    Enable_I2CM_Interrupt_Flag               0x08008ca1   Thumb Code    24  ra8876.o(.text)
    Enable_Vsync_Interrupt_Flag              0x08008cb9   Thumb Code    24  ra8876.o(.text)
    Enable_KeyScan_Interrupt_Flag            0x08008cd1   Thumb Code    24  ra8876.o(.text)
    Enable_DMA_Draw_BTE_Interrupt_Flag       0x08008ce9   Thumb Code    24  ra8876.o(.text)
    Enable_PWM1_Interrupt_Flag               0x08008d01   Thumb Code    24  ra8876.o(.text)
    Enable_PWM0_Interrupt_Flag               0x08008d19   Thumb Code    24  ra8876.o(.text)
    Enable_GPIOF_PullUp                      0x08008d31   Thumb Code    24  ra8876.o(.text)
    Enable_GPIOE_PullUp                      0x08008d49   Thumb Code    24  ra8876.o(.text)
    Enable_GPIOD_PullUp                      0x08008d61   Thumb Code    24  ra8876.o(.text)
    Enable_GPIOC_PullUp                      0x08008d79   Thumb Code    24  ra8876.o(.text)
    Enable_XDB15_8_PullUp                    0x08008d91   Thumb Code    24  ra8876.o(.text)
    Enable_XDB7_0_PullUp                     0x08008da9   Thumb Code    28  ra8876.o(.text)
    Disable_GPIOF_PullUp                     0x08008dc5   Thumb Code    24  ra8876.o(.text)
    Disable_GPIOE_PullUp                     0x08008ddd   Thumb Code    24  ra8876.o(.text)
    Disable_GPIOD_PullUp                     0x08008df5   Thumb Code    24  ra8876.o(.text)
    Disable_GPIOC_PullUp                     0x08008e0d   Thumb Code    24  ra8876.o(.text)
    Disable_XDB15_8_PullUp                   0x08008e25   Thumb Code    24  ra8876.o(.text)
    Disable_XDB7_0_PullUp                    0x08008e3d   Thumb Code    24  ra8876.o(.text)
    XPDAT18_Set_GPIO_D7                      0x08008e55   Thumb Code    24  ra8876.o(.text)
    XPDAT18_Set_KOUT4                        0x08008e6d   Thumb Code    24  ra8876.o(.text)
    XPDAT17_Set_GPIO_D5                      0x08008e85   Thumb Code    24  ra8876.o(.text)
    XPDAT17_Set_KOUT2                        0x08008e9d   Thumb Code    24  ra8876.o(.text)
    XPDAT16_Set_GPIO_D4                      0x08008eb5   Thumb Code    24  ra8876.o(.text)
    XPDAT16_Set_KOUT1                        0x08008ecd   Thumb Code    24  ra8876.o(.text)
    XPDAT9_Set_GPIO_D3                       0x08008ee5   Thumb Code    24  ra8876.o(.text)
    XPDAT9_Set_KOUT3                         0x08008efd   Thumb Code    24  ra8876.o(.text)
    XPDAT8_Set_GPIO_D2                       0x08008f15   Thumb Code    24  ra8876.o(.text)
    XPDAT8_Set_KIN3                          0x08008f2d   Thumb Code    24  ra8876.o(.text)
    XPDAT2_Set_GPIO_D6                       0x08008f45   Thumb Code    24  ra8876.o(.text)
    XPDAT2_Set_KIN4                          0x08008f5d   Thumb Code    24  ra8876.o(.text)
    XPDAT1_Set_GPIO_D1                       0x08008f75   Thumb Code    24  ra8876.o(.text)
    XPDAT1_Set_KIN2                          0x08008f8d   Thumb Code    24  ra8876.o(.text)
    XPDAT0_Set_GPIO_D0                       0x08008fa5   Thumb Code    24  ra8876.o(.text)
    XPDAT0_Set_KIN1                          0x08008fbd   Thumb Code    24  ra8876.o(.text)
    Enable_PIP1                              0x08008fd5   Thumb Code    24  ra8876.o(.text)
    Disable_PIP1                             0x08008fed   Thumb Code    24  ra8876.o(.text)
    Enable_PIP2                              0x08009005   Thumb Code    24  ra8876.o(.text)
    Disable_PIP2                             0x0800901d   Thumb Code    24  ra8876.o(.text)
    Select_PIP1_Parameter                    0x08009035   Thumb Code    24  ra8876.o(.text)
    Select_PIP2_Parameter                    0x0800904d   Thumb Code    24  ra8876.o(.text)
    Select_Main_Window_8bpp                  0x08009065   Thumb Code    28  ra8876.o(.text)
    Select_Main_Window_16bpp                 0x08009081   Thumb Code    28  ra8876.o(.text)
    Select_PIP2_Window_8bpp                  0x0800909d   Thumb Code    28  ra8876.o(.text)
    Select_PIP2_Window_16bpp                 0x080090b9   Thumb Code    28  ra8876.o(.text)
    Select_PIP2_Window_24bpp                 0x080090d5   Thumb Code    28  ra8876.o(.text)
    Select_PIP1_Window_8bpp                  0x080090f1   Thumb Code    28  ra8876.o(.text)
    Select_PIP1_Window_16bpp                 0x0800910d   Thumb Code    28  ra8876.o(.text)
    Select_PIP1_Window_24bpp                 0x08009129   Thumb Code    28  ra8876.o(.text)
    PCLK_Falling                             0x08009145   Thumb Code    24  ra8876.o(.text)
    Display_ON                               0x0800915d   Thumb Code    24  ra8876.o(.text)
    Display_OFF                              0x08009175   Thumb Code    24  ra8876.o(.text)
    Color_Bar_ON                             0x0800918d   Thumb Code    24  ra8876.o(.text)
    Color_Bar_OFF                            0x080091a5   Thumb Code    28  ra8876.o(.text)
    HSCAN_R_to_L                             0x080091c1   Thumb Code    24  ra8876.o(.text)
    VSCAN_B_to_T                             0x080091d9   Thumb Code    24  ra8876.o(.text)
    PDATA_Set_RBG                            0x080091f1   Thumb Code    28  ra8876.o(.text)
    PDATA_Set_GRB                            0x0800920d   Thumb Code    28  ra8876.o(.text)
    PDATA_Set_GBR                            0x08009229   Thumb Code    32  ra8876.o(.text)
    PDATA_Set_BRG                            0x08009249   Thumb Code    28  ra8876.o(.text)
    PDATA_Set_BGR                            0x08009265   Thumb Code    32  ra8876.o(.text)
    PDATA_IDLE_STATE                         0x08009285   Thumb Code    24  ra8876.o(.text)
    HSYNC_High_Active                        0x0800929d   Thumb Code    22  ra8876.o(.text)
    VSYNC_High_Active                        0x080092b3   Thumb Code    22  ra8876.o(.text)
    DE_Low_Active                            0x080092c9   Thumb Code    22  ra8876.o(.text)
    Idle_DE_Low                              0x080092df   Thumb Code    22  ra8876.o(.text)
    Idle_DE_High                             0x080092f5   Thumb Code    22  ra8876.o(.text)
    Idle_PCLK_Low                            0x0800930b   Thumb Code    22  ra8876.o(.text)
    Idle_PCLK_High                           0x08009321   Thumb Code    22  ra8876.o(.text)
    Idle_PDAT_Low                            0x08009337   Thumb Code    22  ra8876.o(.text)
    Idle_PDAT_High                           0x0800934d   Thumb Code    22  ra8876.o(.text)
    Idle_HSYNC_Low                           0x08009363   Thumb Code    22  ra8876.o(.text)
    Idle_HSYNC_High                          0x08009379   Thumb Code    22  ra8876.o(.text)
    Idle_VSYNC_Low                           0x0800938f   Thumb Code    22  ra8876.o(.text)
    Idle_VSYNC_High                          0x080093a5   Thumb Code    22  ra8876.o(.text)
    PIP_Display_Start_XY                     0x080093bb   Thumb Code    40  ra8876.o(.text)
    PIP_Image_Start_Address                  0x080093e3   Thumb Code    42  ra8876.o(.text)
    PIP_Image_Width                          0x0800940d   Thumb Code    22  ra8876.o(.text)
    PIP_Window_Image_Start_XY                0x08009423   Thumb Code    40  ra8876.o(.text)
    PIP_Window_Width_Height                  0x0800944b   Thumb Code    40  ra8876.o(.text)
    Enable_Graphic_Cursor                    0x08009473   Thumb Code    24  ra8876.o(.text)
    Disable_Graphic_Cursor                   0x0800948b   Thumb Code    24  ra8876.o(.text)
    Select_Graphic_Cursor_1                  0x080094a3   Thumb Code    28  ra8876.o(.text)
    Select_Graphic_Cursor_2                  0x080094bf   Thumb Code    28  ra8876.o(.text)
    Select_Graphic_Cursor_3                  0x080094db   Thumb Code    28  ra8876.o(.text)
    Select_Graphic_Cursor_4                  0x080094f7   Thumb Code    28  ra8876.o(.text)
    Enable_Text_Cursor                       0x08009513   Thumb Code    24  ra8876.o(.text)
    Disable_Text_Cursor                      0x0800952b   Thumb Code    24  ra8876.o(.text)
    Enable_Text_Cursor_Blinking              0x08009543   Thumb Code    24  ra8876.o(.text)
    Disable_Text_Cursor_Blinking             0x0800955b   Thumb Code    24  ra8876.o(.text)
    Blinking_Time_Frames                     0x08009573   Thumb Code    14  ra8876.o(.text)
    Text_Cursor_H_V                          0x08009581   Thumb Code    22  ra8876.o(.text)
    Graphic_Cursor_XY                        0x08009597   Thumb Code    46  ra8876.o(.text)
    Set_Graphic_Cursor_Color_1               0x080095c5   Thumb Code    14  ra8876.o(.text)
    Set_Graphic_Cursor_Color_2               0x080095d3   Thumb Code    14  ra8876.o(.text)
    Select_Write_Data_Position               0x080095e1   Thumb Code    24  ra8876.o(.text)
    Select_Read_Data_Position                0x080095f9   Thumb Code    24  ra8876.o(.text)
    Memory_Linear_Mode                       0x08009611   Thumb Code    24  ra8876.o(.text)
    Memory_8bpp_Mode                         0x08009629   Thumb Code    28  ra8876.o(.text)
    Memory_16bpp_Mode                        0x08009645   Thumb Code    28  ra8876.o(.text)
    Goto_Pixel_XY                            0x08009661   Thumb Code    40  ra8876.o(.text)
    Goto_Linear_Addr                         0x08009689   Thumb Code    42  ra8876.o(.text)
    Goto_Text_XY                             0x080096b3   Thumb Code    40  ra8876.o(.text)
    Start_Line                               0x080096db   Thumb Code    22  ra8876.o(.text)
    Start_Triangle                           0x080096f1   Thumb Code    22  ra8876.o(.text)
    Start_Triangle_Fill                      0x08009707   Thumb Code    22  ra8876.o(.text)
    Line_Start_XY                            0x0800971d   Thumb Code    46  ra8876.o(.text)
    Line_End_XY                              0x0800974b   Thumb Code    44  ra8876.o(.text)
    Triangle_Point1_XY                       0x08009777   Thumb Code    46  ra8876.o(.text)
    Triangle_Point2_XY                       0x080097a5   Thumb Code    44  ra8876.o(.text)
    Triangle_Point3_XY                       0x080097d1   Thumb Code    46  ra8876.o(.text)
    Square_Start_XY                          0x080097ff   Thumb Code    46  ra8876.o(.text)
    Square_End_XY                            0x0800982d   Thumb Code    44  ra8876.o(.text)
    Start_Circle_or_Ellipse                  0x08009859   Thumb Code    20  ra8876.o(.text)
    Start_Circle_or_Ellipse_Fill             0x0800986d   Thumb Code    20  ra8876.o(.text)
    Start_Left_Down_Curve                    0x08009881   Thumb Code    20  ra8876.o(.text)
    Start_Left_Up_Curve                      0x08009895   Thumb Code    20  ra8876.o(.text)
    Start_Right_Up_Curve                     0x080098a9   Thumb Code    20  ra8876.o(.text)
    Start_Right_Down_Curve                   0x080098bd   Thumb Code    20  ra8876.o(.text)
    Start_Left_Down_Curve_Fill               0x080098d1   Thumb Code    20  ra8876.o(.text)
    Start_Left_Up_Curve_Fill                 0x080098e5   Thumb Code    20  ra8876.o(.text)
    Start_Right_Up_Curve_Fill                0x080098f9   Thumb Code    20  ra8876.o(.text)
    Start_Right_Down_Curve_Fill              0x0800990d   Thumb Code    20  ra8876.o(.text)
    Start_Square                             0x08009921   Thumb Code    20  ra8876.o(.text)
    Start_Square_Fill                        0x08009935   Thumb Code    20  ra8876.o(.text)
    Start_Circle_Square                      0x08009949   Thumb Code    20  ra8876.o(.text)
    Start_Circle_Square_Fill                 0x0800995d   Thumb Code    20  ra8876.o(.text)
    Circle_Center_XY                         0x08009971   Thumb Code    44  ra8876.o(.text)
    Ellipse_Center_XY                        0x0800999d   Thumb Code    48  ra8876.o(.text)
    Circle_Radius_R                          0x080099cd   Thumb Code    46  ra8876.o(.text)
    Ellipse_Radius_RxRy                      0x080099fb   Thumb Code    46  ra8876.o(.text)
    Circle_Square_Radius_RxRy                0x08009a29   Thumb Code    46  ra8876.o(.text)
    Set_PWM_Prescaler_1_to_256               0x08009a57   Thumb Code    18  ra8876.o(.text)
    Select_PWM1_Clock_Divided_By_1           0x08009a69   Thumb Code    28  ra8876.o(.text)
    Select_PWM1_Clock_Divided_By_2           0x08009a85   Thumb Code    28  ra8876.o(.text)
    Select_PWM1_Clock_Divided_By_4           0x08009aa1   Thumb Code    28  ra8876.o(.text)
    Select_PWM1_Clock_Divided_By_8           0x08009abd   Thumb Code    28  ra8876.o(.text)
    Select_PWM0_Clock_Divided_By_1           0x08009ad9   Thumb Code    28  ra8876.o(.text)
    Select_PWM0_Clock_Divided_By_2           0x08009af5   Thumb Code    28  ra8876.o(.text)
    Select_PWM0_Clock_Divided_By_4           0x08009b11   Thumb Code    28  ra8876.o(.text)
    Select_PWM0_Clock_Divided_By_8           0x08009b2d   Thumb Code    28  ra8876.o(.text)
    Select_PWM1_is_ErrorFlag                 0x08009b49   Thumb Code    24  ra8876.o(.text)
    Select_PWM1                              0x08009b61   Thumb Code    28  ra8876.o(.text)
    Select_PWM1_is_Osc_Clock                 0x08009b7d   Thumb Code    28  ra8876.o(.text)
    Select_PWM0_is_GPIO_C7                   0x08009b99   Thumb Code    24  ra8876.o(.text)
    Select_PWM0                              0x08009bb1   Thumb Code    28  ra8876.o(.text)
    Select_PWM0_is_Core_Clock                0x08009bcd   Thumb Code    28  ra8876.o(.text)
    Enable_PWM1_Inverter                     0x08009be9   Thumb Code    22  ra8876.o(.text)
    Disable_PWM1_Inverter                    0x08009bff   Thumb Code    22  ra8876.o(.text)
    Auto_Reload_PWM1                         0x08009c15   Thumb Code    22  ra8876.o(.text)
    One_Shot_PWM1                            0x08009c2b   Thumb Code    22  ra8876.o(.text)
    Start_PWM1                               0x08009c41   Thumb Code    22  ra8876.o(.text)
    Stop_PWM1                                0x08009c57   Thumb Code    22  ra8876.o(.text)
    Enable_PWM0_Dead_Zone                    0x08009c6d   Thumb Code    22  ra8876.o(.text)
    Disable_PWM0_Dead_Zone                   0x08009c83   Thumb Code    22  ra8876.o(.text)
    Enable_PWM0_Inverter                     0x08009c99   Thumb Code    22  ra8876.o(.text)
    Disable_PWM0_Inverter                    0x08009caf   Thumb Code    22  ra8876.o(.text)
    Auto_Reload_PWM0                         0x08009cc5   Thumb Code    22  ra8876.o(.text)
    One_Shot_PWM0                            0x08009cdb   Thumb Code    22  ra8876.o(.text)
    Start_PWM0                               0x08009cf1   Thumb Code    22  ra8876.o(.text)
    Stop_PWM0                                0x08009d07   Thumb Code    22  ra8876.o(.text)
    Set_Timer0_Dead_Zone_Length              0x08009d1d   Thumb Code    14  ra8876.o(.text)
    Set_Timer0_Compare_Buffer                0x08009d2b   Thumb Code    24  ra8876.o(.text)
    Set_Timer0_Count_Buffer                  0x08009d43   Thumb Code    24  ra8876.o(.text)
    Set_Timer1_Compare_Buffer                0x08009d5b   Thumb Code    22  ra8876.o(.text)
    Set_Timer1_Count_Buffer                  0x08009d71   Thumb Code    24  ra8876.o(.text)
    BTE_Enable                               0x08009d89   Thumb Code    24  ra8876.o(.text)
    BTE_Disable                              0x08009da1   Thumb Code    28  ra8876.o(.text)
    Check_BTE_Busy                           0x08009dbd   Thumb Code    20  ra8876.o(.text)
    Pattern_Format_8X8                       0x08009dd1   Thumb Code    24  ra8876.o(.text)
    Pattern_Format_16X16                     0x08009de9   Thumb Code    24  ra8876.o(.text)
    BTE_ROP_Code                             0x08009e01   Thumb Code    32  ra8876.o(.text)
    BTE_Operation_Code                       0x08009e21   Thumb Code    28  ra8876.o(.text)
    BTE_S0_Color_8bpp                        0x08009e3d   Thumb Code    28  ra8876.o(.text)
    BTE_S0_Color_16bpp                       0x08009e59   Thumb Code    28  ra8876.o(.text)
    BTE_S0_Color_24bpp                       0x08009e75   Thumb Code    24  ra8876.o(.text)
    BTE_S1_Color_8bpp                        0x08009e8d   Thumb Code    32  ra8876.o(.text)
    BTE_S1_Color_16bpp                       0x08009ead   Thumb Code    32  ra8876.o(.text)
    BTE_S1_Color_24bpp                       0x08009ecd   Thumb Code    32  ra8876.o(.text)
    BTE_S1_Color_Constant                    0x08009eed   Thumb Code    32  ra8876.o(.text)
    BTE_S1_Color_8bit_Alpha                  0x08009f0d   Thumb Code    32  ra8876.o(.text)
    BTE_S1_Color_16bit_Alpha                 0x08009f2d   Thumb Code    32  ra8876.o(.text)
    BTE_Destination_Color_8bpp               0x08009f4d   Thumb Code    28  ra8876.o(.text)
    BTE_Destination_Color_16bpp              0x08009f69   Thumb Code    28  ra8876.o(.text)
    BTE_Destination_Color_24bpp              0x08009f85   Thumb Code    24  ra8876.o(.text)
    BTE_S0_Memory_Start_Address              0x08009f9d   Thumb Code    42  ra8876.o(.text)
    BTE_S0_Image_Width                       0x08009fc7   Thumb Code    22  ra8876.o(.text)
    BTE_S0_Window_Start_XY                   0x08009fdd   Thumb Code    40  ra8876.o(.text)
    BTE_S1_Memory_Start_Address              0x0800a005   Thumb Code    42  ra8876.o(.text)
    S1_Constant_color_256                    0x0800a02f   Thumb Code    38  ra8876.o(.text)
    S1_Constant_color_65k                    0x0800a055   Thumb Code    50  ra8876.o(.text)
    S1_Constant_color_16M                    0x0800a087   Thumb Code    44  ra8876.o(.text)
    BTE_S1_Image_Width                       0x0800a0b3   Thumb Code    22  ra8876.o(.text)
    BTE_S1_Window_Start_XY                   0x0800a0c9   Thumb Code    40  ra8876.o(.text)
    BTE_Destination_Memory_Start_Address     0x0800a0f1   Thumb Code    42  ra8876.o(.text)
    BTE_Destination_Image_Width              0x0800a11b   Thumb Code    22  ra8876.o(.text)
    BTE_Destination_Window_Start_XY          0x0800a131   Thumb Code    40  ra8876.o(.text)
    BTE_Window_Size                          0x0800a159   Thumb Code    40  ra8876.o(.text)
    BTE_Alpha_Blending_Effect                0x0800a181   Thumb Code    14  ra8876.o(.text)
    Start_SFI_DMA                            0x0800a18f   Thumb Code    22  ra8876.o(.text)
    Check_Busy_SFI_DMA                       0x0800a1a5   Thumb Code    28  ra8876.o(.text)
    Select_SFI_0                             0x0800a1c1   Thumb Code    24  ra8876.o(.text)
    Select_SFI_1                             0x0800a1d9   Thumb Code    24  ra8876.o(.text)
    Select_SFI_Font_Mode                     0x0800a1f1   Thumb Code    24  ra8876.o(.text)
    Select_SFI_DMA_Mode                      0x0800a209   Thumb Code    24  ra8876.o(.text)
    Select_SFI_24bit_Address                 0x0800a221   Thumb Code    24  ra8876.o(.text)
    Select_SFI_32bit_Address                 0x0800a239   Thumb Code    24  ra8876.o(.text)
    Select_SFI_Waveform_Mode_0               0x0800a251   Thumb Code    24  ra8876.o(.text)
    Select_SFI_Waveform_Mode_3               0x0800a269   Thumb Code    24  ra8876.o(.text)
    Select_SFI_0_DummyRead                   0x0800a281   Thumb Code    24  ra8876.o(.text)
    Select_SFI_8_DummyRead                   0x0800a299   Thumb Code    28  ra8876.o(.text)
    Select_SFI_16_DummyRead                  0x0800a2b5   Thumb Code    28  ra8876.o(.text)
    Select_SFI_24_DummyRead                  0x0800a2d1   Thumb Code    24  ra8876.o(.text)
    Select_SFI_Single_Mode                   0x0800a2e9   Thumb Code    24  ra8876.o(.text)
    Select_SFI_Dual_Mode0                    0x0800a301   Thumb Code    28  ra8876.o(.text)
    Select_SFI_Dual_Mode1                    0x0800a31d   Thumb Code    24  ra8876.o(.text)
    Rx_FIFO_Empty_Flag                       0x0800a335   Thumb Code    28  ra8876.o(.text)
    SPI_Master_FIFO_Data_Get                 0x0800a351   Thumb Code    30  ra8876.o(.text)
    Tx_FIFO_Empty_Flag                       0x0800a36f   Thumb Code    28  ra8876.o(.text)
    SPI_Master_FIFO_Data_Put                 0x0800a38b   Thumb Code    36  ra8876.o(.text)
    Mask_SPI_Master_Interrupt_Flag           0x0800a3af   Thumb Code    24  ra8876.o(.text)
    Select_nSS_drive_on_xnsfcs0              0x0800a3c7   Thumb Code    24  ra8876.o(.text)
    Select_nSS_drive_on_xnsfcs1              0x0800a3df   Thumb Code    24  ra8876.o(.text)
    nSS_Inactive                             0x0800a3f7   Thumb Code    24  ra8876.o(.text)
    nSS_Active                               0x0800a40f   Thumb Code    24  ra8876.o(.text)
    OVFIRQEN_Enable                          0x0800a427   Thumb Code    24  ra8876.o(.text)
    EMTIRQEN_Enable                          0x0800a43f   Thumb Code    24  ra8876.o(.text)
    Reset_CPOL                               0x0800a457   Thumb Code    24  ra8876.o(.text)
    Set_CPOL                                 0x0800a46f   Thumb Code    24  ra8876.o(.text)
    Reset_CPHA                               0x0800a487   Thumb Code    24  ra8876.o(.text)
    Set_CPHA                                 0x0800a49f   Thumb Code    24  ra8876.o(.text)
    Tx_FIFO_Full_Flag                        0x0800a4b7   Thumb Code    28  ra8876.o(.text)
    Rx_FIFO_full_flag                        0x0800a4d3   Thumb Code    28  ra8876.o(.text)
    OVFI_Flag                                0x0800a4ef   Thumb Code    28  ra8876.o(.text)
    Clear_OVFI_Flag                          0x0800a50b   Thumb Code    24  ra8876.o(.text)
    EMTI_Flag                                0x0800a523   Thumb Code    28  ra8876.o(.text)
    Clear_EMTI_Flag                          0x0800a53f   Thumb Code    24  ra8876.o(.text)
    SPI_Clock_Period                         0x0800a557   Thumb Code    12  ra8876.o(.text)
    SFI_DMA_Source_Start_Address             0x0800a563   Thumb Code    58  ra8876.o(.text)
    SFI_DMA_Destination_Start_Address        0x0800a59d   Thumb Code    60  ra8876.o(.text)
    SFI_DMA_Destination_Upper_Left_Corner    0x0800a5d9   Thumb Code    44  ra8876.o(.text)
    SFI_DMA_Transfer_Number                  0x0800a605   Thumb Code    56  ra8876.o(.text)
    SFI_DMA_Transfer_Width_Height            0x0800a63d   Thumb Code    44  ra8876.o(.text)
    SFI_DMA_Source_Width                     0x0800a669   Thumb Code    24  ra8876.o(.text)
    Font_Select_UserDefine_Mode              0x0800a681   Thumb Code    26  ra8876.o(.text)
    CGROM_Select_Internal_CGROM              0x0800a69b   Thumb Code    26  ra8876.o(.text)
    CGROM_Select_Genitop_FontROM             0x0800a6b5   Thumb Code    26  ra8876.o(.text)
    Font_Select_8x16_16x16                   0x0800a6cf   Thumb Code    26  ra8876.o(.text)
    Font_Select_12x24_24x24                  0x0800a6e9   Thumb Code    26  ra8876.o(.text)
    Font_Select_16x32_32x32                  0x0800a703   Thumb Code    26  ra8876.o(.text)
    Internal_CGROM_Select_ISOIEC8859_1       0x0800a71d   Thumb Code    26  ra8876.o(.text)
    Internal_CGROM_Select_ISOIEC8859_2       0x0800a737   Thumb Code    26  ra8876.o(.text)
    Internal_CGROM_Select_ISOIEC8859_3       0x0800a751   Thumb Code    26  ra8876.o(.text)
    Internal_CGROM_Select_ISOIEC8859_4       0x0800a76b   Thumb Code    26  ra8876.o(.text)
    Enable_Font_Alignment                    0x0800a785   Thumb Code    24  ra8876.o(.text)
    Disable_Font_Alignment                   0x0800a79d   Thumb Code    24  ra8876.o(.text)
    Font_Background_select_Transparency      0x0800a7b5   Thumb Code    24  ra8876.o(.text)
    Font_Background_select_Color             0x0800a7cd   Thumb Code    24  ra8876.o(.text)
    Font_0_degree                            0x0800a7e5   Thumb Code    24  ra8876.o(.text)
    Font_90_degree                           0x0800a7fd   Thumb Code    24  ra8876.o(.text)
    Font_Width_X1                            0x0800a815   Thumb Code    28  ra8876.o(.text)
    Font_Width_X2                            0x0800a831   Thumb Code    28  ra8876.o(.text)
    Font_Width_X3                            0x0800a84d   Thumb Code    28  ra8876.o(.text)
    Font_Width_X4                            0x0800a869   Thumb Code    28  ra8876.o(.text)
    Font_Height_X1                           0x0800a885   Thumb Code    28  ra8876.o(.text)
    Font_Height_X2                           0x0800a8a1   Thumb Code    28  ra8876.o(.text)
    Font_Height_X3                           0x0800a8bd   Thumb Code    28  ra8876.o(.text)
    Font_Height_X4                           0x0800a8d9   Thumb Code    28  ra8876.o(.text)
    GTFont_Select_GT21L16TW_GT21H16T1W       0x0800a8f5   Thumb Code    32  ra8876.o(.text)
    GTFont_Select_GT23L16U2W                 0x0800a915   Thumb Code    32  ra8876.o(.text)
    GTFont_Select_GT23L24T3Y_GT23H24T3Y      0x0800a935   Thumb Code    32  ra8876.o(.text)
    GTFont_Select_GT23L24M1Z                 0x0800a955   Thumb Code    32  ra8876.o(.text)
    GTFont_Select_GT23L32S4W_GT23H32S4W      0x0800a975   Thumb Code    32  ra8876.o(.text)
    GTFont_Select_GT20L24F6Y                 0x0800a995   Thumb Code    36  ra8876.o(.text)
    GTFont_Select_GT21L24S1W                 0x0800a9b9   Thumb Code    32  ra8876.o(.text)
    GTFont_Select_GT22L16A1Y                 0x0800a9d9   Thumb Code    32  ra8876.o(.text)
    Set_GTFont_Decoder                       0x0800a9f9   Thumb Code    14  ra8876.o(.text)
    Font_Line_Distance                       0x0800aa07   Thumb Code    14  ra8876.o(.text)
    Set_Font_to_Font_Width                   0x0800aa15   Thumb Code    14  ra8876.o(.text)
    Foreground_RGB                           0x0800aa23   Thumb Code    32  ra8876.o(.text)
    Foreground_color_256                     0x0800aa43   Thumb Code    38  ra8876.o(.text)
    Foreground_color_65k                     0x0800aa69   Thumb Code    48  ra8876.o(.text)
    Foreground_color_16M                     0x0800aa99   Thumb Code    42  ra8876.o(.text)
    Background_RGB                           0x0800aac3   Thumb Code    32  ra8876.o(.text)
    Background_color_256                     0x0800aae3   Thumb Code    38  ra8876.o(.text)
    Background_color_65k                     0x0800ab09   Thumb Code    48  ra8876.o(.text)
    Background_color_16M                     0x0800ab39   Thumb Code    42  ra8876.o(.text)
    CGRAM_Start_address                      0x0800ab63   Thumb Code    56  ra8876.o(.text)
    Power_Normal_Mode                        0x0800ab9b   Thumb Code    16  ra8876.o(.text)
    Power_Saving_Standby_Mode                0x0800abab   Thumb Code    30  ra8876.o(.text)
    Power_Saving_Suspend_Mode                0x0800abc9   Thumb Code    16  ra8876.o(.text)
    Power_Saving_Sleep_Mode                  0x0800abd9   Thumb Code    16  ra8876.o(.text)
    RA8876_I2CM_Clock_Prescale               0x0800abe9   Thumb Code    24  ra8876.o(.text)
    RA8876_I2CM_Transmit_Data                0x0800ac01   Thumb Code    14  ra8876.o(.text)
    RA8876_I2CM_Receiver_Data                0x0800ac0f   Thumb Code    16  ra8876.o(.text)
    RA8876_I2CM_Stop                         0x0800ac1f   Thumb Code    10  ra8876.o(.text)
    RA8876_I2CM_Read_With_Ack                0x0800ac29   Thumb Code    10  ra8876.o(.text)
    RA8876_I2CM_Read_With_Nack               0x0800ac33   Thumb Code    10  ra8876.o(.text)
    RA8876_I2CM_Write_With_Start             0x0800ac3d   Thumb Code    10  ra8876.o(.text)
    RA8876_I2CM_Write                        0x0800ac47   Thumb Code    10  ra8876.o(.text)
    RA8876_I2CM_Check_Slave_ACK              0x0800ac51   Thumb Code    30  ra8876.o(.text)
    RA8876_I2CM_Bus_Busy                     0x0800ac6f   Thumb Code    30  ra8876.o(.text)
    RA8876_I2CM_transmit_Progress            0x0800ac8d   Thumb Code    30  ra8876.o(.text)
    RA8876_I2CM_Arbitration                  0x0800acab   Thumb Code    20  ra8876.o(.text)
    Set_GPIO_A_In_Out                        0x0800acbf   Thumb Code    14  ra8876.o(.text)
    Write_GPIO_A_7_0                         0x0800accd   Thumb Code    14  ra8876.o(.text)
    Read_GPIO_A_7_0                          0x0800acdb   Thumb Code    16  ra8876.o(.text)
    Write_GPIO_B_7_4                         0x0800aceb   Thumb Code    14  ra8876.o(.text)
    Read_GPIO_B_7_0                          0x0800acf9   Thumb Code    16  ra8876.o(.text)
    Set_GPIO_C_In_Out                        0x0800ad09   Thumb Code    12  ra8876.o(.text)
    Write_GPIO_C_7_0                         0x0800ad15   Thumb Code    14  ra8876.o(.text)
    Read_GPIO_C_7_0                          0x0800ad23   Thumb Code    16  ra8876.o(.text)
    Set_GPIO_D_In_Out                        0x0800ad33   Thumb Code    14  ra8876.o(.text)
    Write_GPIO_D_7_0                         0x0800ad41   Thumb Code    12  ra8876.o(.text)
    Read_GPIO_D_7_0                          0x0800ad4d   Thumb Code    14  ra8876.o(.text)
    Set_GPIO_E_In_Out                        0x0800ad5b   Thumb Code    14  ra8876.o(.text)
    Write_GPIO_E_7_0                         0x0800ad69   Thumb Code    14  ra8876.o(.text)
    Read_GPIO_E_7_0                          0x0800ad77   Thumb Code    16  ra8876.o(.text)
    Set_GPIO_F_In_Out                        0x0800ad87   Thumb Code    14  ra8876.o(.text)
    Write_GPIO_F_7_0                         0x0800ad95   Thumb Code    20  ra8876.o(.text)
    Read_GPIO_F_7_0                          0x0800ada9   Thumb Code    16  ra8876.o(.text)
    Long_Key_enable                          0x0800adb9   Thumb Code    22  ra8876.o(.text)
    Key_Scan_Freg                            0x0800adcf   Thumb Code    30  ra8876.o(.text)
    Key_Scan_Wakeup_Function_Enable          0x0800aded   Thumb Code    24  ra8876.o(.text)
    Long_Key_Timing_Adjustment               0x0800ae05   Thumb Code    28  ra8876.o(.text)
    Numbers_of_Key_Hit                       0x0800ae21   Thumb Code    20  ra8876.o(.text)
    Read_Key_Strobe_Data_0                   0x0800ae35   Thumb Code    16  ra8876.o(.text)
    Read_Key_Strobe_Data_1                   0x0800ae45   Thumb Code    16  ra8876.o(.text)
    Read_Key_Strobe_Data_2                   0x0800ae55   Thumb Code    16  ra8876.o(.text)
    Show_String                              0x0800ae65   Thumb Code    46  ra8876.o(.text)
    Show_picture                             0x0800ae93   Thumb Code    38  ra8876.o(.text)
    PWM0_ON                                  0x0800aeb9   Thumb Code    36  ra8876.o(.text)
    RA8876_HW_Reset                          0x0800aee1   Thumb Code    32  lcd.o(.text)
    System_Check_Temp                        0x0800af01   Thumb Code   110  lcd.o(.text)
    lcd_rst                                  0x0800af6f   Thumb Code    32  lcd.o(.text)
    LCD_WriteRAM_Prepare                     0x0800af8f   Thumb Code    10  lcd.o(.text)
    LCD_DrawPoint                            0x0800af99   Thumb Code    70  lcd.o(.text)
    LCD_SetTextColor                         0x0800afdf   Thumb Code     6  lcd.o(.text)
    LCD_SetBackColor                         0x0800afe5   Thumb Code     6  lcd.o(.text)
    LCD_Set_DisplayWindow                    0x0800afeb   Thumb Code    74  lcd.o(.text)
    LCD_SetCursor                            0x0800b035   Thumb Code    46  lcd.o(.text)
    LCD_Clear                                0x0800b063   Thumb Code    82  lcd.o(.text)
    LCD_Set_DisplayWindow_A                  0x0800b0b5   Thumb Code    96  lcd.o(.text)
    PIP_Set_DisplayWindow_A                  0x0800b115   Thumb Code    62  lcd.o(.text)
    LCD_All_color                            0x0800b153   Thumb Code   114  lcd.o(.text)
    LCD_All_color_A                          0x0800b1c5   Thumb Code    86  lcd.o(.text)
    LCD_WriteArea                            0x0800b21b   Thumb Code   142  lcd.o(.text)
    LCD_SetPoint_A                           0x0800b2a9   Thumb Code   104  lcd.o(.text)
    LCD_SetPoint                             0x0800b311   Thumb Code    26  lcd.o(.text)
    LCD_PutChar_A                            0x0800b32b   Thumb Code   202  lcd.o(.text)
    LCD_PutChar                              0x0800b3f5   Thumb Code   108  lcd.o(.text)
    LCD_DisplayString                        0x0800b461   Thumb Code    76  lcd.o(.text)
    LCD_DisplayString_A                      0x0800b4ad   Thumb Code    76  lcd.o(.text)
    DispStr48                                0x0800b4f9   Thumb Code   376  lcd.o(.text)
    LCD_DisplayStringLine                    0x0800b671   Thumb Code    80  lcd.o(.text)
    LCD_DrawLine                             0x0800b6c1   Thumb Code   120  lcd.o(.text)
    LCD_DrawRect                             0x0800b739   Thumb Code    66  lcd.o(.text)
    LCD_DrawCircle                           0x0800b77b   Thumb Code   252  lcd.o(.text)
    LCD_Border_A                             0x0800b877   Thumb Code   174  lcd.o(.text)
    SystemInit                               0x0800ba15   Thumb Code    68  system_stm32f10x.o(.text)
    SD_InitializeCards                       0x0800ba69   Thumb Code   436  sdcard.o(.text)
    SD_PowerON                               0x0800bd45   Thumb Code   484  sdcard.o(.text)
    SD_Init                                  0x0800bf29   Thumb Code   122  sdcard.o(.text)
    SD_PowerOFF                              0x0800bfa3   Thumb Code    14  sdcard.o(.text)
    SD_GetCardInfo                           0x0800bfb1   Thumb Code   626  sdcard.o(.text)
    SD_EnableWideBusOperation                0x0800c447   Thumb Code   124  sdcard.o(.text)
    SD_SetDeviceMode                         0x0800c4c3   Thumb Code    28  sdcard.o(.text)
    SD_SelectDeselect                        0x0800c4df   Thumb Code    40  sdcard.o(.text)
    SD_ReadBlock                             0x0800c507   Thumb Code   612  sdcard.o(.text)
    SD_ReadMultiBlocks                       0x0800c76b   Thumb Code   678  sdcard.o(.text)
    SD_WriteBlock                            0x0800cb7d   Thumb Code   868  sdcard.o(.text)
    SD_WriteMultiBlocks                      0x0800cee1   Thumb Code   988  sdcard.o(.text)
    SD_GetTransferState                      0x0800d2bd   Thumb Code    14  sdcard.o(.text)
    SD_StopTransfer                          0x0800d2cb   Thumb Code    36  sdcard.o(.text)
    SD_Erase                                 0x0800d2ef   Thumb Code   294  sdcard.o(.text)
    SD_SendStatus                            0x0800d415   Thumb Code    72  sdcard.o(.text)
    SD_SendSDStatus                          0x0800d45d   Thumb Code   370  sdcard.o(.text)
    SD_ProcessIRQSrc                         0x0800d5cf   Thumb Code   450  sdcard.o(.text)
    FAT_Init                                 0x0800d7a5   Thumb Code   190  fat.o(.text)
    FAT_LoadPartCluster                      0x0800d863   Thumb Code    36  fat.o(.text)
    FAT_NextCluster                          0x0800d887   Thumb Code    78  fat.o(.text)
    FAT_FindFreeCluster                      0x0800d8d5   Thumb Code   146  fat.o(.text)
    FAT_FindFreeItem                         0x0800d967   Thumb Code   414  fat.o(.text)
    FAT_FindItem                             0x0800db05   Thumb Code   526  fat.o(.text)
    FAT_SelectOneItem                        0x0800dd13   Thumb Code   440  fat.o(.text)
    FAT_ModifyFAT                            0x0800decb   Thumb Code   146  fat.o(.text)
    FAT_MkDir                                0x0800df5d   Thumb Code   724  fat.o(.text)
    FAT_DelItem                              0x0800e231   Thumb Code   338  fat.o(.text)
    FAT_OpenDir                              0x0800e383   Thumb Code   232  fat.o(.text)
    FAT_RmDir                                0x0800e46b   Thumb Code    24  fat.o(.text)
    FAT_Create                               0x0800e483   Thumb Code   490  fat.o(.text)
    FAT_Open                                 0x0800e66d   Thumb Code   280  fat.o(.text)
    FAT_Close                                0x0800e785   Thumb Code     8  fat.o(.text)
    FAT_Write                                0x0800e78d   Thumb Code    90  fat.o(.text)
    FAT_Delete                               0x0800e7e7   Thumb Code    24  fat.o(.text)
    FAT_Rename                               0x0800e7ff   Thumb Code   454  fat.o(.text)
    CopyDirentruyItem                        0x0800e9c5   Thumb Code   172  fat.o(.text)
    WriteFolderCluster                       0x0800ea71   Thumb Code     6  fat.o(.text)
    GetFolderCluster                         0x0800ea77   Thumb Code     6  fat.o(.text)
    SearchFolder                             0x0800ea7d   Thumb Code   438  fat.o(.text)
    SearchInit                               0x0800ec33   Thumb Code    74  fat.o(.text)
    Search                                   0x0800ec7d   Thumb Code  1202  fat.o(.text)
    Search_man                               0x0800f12f   Thumb Code   488  fat.o(.text)
    __aeabi_memcpy                           0x0800f325   Thumb Code    36  memcpya.o(.text)
    __aeabi_memcpy4                          0x0800f325   Thumb Code     0  memcpya.o(.text)
    __aeabi_memcpy8                          0x0800f325   Thumb Code     0  memcpya.o(.text)
    __aeabi_memset                           0x0800f349   Thumb Code    14  memseta.o(.text)
    __aeabi_memset4                          0x0800f349   Thumb Code     0  memseta.o(.text)
    __aeabi_memset8                          0x0800f349   Thumb Code     0  memseta.o(.text)
    __aeabi_memclr                           0x0800f357   Thumb Code     4  memseta.o(.text)
    __aeabi_memclr4                          0x0800f357   Thumb Code     0  memseta.o(.text)
    __aeabi_memclr8                          0x0800f357   Thumb Code     0  memseta.o(.text)
    _memset$wrapper                          0x0800f35b   Thumb Code    18  memseta.o(.text)
    __aeabi_uidiv                            0x0800f36d   Thumb Code     0  uidiv.o(.text)
    __aeabi_uidivmod                         0x0800f36d   Thumb Code    44  uidiv.o(.text)
    __aeabi_uldivmod                         0x0800f399   Thumb Code    98  uldiv.o(.text)
    __I$use$fp                               0x0800f3fb   Thumb Code     0  iusefp.o(.text)
    __aeabi_dadd                             0x0800f3fb   Thumb Code   322  dadd.o(.text)
    __aeabi_dsub                             0x0800f53d   Thumb Code     6  dadd.o(.text)
    __aeabi_drsub                            0x0800f543   Thumb Code     6  dadd.o(.text)
    __aeabi_dmul                             0x0800f549   Thumb Code   228  dmul.o(.text)
    __aeabi_ddiv                             0x0800f62d   Thumb Code   222  ddiv.o(.text)
    __aeabi_d2ulz                            0x0800f70b   Thumb Code    48  dfixul.o(.text)
    __aeabi_cdrcmple                         0x0800f73d   Thumb Code    48  cdrcmple.o(.text)
    __scatterload                            0x0800f76d   Thumb Code    28  init.o(.text)
    __scatterload_rt2                        0x0800f76d   Thumb Code     0  init.o(.text)
    __aeabi_llsl                             0x0800f791   Thumb Code    30  llshl.o(.text)
    _ll_shift_l                              0x0800f791   Thumb Code     0  llshl.o(.text)
    __aeabi_llsr                             0x0800f7af   Thumb Code    32  llushr.o(.text)
    _ll_ushift_r                             0x0800f7af   Thumb Code     0  llushr.o(.text)
    __aeabi_lasr                             0x0800f7cf   Thumb Code    36  llsshr.o(.text)
    _ll_sshift_r                             0x0800f7cf   Thumb Code     0  llsshr.o(.text)
    _double_round                            0x0800f7f3   Thumb Code    30  depilogue.o(.text)
    _double_epilogue                         0x0800f811   Thumb Code   156  depilogue.o(.text)
    __decompress                             0x0800f8ad   Thumb Code     0  __dczerorl2.o(.text)
    __decompress1                            0x0800f8ad   Thumb Code    86  __dczerorl2.o(.text)
    __0printf$1                              0x0800f905   Thumb Code    22  printf1.o(i.__0printf$1)
    __1printf$1                              0x0800f905   Thumb Code     0  printf1.o(i.__0printf$1)
    __2printf                                0x0800f905   Thumb Code     0  printf1.o(i.__0printf$1)
    __0vsprintf                              0x0800f925   Thumb Code    30  printfa.o(i.__0vsprintf)
    __1vsprintf                              0x0800f925   Thumb Code     0  printfa.o(i.__0vsprintf)
    __2vsprintf                              0x0800f925   Thumb Code     0  printfa.o(i.__0vsprintf)
    __c89vsprintf                            0x0800f925   Thumb Code     0  printfa.o(i.__0vsprintf)
    vsprintf                                 0x0800f925   Thumb Code     0  printfa.o(i.__0vsprintf)
    __ARM_common_memset4_12                  0x0800f949   Thumb Code    18  fat.o(i.__ARM_common_memset4_12)
    __scatterload_copy                       0x0800f95b   Thumb Code    14  handlers.o(i.__scatterload_copy)
    __scatterload_null                       0x0800f969   Thumb Code     2  handlers.o(i.__scatterload_null)
    __scatterload_zeroinit                   0x0800f96b   Thumb Code    14  handlers.o(i.__scatterload_zeroinit)
    free                                     0x08010369   Thumb Code    76  malloc.o(i.free)
    malloc                                   0x080103b9   Thumb Code    92  malloc.o(i.malloc)
    ASCII_Table                              0x0801059a   Data        4560  lcd.o(.constdata)
    codeGB_48                                0x0801176a   Data        3190  gb4848.o(.constdata)
    code24x48                                0x080123e0   Data        1450  24x48.o(.constdata)
    Region$$Table$$Base                      0x0801298c   Number         0  anon$$obj.o(Region$$Table)
    Region$$Table$$Limit                     0x080129ac   Number         0  anon$$obj.o(Region$$Table)
    current_time                             0x20000004   Data           4  main.o(.data)
    B1_event_flag                            0x20000008   Data           1  main.o(.data)
    B2_event_flag                            0x20000009   Data           1  main.o(.data)
    B6_event_flag                            0x2000000a   Data           1  main.o(.data)
    EraseStatus                              0x2000000b   Data           1  main.o(.data)
    TransferStatus1                          0x2000000c   Data           1  main.o(.data)
    TransferStatus2                          0x2000000d   Data           1  main.o(.data)
    Status                                   0x2000000e   Data           1  main.o(.data)
    buffer_data                              0x2000000f   Data           2  main.o(.data)
    Brightness_level                         0x20000011   Data           1  main.o(.data)
    sd_Capacity                              0x20000014   Data           4  main.o(.data)
    SDConfigFlag                             0x20000018   Data           1  main.o(.data)
    SDShowFlag                               0x20000019   Data           1  main.o(.data)
    SDShowTimes                              0x2000001a   Data           1  main.o(.data)
    GPIO_InitStructure                       0x2000001c   Data           4  main.o(.data)
    EXTI_InitStructure                       0x20000020   Data           8  main.o(.data)
    HorA                                     0x20000028   Data           1  main.o(.data)
    pic_num                                  0x20000029   Data           1  main.o(.data)
    pic_num_string                           0x2000002a   Data           1  main.o(.data)
    PIP_SWITCH_flag                          0x2000002b   Data           1  main.o(.data)
    PIC_NUM                                  0x2000002c   Data           1  main.o(.data)
    CCR3_Val                                 0x2000002e   Data           2  main.o(.data)
    mem_buffer1                              0x20000038   Data          22  spi_flash.o(.data)
    LCM_TYPE                                 0x20000052   Data           1  config_hard.o(.data)
    ID_OK                                    0x20000053   Data           1  config_hard.o(.data)
    ID1_READ                                 0x20000054   Data           1  config_hard.o(.data)
    ID2_READ                                 0x20000055   Data           1  config_hard.o(.data)
    ID3_READ                                 0x20000056   Data           1  config_hard.o(.data)
    ID1_VALUE                                0x20000057   Data           1  config_hard.o(.data)
    ID2_VALUE                                0x20000058   Data           1  config_hard.o(.data)
    ID3_VALUE                                0x20000059   Data           1  config_hard.o(.data)
    ID1_register                             0x2000005a   Data           1  config_hard.o(.data)
    ID2_register                             0x2000005b   Data           1  config_hard.o(.data)
    ID3_register                             0x2000005c   Data           1  config_hard.o(.data)
    mm_KEYB10                                0x2000005e   Data           2  config_hard.o(.data)
    mm_KEYB1                                 0x20000060   Data           2  config_hard.o(.data)
    mm_KEYB11                                0x20000062   Data           2  config_hard.o(.data)
    MIPI_SET                                 0x20000064   Data           6  config_hard.o(.data)
    PIC_SET_CACHE                            0x2000006a   Data          60  config_hard.o(.data)
    MIPI_SET_iphone_5C                       0x200000a6   Data           6  config_hard.o(.data)
    TIMING_SET_iphone_5C                     0x200000ac   Data          18  config_hard.o(.data)
    PIC_SET_CACHE_iphone_5C                  0x200000be   Data          60  config_hard.o(.data)
    MIPI_SET_iphone_5s                       0x200000fa   Data           6  config_hard.o(.data)
    TIMING_SET_iphone_5s                     0x20000100   Data          18  config_hard.o(.data)
    PIC_SET_CACHE_iphone_5s                  0x20000112   Data          60  config_hard.o(.data)
    MIPI_SET_iphone_6                        0x2000014e   Data           6  config_hard.o(.data)
    TIMING_SET_iphone_6                      0x20000154   Data          18  config_hard.o(.data)
    PIC_SET_CACHE_iphone_6                   0x20000166   Data          60  config_hard.o(.data)
    MIPI_SET_iphone_6_x                      0x200001a2   Data           6  config_hard.o(.data)
    TIMING_SET_iphone_6_x                    0x200001a8   Data          18  config_hard.o(.data)
    PIC_SET_CACHE_iphone_6_x                 0x200001ba   Data          60  config_hard.o(.data)
    MIPI_SET_iphone_5                        0x200001f6   Data           6  config_hard.o(.data)
    TIMING_SET_iphone_5                      0x200001fc   Data          18  config_hard.o(.data)
    PIC_SET_CACHE_iphone_5                   0x2000020e   Data          60  config_hard.o(.data)
    MIPI_SET_iphone_6plus                    0x2000024a   Data           6  config_hard.o(.data)
    TIMING_SET_iphone_6plus                  0x20000250   Data          18  config_hard.o(.data)
    PIC_SET_CACHE_iphone_6plus               0x20000262   Data          60  config_hard.o(.data)
    MIPI_SET_NOKIA_GPM1461A                  0x2000029e   Data           6  config_hard.o(.data)
    TIMING_SET_NOKIA_GPM1461A                0x200002a4   Data          18  config_hard.o(.data)
    PIC_SET_CACHE_nokia                      0x200002b6   Data          60  config_hard.o(.data)
    image_count                              0x200002f2   Data           2  disp.o(.data)
    image_all                                0x200002f4   Data           2  disp.o(.data)
    TOUCH_POINT1_X                           0x200002fa   Data           2  gt9271.o(.data)
    TOUCH_POINT1_Y                           0x200002fc   Data           2  gt9271.o(.data)
    TOUCH_POINT2_X                           0x200002fe   Data           2  gt9271.o(.data)
    TOUCH_POINT2_Y                           0x20000300   Data           2  gt9271.o(.data)
    TOUCH_POINT3_X                           0x20000302   Data           2  gt9271.o(.data)
    TOUCH_POINT3_Y                           0x20000304   Data           2  gt9271.o(.data)
    TOUCH_POINT4_X                           0x20000306   Data           2  gt9271.o(.data)
    TOUCH_POINT4_Y                           0x20000308   Data           2  gt9271.o(.data)
    TOUCH_POINT5_X                           0x2000030a   Data           2  gt9271.o(.data)
    TOUCH_POINT5_Y                           0x2000030c   Data           2  gt9271.o(.data)
    TOUCH_POINT6_X                           0x2000030e   Data           2  gt9271.o(.data)
    TOUCH_POINT6_Y                           0x20000310   Data           2  gt9271.o(.data)
    TOUCH_POINT7_X                           0x20000312   Data           2  gt9271.o(.data)
    TOUCH_POINT7_Y                           0x20000314   Data           2  gt9271.o(.data)
    TOUCH_POINT8_X                           0x20000316   Data           2  gt9271.o(.data)
    TOUCH_POINT8_Y                           0x20000318   Data           2  gt9271.o(.data)
    TOUCH_POINT9_X                           0x2000031a   Data           2  gt9271.o(.data)
    TOUCH_POINT9_Y                           0x2000031c   Data           2  gt9271.o(.data)
    TOUCH_POINT10_X                          0x2000031e   Data           2  gt9271.o(.data)
    TOUCH_POINT10_Y                          0x20000320   Data           2  gt9271.o(.data)
    TP_PROJECT_NAME                          0x20000322   Data           1  gt9271.o(.data)
    pucData                                  0x20000323   Data           2  gt9271.o(.data)
    TP_XDP                                   0x20000326   Data           2  gt9271.o(.data)
    TP_YDP                                   0x20000328   Data           2  gt9271.o(.data)
    TOUCH_TX                                 0x2000032a   Data           1  gt9271.o(.data)
    TOUCH_RX                                 0x2000032b   Data           1  gt9271.o(.data)
    TOUCH_POINT_SUM                          0x2000032c   Data           2  gt9271.o(.data)
    RESULT_AUTO_CHECK_NUM                    0x2000032e   Data           2  gt9271.o(.data)
    CTP_DEVICE_ADDRESS_GT9271                0x20000330   Data           1  gt9271.o(.data)
    CTP_GOOD_SAMPLE_NUM                      0x20000331   Data           1  gt9271.o(.data)
    IDD_UA_preset                            0x20000332   Data           2  iic_current.o(.data)
    IDD_UA_decom                             0x20000334   Data           2  iic_current.o(.data)
    IDD_MA                                   0x20000336   Data           2  iic_current.o(.data)
    SCAN_FREQ                                0x20000350   Data           2  ra8876.o(.data)
    TransferError                            0x2000035c   Data           1  sdcard.o(.data)
    TransferEnd                              0x20000374   Data           4  sdcard.o(.data)
    NumberOfBytes                            0x20000378   Data           4  sdcard.o(.data)
    SrcBuffer                                0x2000037c   Data           4  sdcard.o(.data)
    DestBuffer                               0x20000380   Data           4  sdcard.o(.data)
    LongNameFlag                             0x20000384   Data           1  fat.o(.data)
    FAT32_Enable                             0x20000385   Data           1  fat.o(.data)
    BytesPerSector                           0x20000386   Data           2  fat.o(.data)
    SectorsPerClust                          0x20000388   Data           2  fat.o(.data)
    FirstDirClust                            0x2000038c   Data           4  fat.o(.data)
    FirstDataSector                          0x20000390   Data           4  fat.o(.data)
    FATsectors                               0x20000394   Data           4  fat.o(.data)
    FirstFATSector                           0x20000398   Data           4  fat.o(.data)
    FirstDirSector                           0x2000039c   Data           4  fat.o(.data)
    RootDirSectors                           0x200003a0   Data           4  fat.o(.data)
    RootDirCount                             0x200003a4   Data           4  fat.o(.data)
    __stdout                                 0x200003a8   Data           4  stdout.o(.data)
    __microlib_freelist                      0x200003ac   Data           4  mvars.o(.data)
    __microlib_freelist_initialised          0x200003b0   Data           4  mvars.o(.data)
    time_now                                 0x200003b4   Data          44  main.o(.bss)
    SDCardInfo                               0x200003e0   Data          80  main.o(.bss)
    Buffer_Block_Tx                          0x20000430   Data         512  main.o(.bss)
    Buffer_Block_Rx                          0x20000630   Data         512  main.o(.bss)
    Buffer_MultiBlock_Tx                     0x20000830   Data        1024  main.o(.bss)
    Buffer_MultiBlock_Rx                     0x20000c30   Data        1024  main.o(.bss)
    buffer                                   0x20001030   Data        5000  main.o(.bss)
    tmp                                      0x200023b8   Data          20  main.o(.bss)
    Flash_Data_Buff                          0x200023cc   Data        4096  spi_flash.o(.bss)
    mem_buffer                               0x200033cc   Data        4096  spi_flash.o(.bss)
    MIPI_Array                               0x200043cc   Data         300  config_hard.o(.bss)
    MIPI_READ_DATA                           0x200044f8   Data          10  config_hard.o(.bss)
    TIMING_SET                               0x20004502   Data          18  config_hard.o(.bss)
    BMPInfo                                  0x20004514   Data          32  disp.o(.bss)
    pucData_A                                0x20004534   Data        1000  gt9271.o(.bss)
    pucData_B                                0x2000491c   Data        1000  gt9271.o(.bss)
    TOUCH_XY_check                           0x20004d04   Data         288  gt9271.o(.bss)
    RAWDATA_DEFAULT                          0x20004e24   Data        1200  gt9271.o(.bss)
    RAWDATA_DEFAULT_new                      0x200052d4   Data        1200  gt9271.o(.bss)
    SDIO_InitStructure                       0x200057e0   Data          24  sdcard.o(.bss)
    SDIO_CmdInitStructure                    0x200057f8   Data          20  sdcard.o(.bss)
    SDIO_DataInitStructure                   0x2000580c   Data          24  sdcard.o(.bss)
    LongNameBuffer                           0x20005840   Data         132  fat.o(.bss)
    FileInfo                                 0x200058c4   Data          15  fat.o(.bss)
    recordBuf                                0x200058d3   Data        1024  fat.o(.bss)
    __heap_base                              0x20005cd8   Data           0  startup_stm32f10x_hd.o(HEAP)
    __heap_limit                             0x200060d8   Data           0  startup_stm32f10x_hd.o(HEAP)
    __initial_sp                             0x200070d8   Data           0  startup_stm32f10x_hd.o(STACK)



==============================================================================

Memory Map of the image

  Image Entry point : 0x08000131

  Load Region LR_IROM1 (Base: 0x08000000, Size: 0x00012d60, Max: 0x00040000, ABSOLUTE, COMPRESSED[0x00012ad4])

    Execution Region ER_IROM1 (Base: 0x08000000, Size: 0x000129ac, Max: 0x00040000, ABSOLUTE)

    Base Addr    Size         Type   Attr      Idx    E Section Name        Object

    0x08000000   0x00000130   Data   RO          608    RESET               startup_stm32f10x_hd.o
    0x08000130   0x00000000   Code   RO          868  * .ARM.Collect$$$$00000000  mc_w.l(entry.o)
    0x08000130   0x00000004   Code   RO         1169    .ARM.Collect$$$$00000001  mc_w.l(entry2.o)
    0x08000134   0x00000004   Code   RO         1172    .ARM.Collect$$$$00000004  mc_w.l(entry5.o)
    0x08000138   0x00000000   Code   RO         1174    .ARM.Collect$$$$00000008  mc_w.l(entry7b.o)
    0x08000138   0x00000000   Code   RO         1176    .ARM.Collect$$$$0000000A  mc_w.l(entry8b.o)
    0x08000138   0x00000008   Code   RO         1177    .ARM.Collect$$$$0000000B  mc_w.l(entry9a.o)
    0x08000140   0x00000000   Code   RO         1179    .ARM.Collect$$$$0000000D  mc_w.l(entry10a.o)
    0x08000140   0x00000000   Code   RO         1181    .ARM.Collect$$$$0000000F  mc_w.l(entry11a.o)
    0x08000140   0x00000004   Code   RO         1170    .ARM.Collect$$$$00002712  mc_w.l(entry2.o)
    0x08000144   0x000000be   Code   RO            1    .text               fsmc_sram.o
    0x08000202   0x00000002   PAD
    0x08000204   0x0000108c   Code   RO           67    .text               main.o
    0x08001290   0x0000002a   Code   RO          191    .text               stm32f10x_it.o
    0x080012ba   0x00000002   PAD
    0x080012bc   0x000000c8   Code   RO          214    .text               delay.o
    0x08001384   0x00000754   Code   RO          231    .text               spi_flash.o
    0x08001ad8   0x000000dc   Code   RO          250    .text               usart.o
    0x08001bb4   0x000020c8   Code   RO          319    .text               config_hard.o
    0x08003c7c   0x000001e8   Code   RO          346    .text               disp.o
    0x08003e64   0x0000042e   Code   RO          378    .text               lcd1602.o
    0x08004292   0x00000002   PAD
    0x08004294   0x00001138   Code   RO          393    .text               gt9271.o
    0x080053cc   0x000004c0   Code   RO          423    .text               iic_current.o
    0x0800588c   0x000000dc   Code   RO          442    .text               misc.o
    0x08005968   0x00000140   Code   RO          454    .text               stm32f10x_exti.o
    0x08005aa8   0x00000604   Code   RO          466    .text               stm32f10x_fsmc.o
    0x080060ac   0x00000330   Code   RO          478    .text               stm32f10x_gpio.o
    0x080063dc   0x000003a0   Code   RO          490    .text               stm32f10x_rcc.o
    0x0800677c   0x00000370   Code   RO          504    .text               stm32f10x_usart.o
    0x08006aec   0x00000300   Code   RO          516    .text               stm32f10x_spi.o
    0x08006dec   0x00000240   Code   RO          528    .text               stm32f10x_dma.o
    0x0800702c   0x000001c8   Code   RO          540    .text               stm32f10x_sdio.o
    0x080071f4   0x00000bc6   Code   RO          594    .text               stm32f10x_tim.o
    0x08007dba   0x00000002   PAD
    0x08007dbc   0x00000030   Code   RO          609    .text               startup_stm32f10x_hd.o
    0x08007dec   0x000030f4   Code   RO          614    .text               ra8876.o
    0x0800aee0   0x00000a50   Code   RO          642    .text               lcd.o
    0x0800b930   0x00000138   Code   RO          706    .text               system_stm32f10x.o
    0x0800ba68   0x00001d3c   Code   RO          736    .text               SDFAT.lib(sdcard.o)
    0x0800d7a4   0x00001b80   Code   RO          840    .text               SDFAT.lib(fat.o)
    0x0800f324   0x00000024   Code   RO          874    .text               mc_w.l(memcpya.o)
    0x0800f348   0x00000024   Code   RO          876    .text               mc_w.l(memseta.o)
    0x0800f36c   0x0000002c   Code   RO         1184    .text               mc_w.l(uidiv.o)
    0x0800f398   0x00000062   Code   RO         1186    .text               mc_w.l(uldiv.o)
    0x0800f3fa   0x00000000   Code   RO         1190    .text               mc_w.l(iusefp.o)
    0x0800f3fa   0x0000014e   Code   RO         1191    .text               mf_w.l(dadd.o)
    0x0800f548   0x000000e4   Code   RO         1193    .text               mf_w.l(dmul.o)
    0x0800f62c   0x000000de   Code   RO         1195    .text               mf_w.l(ddiv.o)
    0x0800f70a   0x00000030   Code   RO         1197    .text               mf_w.l(dfixul.o)
    0x0800f73a   0x00000002   PAD
    0x0800f73c   0x00000030   Code   RO         1199    .text               mf_w.l(cdrcmple.o)
    0x0800f76c   0x00000024   Code   RO         1201    .text               mc_w.l(init.o)
    0x0800f790   0x0000001e   Code   RO         1203    .text               mc_w.l(llshl.o)
    0x0800f7ae   0x00000020   Code   RO         1205    .text               mc_w.l(llushr.o)
    0x0800f7ce   0x00000024   Code   RO         1207    .text               mc_w.l(llsshr.o)
    0x0800f7f2   0x000000ba   Code   RO         1209    .text               mf_w.l(depilogue.o)
    0x0800f8ac   0x00000056   Code   RO         1219    .text               mc_w.l(__dczerorl2.o)
    0x0800f902   0x00000002   PAD
    0x0800f904   0x00000020   Code   RO          925    i.__0printf$1       mc_w.l(printf1.o)
    0x0800f924   0x00000024   Code   RO         1119    i.__0vsprintf       mc_w.l(printfa.o)
    0x0800f948   0x00000012   Code   RO          856    i.__ARM_common_memset4_12  SDFAT.lib(fat.o)
    0x0800f95a   0x0000000e   Code   RO         1213    i.__scatterload_copy  mc_w.l(handlers.o)
    0x0800f968   0x00000002   Code   RO         1214    i.__scatterload_null  mc_w.l(handlers.o)
    0x0800f96a   0x0000000e   Code   RO         1215    i.__scatterload_zeroinit  mc_w.l(handlers.o)
    0x0800f978   0x00000164   Code   RO         1120    i._fp_digits        mc_w.l(printfa.o)
    0x0800fadc   0x00000154   Code   RO          932    i._printf_core      mc_w.l(printf1.o)
    0x0800fc30   0x000006dc   Code   RO         1121    i._printf_core      mc_w.l(printfa.o)
    0x0801030c   0x00000024   Code   RO         1122    i._printf_post_padding  mc_w.l(printfa.o)
    0x08010330   0x0000002e   Code   RO         1123    i._printf_pre_padding  mc_w.l(printfa.o)
    0x0801035e   0x0000000a   Code   RO         1125    i._sputc            mc_w.l(printfa.o)
    0x08010368   0x00000050   Code   RO         1141    i.free              mc_w.l(malloc.o)
    0x080103b8   0x0000006c   Code   RO         1142    i.malloc            mc_w.l(malloc.o)
    0x08010424   0x00000176   Data   RO          395    .constdata          gt9271.o
    0x0801059a   0x000011d0   Data   RO          643    .constdata          lcd.o
    0x0801176a   0x00000c76   Data   RO          673    .constdata          gb4848.o
    0x080123e0   0x000005aa   Data   RO          688    .constdata          24x48.o
    0x0801298a   0x00000002   PAD
    0x0801298c   0x00000020   Data   RO         1211    Region$$Table       anon$$obj.o


    Execution Region RW_IRAM1 (Base: 0x20000000, Size: 0x000070d8, Max: 0x0000c000, ABSOLUTE, COMPRESSED[0x00000128])

    Base Addr    Size         Type   Attr      Idx    E Section Name        Object

    0x20000000   0x00000030   Data   RW           69    .data               main.o
    0x20000030   0x00000004   Data   RW          215    .data               delay.o
    0x20000034   0x0000001a   Data   RW          233    .data               spi_flash.o
    0x2000004e   0x000002a4   Data   RW          321    .data               config_hard.o
    0x200002f2   0x00000004   Data   RW          348    .data               disp.o
    0x200002f6   0x0000003c   Data   RW          396    .data               gt9271.o
    0x20000332   0x00000006   Data   RW          424    .data               iic_current.o
    0x20000338   0x00000014   Data   RW          491    .data               stm32f10x_rcc.o
    0x2000034c   0x00000006   Data   RW          615    .data               ra8876.o
    0x20000352   0x00000008   Data   RW          644    .data               lcd.o
    0x2000035a   0x00000002   PAD
    0x2000035c   0x00000028   Data   RW          738    .data               SDFAT.lib(sdcard.o)
    0x20000384   0x00000024   Data   RW          845    .data               SDFAT.lib(fat.o)
    0x200003a8   0x00000004   Data   RW         1183    .data               mc_w.l(stdout.o)
    0x200003ac   0x00000004   Data   RW         1188    .data               mc_w.l(mvars.o)
    0x200003b0   0x00000004   Data   RW         1189    .data               mc_w.l(mvars.o)
    0x200003b4   0x00002018   Zero   RW           68    .bss                main.o
    0x200023cc   0x00002000   Zero   RW          232    .bss                spi_flash.o
    0x200043cc   0x00000148   Zero   RW          320    .bss                config_hard.o
    0x20004514   0x00000020   Zero   RW          347    .bss                disp.o
    0x20004534   0x00001250   Zero   RW          394    .bss                gt9271.o
    0x20005784   0x0000003c   PAD
    0x200057c0   0x00000064   Zero   RW          737    .bss                SDFAT.lib(sdcard.o)
    0x20005824   0x0000001c   PAD
    0x20005840   0x00000493   Zero   RW          842    .bss                SDFAT.lib(fat.o)
    0x20005cd3   0x00000005   PAD
    0x20005cd8   0x00000400   Zero   RW          607    HEAP                startup_stm32f10x_hd.o
    0x200060d8   0x00001000   Zero   RW          606    STACK               startup_stm32f10x_hd.o


==============================================================================

Image component sizes


      Code (inc. data)   RO Data    RW Data    ZI Data      Debug   Object Name

         0          0       1450          0          0        524   24x48.o
      8392        516          0        676        328      15852   config_hard.o
       200          8          0          4          0       1153   delay.o
       488         26          0          4         32       5884   disp.o
       190          0          0          0          0     286698   fsmc_sram.o
         0          0       3190          0          0        528   gb4848.o
      4408        300        374         60       4688      11503   gt9271.o
      1216         20          0          6          0       4784   iic_current.o
      2640         54       4560          8          0      11535   lcd.o
      1070         12          0          0          0       3592   lcd1602.o
      4236        456          0         48       8216     247421   main.o
       220         22          0          0          0       1713   misc.o
     12532         72          0          6          0      72306   ra8876.o
         0          0          0          0          0        532   ra8876_demo.o
      1876         30          0         26       8192       9084   spi_flash.o
        48         12        304          0       5120        856   startup_stm32f10x_hd.o
       576         16          0          0          0       3459   stm32f10x_dma.o
       320         14          0          0          0       2119   stm32f10x_exti.o
      1540         16          0          0          0       5287   stm32f10x_fsmc.o
       816         18          0          0          0       5167   stm32f10x_gpio.o
        42          0          0          0          0       1503   stm32f10x_it.o
       928         36          0         20          0       8800   stm32f10x_rcc.o
       456         22          0          0          0       6932   stm32f10x_sdio.o
       768          6          0          0          0       6318   stm32f10x_spi.o
      3014         16          0          0          0      24488   stm32f10x_tim.o
       880         12          0          0          0       7795   stm32f10x_usart.o
       312         16          0          0          0       1145   system_stm32f10x.o
       220         10          0          0          0       2372   usart.o

    ----------------------------------------------------------------------
     47396       1710       9912        860      26636     749350   Object Totals
         0          0         32          0          0          0   (incl. Generated)
         8          0          2          2         60          0   (incl. Padding)

    ----------------------------------------------------------------------

      Code (inc. data)   RO Data    RW Data    ZI Data      Debug   Library Member Name

      7058         78          0         36       1171      24272   fat.o
      7484        232          0         40        100      52447   sdcard.o
        86          0          0          0          0          0   __dczerorl2.o
         0          0          0          0          0          0   entry.o
         0          0          0          0          0          0   entry10a.o
         0          0          0          0          0          0   entry11a.o
         8          4          0          0          0          0   entry2.o
         4          0          0          0          0          0   entry5.o
         0          0          0          0          0          0   entry7b.o
         0          0          0          0          0          0   entry8b.o
         8          4          0          0          0          0   entry9a.o
        30          0          0          0          0          0   handlers.o
        36          8          0          0          0         68   init.o
         0          0          0          0          0          0   iusefp.o
        30          0          0          0          0         68   llshl.o
        36          0          0          0          0         68   llsshr.o
        32          0          0          0          0         68   llushr.o
       188         20          0          0          0        160   malloc.o
        36          0          0          0          0         68   memcpya.o
        36          0          0          0          0        108   memseta.o
         0          0          0          8          0          0   mvars.o
       372         14          0          0          0        184   printf1.o
      2240         86          0          0          0        508   printfa.o
         0          0          0          4          0          0   stdout.o
        44          0          0          0          0         80   uidiv.o
        98          0          0          0          0         92   uldiv.o
        48          0          0          0          0         68   cdrcmple.o
       334          0          0          0          0        148   dadd.o
       222          0          0          0          0        100   ddiv.o
       186          0          0          0          0        176   depilogue.o
        48          0          0          0          0         68   dfixul.o
       228          0          0          0          0         96   dmul.o

    ----------------------------------------------------------------------
     18896        446          0         88       1304      78847   Library Totals
         4          0          0          0         33          0   (incl. Padding)

    ----------------------------------------------------------------------

      Code (inc. data)   RO Data    RW Data    ZI Data      Debug   Library Name

     14542        310          0         76       1271      76719   SDFAT.lib
      3284        136          0         12          0       1472   mc_w.l
      1066          0          0          0          0        656   mf_w.l

    ----------------------------------------------------------------------
     18896        446          0         88       1304      78847   Library Totals

    ----------------------------------------------------------------------

==============================================================================


      Code (inc. data)   RO Data    RW Data    ZI Data      Debug   

     66292       2156       9912        948      27940     824477   Grand Totals
     66292       2156       9912        296      27940     824477   ELF Image Totals (compressed)
     66292       2156       9912        296          0          0   ROM Totals

==============================================================================

    Total RO  Size (Code + RO Data)                76204 (  74.42kB)
    Total RW  Size (RW Data + ZI Data)             28888 (  28.21kB)
    Total ROM Size (Code + RO Data + RW Data)      76500 (  74.71kB)

==============================================================================

